[4.170s] Invoking command in '/home/Malvin/my_ros_bot/build/pump_controller': PS1=(robot_space) \[\e]0;\u@\h: \w\a\]${debian_chroot:+($debian_chroot)}\[\033[01;32m\]\u@\h\[\033[00m\]:\[\033[01;34m\]\w\[\033[00m\]\$ PYTHONPATH=/home/Malvin/my_ros_bot/build/pump_controller/prefix_override:/usr/lib/python3/dist-packages/colcon_core/task/python/colcon_distutils_commands:/home/Malvin/my_ros_bot/install/pump_controller/lib/python3.12/site-packages:${PYTHONPATH} VIRTUAL_ENV_PROMPT=(robot_space) /usr/bin/python3 -W ignore:setup.py install is deprecated -W ignore:easy_install command is deprecated setup.py develop --uninstall --editable --build-directory /home/Malvin/my_ros_bot/build/pump_controller/build
[6.506s] running develop
[7.567s] Removing /home/Malvin/my_ros_bot/install/pump_controller/lib/python3.12/site-packages/pump-controller.egg-link (link to .)
[7.722s] Invoked command in '/home/Malvin/my_ros_bot/build/pump_controller' returned '0': PS1=(robot_space) \[\e]0;\u@\h: \w\a\]${debian_chroot:+($debian_chroot)}\[\033[01;32m\]\u@\h\[\033[00m\]:\[\033[01;34m\]\w\[\033[00m\]\$ PYTHONPATH=/home/Malvin/my_ros_bot/build/pump_controller/prefix_override:/usr/lib/python3/dist-packages/colcon_core/task/python/colcon_distutils_commands:/home/Malvin/my_ros_bot/install/pump_controller/lib/python3.12/site-packages:${PYTHONPATH} VIRTUAL_ENV_PROMPT=(robot_space) /usr/bin/python3 -W ignore:setup.py install is deprecated -W ignore:easy_install command is deprecated setup.py develop --uninstall --editable --build-directory /home/Malvin/my_ros_bot/build/pump_controller/build
[7.728s] Invoking command in '/home/Malvin/my_ros_bot/src/pump_controller': PS1=(robot_space) \[\e]0;\u@\h: \w\a\]${debian_chroot:+($debian_chroot)}\[\033[01;32m\]\u@\h\[\033[00m\]:\[\033[01;34m\]\w\[\033[00m\]\$ PYTHONPATH=/home/Malvin/my_ros_bot/build/pump_controller/prefix_override:/usr/lib/python3/dist-packages/colcon_core/task/python/colcon_distutils_commands:/home/Malvin/my_ros_bot/install/pump_controller/lib/python3.12/site-packages:${PYTHONPATH} VIRTUAL_ENV_PROMPT=(robot_space) /usr/bin/python3 -W ignore:setup.py install is deprecated -W ignore:easy_install command is deprecated setup.py egg_info --egg-base ../../build/pump_controller build --build-base /home/Malvin/my_ros_bot/build/pump_controller/build install --record /home/Malvin/my_ros_bot/build/pump_controller/install.log --single-version-externally-managed install_data --force
[9.080s] running egg_info
[9.174s] writing ../../build/pump_controller/pump_controller.egg-info/PKG-INFO
[9.176s] writing dependency_links to ../../build/pump_controller/pump_controller.egg-info/dependency_links.txt
[9.178s] writing entry points to ../../build/pump_controller/pump_controller.egg-info/entry_points.txt
[9.181s] writing requirements to ../../build/pump_controller/pump_controller.egg-info/requires.txt
[9.183s] writing top-level names to ../../build/pump_controller/pump_controller.egg-info/top_level.txt
[9.357s] reading manifest file '../../build/pump_controller/pump_controller.egg-info/SOURCES.txt'
[9.361s] writing manifest file '../../build/pump_controller/pump_controller.egg-info/SOURCES.txt'
[9.361s] running build
[9.362s] running build_py
[9.363s] creating /home/Malvin/my_ros_bot/build/pump_controller/build
[9.364s] creating /home/Malvin/my_ros_bot/build/pump_controller/build/lib
[9.364s] creating /home/Malvin/my_ros_bot/build/pump_controller/build/lib/pump_controller
[9.365s] copying pump_controller/__init__.py -> /home/Malvin/my_ros_bot/build/pump_controller/build/lib/pump_controller
[9.365s] copying pump_controller/pump_controller_node.py -> /home/Malvin/my_ros_bot/build/pump_controller/build/lib/pump_controller
[9.366s] running install
[9.394s] running install_lib
[9.489s] creating /home/Malvin/my_ros_bot/install/pump_controller/lib/python3.12/site-packages/pump_controller
[9.490s] copying /home/Malvin/my_ros_bot/build/pump_controller/build/lib/pump_controller/__init__.py -> /home/Malvin/my_ros_bot/install/pump_controller/lib/python3.12/site-packages/pump_controller
[9.491s] copying /home/Malvin/my_ros_bot/build/pump_controller/build/lib/pump_controller/pump_controller_node.py -> /home/Malvin/my_ros_bot/install/pump_controller/lib/python3.12/site-packages/pump_controller
[9.494s] byte-compiling /home/Malvin/my_ros_bot/install/pump_controller/lib/python3.12/site-packages/pump_controller/__init__.py to __init__.cpython-312.pyc
[9.496s] byte-compiling /home/Malvin/my_ros_bot/install/pump_controller/lib/python3.12/site-packages/pump_controller/pump_controller_node.py to pump_controller_node.cpython-312.pyc
[9.499s] running install_data
[9.499s] copying resource/pump_controller -> /home/Malvin/my_ros_bot/install/pump_controller/share/ament_index/resource_index/packages
[9.500s] copying package.xml -> /home/Malvin/my_ros_bot/install/pump_controller/share/pump_controller
[9.501s] running install_egg_info
[9.601s] Copying ../../build/pump_controller/pump_controller.egg-info to /home/Malvin/my_ros_bot/install/pump_controller/lib/python3.12/site-packages/pump_controller-0.0.0-py3.12.egg-info
[9.608s] running install_scripts
[10.281s] Installing controller script to /home/Malvin/my_ros_bot/install/pump_controller/lib/pump_controller
[10.283s] writing list of installed files to '/home/Malvin/my_ros_bot/build/pump_controller/install.log'
[10.480s] Invoked command in '/home/Malvin/my_ros_bot/src/pump_controller' returned '0': PS1=(robot_space) \[\e]0;\u@\h: \w\a\]${debian_chroot:+($debian_chroot)}\[\033[01;32m\]\u@\h\[\033[00m\]:\[\033[01;34m\]\w\[\033[00m\]\$ PYTHONPATH=/home/Malvin/my_ros_bot/build/pump_controller/prefix_override:/usr/lib/python3/dist-packages/colcon_core/task/python/colcon_distutils_commands:/home/Malvin/my_ros_bot/install/pump_controller/lib/python3.12/site-packages:${PYTHONPATH} VIRTUAL_ENV_PROMPT=(robot_space) /usr/bin/python3 -W ignore:setup.py install is deprecated -W ignore:easy_install command is deprecated setup.py egg_info --egg-base ../../build/pump_controller build --build-base /home/Malvin/my_ros_bot/build/pump_controller/build install --record /home/Malvin/my_ros_bot/build/pump_controller/install.log --single-version-externally-managed install_data --force
