[0.463s] DEBUG:colcon:Command line arguments: ['/usr/bin/colcon', 'build', '--symlink-install']
[0.463s] DEBUG:colcon:Parsed command line arguments: Namespace(log_base=None, log_level=None, verb_name='build', build_base='build', install_base='install', merge_install=False, symlink_install=True, test_result_base=None, continue_on_error=False, executor='parallel', parallel_workers=4, event_handlers=None, ignore_user_meta=False, metas=['./colcon.meta'], base_paths=['.'], packages_ignore=None, packages_ignore_regex=None, paths=None, packages_up_to=None, packages_up_to_regex=None, packages_above=None, packages_above_and_dependencies=None, packages_above_depth=None, packages_select_by_dep=None, packages_skip_by_dep=None, packages_skip_up_to=None, packages_select_build_failed=False, packages_skip_build_finished=False, packages_select_test_failures=False, packages_skip_test_passed=False, packages_select=None, packages_skip=None, packages_select_regex=None, packages_skip_regex=None, packages_start=None, packages_end=None, allow_overriding=[], cmake_args=None, cmake_target=None, cmake_target_skip_unavailable=False, cmake_clean_cache=False, cmake_clean_first=False, cmake_force_configure=False, ament_cmake_args=None, catkin_cmake_args=None, catkin_skip_building_tests=False, mixin_files=None, mixin=None, verb_parser=<colcon_mixin.mixin.mixin_argument.MixinArgumentDecorator object at 0xffff9347c980>, verb_extension=<colcon_core.verb.build.BuildVerb object at 0xffff93631160>, main=<bound method BuildVerb.main of <colcon_core.verb.build.BuildVerb object at 0xffff93631160>>, mixin_verb=('build',))
[0.633s] Level 1:colcon.colcon_core.package_discovery:discover_packages(colcon_meta) check parameters
[0.634s] Level 1:colcon.colcon_core.package_discovery:discover_packages(recursive) check parameters
[0.634s] Level 1:colcon.colcon_core.package_discovery:discover_packages(ignore) check parameters
[0.634s] Level 1:colcon.colcon_core.package_discovery:discover_packages(path) check parameters
[0.634s] Level 1:colcon.colcon_core.package_discovery:discover_packages(colcon_meta) discover
[0.634s] Level 1:colcon.colcon_core.package_discovery:discover_packages(recursive) discover
[0.634s] INFO:colcon.colcon_core.package_discovery:Crawling recursively for packages in '/home/Malvin/my_ros_bot'
[0.635s] Level 1:colcon.colcon_core.package_identification:_identify(.) by extensions ['ignore', 'ignore_ament_install']
[0.635s] Level 1:colcon.colcon_core.package_identification:_identify(.) by extension 'ignore'
[0.635s] Level 1:colcon.colcon_core.package_identification:_identify(.) by extension 'ignore_ament_install'
[0.635s] Level 1:colcon.colcon_core.package_identification:_identify(.) by extensions ['colcon_pkg']
[0.636s] Level 1:colcon.colcon_core.package_identification:_identify(.) by extension 'colcon_pkg'
[0.636s] Level 1:colcon.colcon_core.package_identification:_identify(.) by extensions ['colcon_meta']
[0.636s] Level 1:colcon.colcon_core.package_identification:_identify(.) by extension 'colcon_meta'
[0.636s] Level 1:colcon.colcon_core.package_identification:_identify(.) by extensions ['ros']
[0.636s] Level 1:colcon.colcon_core.package_identification:_identify(.) by extension 'ros'
[0.743s] Level 1:colcon.colcon_core.package_identification:_identify(.) by extensions ['cmake', 'python']
[0.743s] Level 1:colcon.colcon_core.package_identification:_identify(.) by extension 'cmake'
[0.743s] Level 1:colcon.colcon_core.package_identification:_identify(.) by extension 'python'
[0.744s] Level 1:colcon.colcon_core.package_identification:_identify(.) by extensions ['python_setup_py']
[0.744s] Level 1:colcon.colcon_core.package_identification:_identify(.) by extension 'python_setup_py'
[0.744s] Level 1:colcon.colcon_core.package_identification:_identify(build) by extensions ['ignore', 'ignore_ament_install']
[0.745s] Level 1:colcon.colcon_core.package_identification:_identify(build) by extension 'ignore'
[0.745s] Level 1:colcon.colcon_core.package_identification:_identify(build) ignored
[0.746s] Level 1:colcon.colcon_core.package_identification:_identify(install) by extensions ['ignore', 'ignore_ament_install']
[0.746s] Level 1:colcon.colcon_core.package_identification:_identify(install) by extension 'ignore'
[0.746s] Level 1:colcon.colcon_core.package_identification:_identify(install) ignored
[0.746s] Level 1:colcon.colcon_core.package_identification:_identify(log) by extensions ['ignore', 'ignore_ament_install']
[0.747s] Level 1:colcon.colcon_core.package_identification:_identify(log) by extension 'ignore'
[0.747s] Level 1:colcon.colcon_core.package_identification:_identify(log) ignored
[0.747s] Level 1:colcon.colcon_core.package_identification:_identify(src) by extensions ['ignore', 'ignore_ament_install']
[0.748s] Level 1:colcon.colcon_core.package_identification:_identify(src) by extension 'ignore'
[0.748s] Level 1:colcon.colcon_core.package_identification:_identify(src) by extension 'ignore_ament_install'
[0.748s] Level 1:colcon.colcon_core.package_identification:_identify(src) by extensions ['colcon_pkg']
[0.748s] Level 1:colcon.colcon_core.package_identification:_identify(src) by extension 'colcon_pkg'
[0.748s] Level 1:colcon.colcon_core.package_identification:_identify(src) by extensions ['colcon_meta']
[0.748s] Level 1:colcon.colcon_core.package_identification:_identify(src) by extension 'colcon_meta'
[0.748s] Level 1:colcon.colcon_core.package_identification:_identify(src) by extensions ['ros']
[0.749s] Level 1:colcon.colcon_core.package_identification:_identify(src) by extension 'ros'
[0.749s] Level 1:colcon.colcon_core.package_identification:_identify(src) by extensions ['cmake', 'python']
[0.749s] Level 1:colcon.colcon_core.package_identification:_identify(src) by extension 'cmake'
[0.749s] Level 1:colcon.colcon_core.package_identification:_identify(src) by extension 'python'
[0.749s] Level 1:colcon.colcon_core.package_identification:_identify(src) by extensions ['python_setup_py']
[0.749s] Level 1:colcon.colcon_core.package_identification:_identify(src) by extension 'python_setup_py'
[0.750s] Level 1:colcon.colcon_core.package_identification:_identify(src/arduino_ros) by extensions ['ignore', 'ignore_ament_install']
[0.750s] Level 1:colcon.colcon_core.package_identification:_identify(src/arduino_ros) by extension 'ignore'
[0.750s] Level 1:colcon.colcon_core.package_identification:_identify(src/arduino_ros) by extension 'ignore_ament_install'
[0.751s] Level 1:colcon.colcon_core.package_identification:_identify(src/arduino_ros) by extensions ['colcon_pkg']
[0.751s] Level 1:colcon.colcon_core.package_identification:_identify(src/arduino_ros) by extension 'colcon_pkg'
[0.751s] Level 1:colcon.colcon_core.package_identification:_identify(src/arduino_ros) by extensions ['colcon_meta']
[0.751s] Level 1:colcon.colcon_core.package_identification:_identify(src/arduino_ros) by extension 'colcon_meta'
[0.751s] Level 1:colcon.colcon_core.package_identification:_identify(src/arduino_ros) by extensions ['ros']
[0.751s] Level 1:colcon.colcon_core.package_identification:_identify(src/arduino_ros) by extension 'ros'
[0.759s] DEBUG:colcon.colcon_core.package_identification:Package 'src/arduino_ros' with type 'ros.ament_python' and name 'arduino_ros'
[0.760s] Level 1:colcon.colcon_core.package_identification:_identify(src/bot_teleop) by extensions ['ignore', 'ignore_ament_install']
[0.760s] Level 1:colcon.colcon_core.package_identification:_identify(src/bot_teleop) by extension 'ignore'
[0.761s] Level 1:colcon.colcon_core.package_identification:_identify(src/bot_teleop) by extension 'ignore_ament_install'
[0.761s] Level 1:colcon.colcon_core.package_identification:_identify(src/bot_teleop) by extensions ['colcon_pkg']
[0.761s] Level 1:colcon.colcon_core.package_identification:_identify(src/bot_teleop) by extension 'colcon_pkg'
[0.761s] Level 1:colcon.colcon_core.package_identification:_identify(src/bot_teleop) by extensions ['colcon_meta']
[0.761s] Level 1:colcon.colcon_core.package_identification:_identify(src/bot_teleop) by extension 'colcon_meta'
[0.761s] Level 1:colcon.colcon_core.package_identification:_identify(src/bot_teleop) by extensions ['ros']
[0.761s] Level 1:colcon.colcon_core.package_identification:_identify(src/bot_teleop) by extension 'ros'
[0.763s] DEBUG:colcon.colcon_core.package_identification:Package 'src/bot_teleop' with type 'ros.ament_python' and name 'bot_teleop'
[0.764s] Level 1:colcon.colcon_core.package_identification:_identify(src/camera_server) by extensions ['ignore', 'ignore_ament_install']
[0.764s] Level 1:colcon.colcon_core.package_identification:_identify(src/camera_server) by extension 'ignore'
[0.764s] Level 1:colcon.colcon_core.package_identification:_identify(src/camera_server) ignored
[0.764s] Level 1:colcon.colcon_core.package_identification:_identify(src/move_base) by extensions ['ignore', 'ignore_ament_install']
[0.765s] Level 1:colcon.colcon_core.package_identification:_identify(src/move_base) by extension 'ignore'
[0.765s] Level 1:colcon.colcon_core.package_identification:_identify(src/move_base) by extension 'ignore_ament_install'
[0.765s] Level 1:colcon.colcon_core.package_identification:_identify(src/move_base) by extensions ['colcon_pkg']
[0.765s] Level 1:colcon.colcon_core.package_identification:_identify(src/move_base) by extension 'colcon_pkg'
[0.766s] Level 1:colcon.colcon_core.package_identification:_identify(src/move_base) by extensions ['colcon_meta']
[0.766s] Level 1:colcon.colcon_core.package_identification:_identify(src/move_base) by extension 'colcon_meta'
[0.766s] Level 1:colcon.colcon_core.package_identification:_identify(src/move_base) by extensions ['ros']
[0.766s] Level 1:colcon.colcon_core.package_identification:_identify(src/move_base) by extension 'ros'
[0.767s] DEBUG:colcon.colcon_core.package_identification:Package 'src/move_base' with type 'ros.ament_python' and name 'move_base'
[0.768s] Level 1:colcon.colcon_core.package_identification:_identify(src/onyx_bot) by extensions ['ignore', 'ignore_ament_install']
[0.768s] Level 1:colcon.colcon_core.package_identification:_identify(src/onyx_bot) by extension 'ignore'
[0.769s] Level 1:colcon.colcon_core.package_identification:_identify(src/onyx_bot) ignored
[0.769s] Level 1:colcon.colcon_core.package_identification:_identify(src/onyx_robot) by extensions ['ignore', 'ignore_ament_install']
[0.769s] Level 1:colcon.colcon_core.package_identification:_identify(src/onyx_robot) by extension 'ignore'
[0.769s] Level 1:colcon.colcon_core.package_identification:_identify(src/onyx_robot) by extension 'ignore_ament_install'
[0.770s] Level 1:colcon.colcon_core.package_identification:_identify(src/onyx_robot) by extensions ['colcon_pkg']
[0.770s] Level 1:colcon.colcon_core.package_identification:_identify(src/onyx_robot) by extension 'colcon_pkg'
[0.770s] Level 1:colcon.colcon_core.package_identification:_identify(src/onyx_robot) by extensions ['colcon_meta']
[0.770s] Level 1:colcon.colcon_core.package_identification:_identify(src/onyx_robot) by extension 'colcon_meta'
[0.770s] Level 1:colcon.colcon_core.package_identification:_identify(src/onyx_robot) by extensions ['ros']
[0.770s] Level 1:colcon.colcon_core.package_identification:_identify(src/onyx_robot) by extension 'ros'
[0.772s] DEBUG:colcon.colcon_core.package_identification:Package 'src/onyx_robot' with type 'ros.ament_python' and name 'onyx_robot'
[0.772s] Level 1:colcon.colcon_core.package_identification:_identify(src/ros_bot_imu) by extensions ['ignore', 'ignore_ament_install']
[0.773s] Level 1:colcon.colcon_core.package_identification:_identify(src/ros_bot_imu) by extension 'ignore'
[0.773s] Level 1:colcon.colcon_core.package_identification:_identify(src/ros_bot_imu) by extension 'ignore_ament_install'
[0.773s] Level 1:colcon.colcon_core.package_identification:_identify(src/ros_bot_imu) by extensions ['colcon_pkg']
[0.773s] Level 1:colcon.colcon_core.package_identification:_identify(src/ros_bot_imu) by extension 'colcon_pkg'
[0.773s] Level 1:colcon.colcon_core.package_identification:_identify(src/ros_bot_imu) by extensions ['colcon_meta']
[0.774s] Level 1:colcon.colcon_core.package_identification:_identify(src/ros_bot_imu) by extension 'colcon_meta'
[0.774s] Level 1:colcon.colcon_core.package_identification:_identify(src/ros_bot_imu) by extensions ['ros']
[0.774s] Level 1:colcon.colcon_core.package_identification:_identify(src/ros_bot_imu) by extension 'ros'
[0.776s] DEBUG:colcon.colcon_core.package_identification:Package 'src/ros_bot_imu' with type 'ros.ament_python' and name 'ros_bot_imu'
[0.776s] Level 1:colcon.colcon_core.package_discovery:discover_packages(recursive) using defaults
[0.776s] Level 1:colcon.colcon_core.package_discovery:discover_packages(ignore) discover
[0.776s] Level 1:colcon.colcon_core.package_discovery:discover_packages(ignore) using defaults
[0.777s] Level 1:colcon.colcon_core.package_discovery:discover_packages(path) discover
[0.777s] Level 1:colcon.colcon_core.package_discovery:discover_packages(path) using defaults
[0.851s] Level 1:colcon.colcon_core.package_discovery:discover_packages(prefix_path) check parameters
[0.851s] Level 1:colcon.colcon_core.package_discovery:discover_packages(prefix_path) discover
[0.860s] DEBUG:colcon.colcon_installed_package_information.package_discovery:Found 5 installed packages in /home/Malvin/my_ros_bot/install
[0.868s] DEBUG:colcon.colcon_installed_package_information.package_discovery:Found 205 installed packages in /opt/ros/jazzy
[0.870s] Level 1:colcon.colcon_core.package_discovery:discover_packages(prefix_path) using defaults
[1.009s] Level 5:colcon.colcon_core.verb:set package 'arduino_ros' build argument 'cmake_args' from command line to 'None'
[1.010s] Level 5:colcon.colcon_core.verb:set package 'arduino_ros' build argument 'cmake_target' from command line to 'None'
[1.010s] Level 5:colcon.colcon_core.verb:set package 'arduino_ros' build argument 'cmake_target_skip_unavailable' from command line to 'False'
[1.010s] Level 5:colcon.colcon_core.verb:set package 'arduino_ros' build argument 'cmake_clean_cache' from command line to 'False'
[1.010s] Level 5:colcon.colcon_core.verb:set package 'arduino_ros' build argument 'cmake_clean_first' from command line to 'False'
[1.010s] Level 5:colcon.colcon_core.verb:set package 'arduino_ros' build argument 'cmake_force_configure' from command line to 'False'
[1.010s] Level 5:colcon.colcon_core.verb:set package 'arduino_ros' build argument 'ament_cmake_args' from command line to 'None'
[1.010s] Level 5:colcon.colcon_core.verb:set package 'arduino_ros' build argument 'catkin_cmake_args' from command line to 'None'
[1.010s] Level 5:colcon.colcon_core.verb:set package 'arduino_ros' build argument 'catkin_skip_building_tests' from command line to 'False'
[1.010s] DEBUG:colcon.colcon_core.verb:Building package 'arduino_ros' with the following arguments: {'ament_cmake_args': None, 'build_base': '/home/Malvin/my_ros_bot/build/arduino_ros', 'catkin_cmake_args': None, 'catkin_skip_building_tests': False, 'cmake_args': None, 'cmake_clean_cache': False, 'cmake_clean_first': False, 'cmake_force_configure': False, 'cmake_target': None, 'cmake_target_skip_unavailable': False, 'install_base': '/home/Malvin/my_ros_bot/install/arduino_ros', 'merge_install': False, 'path': '/home/Malvin/my_ros_bot/src/arduino_ros', 'symlink_install': True, 'test_result_base': None}
[1.012s] Level 5:colcon.colcon_core.verb:set package 'bot_teleop' build argument 'cmake_args' from command line to 'None'
[1.012s] Level 5:colcon.colcon_core.verb:set package 'bot_teleop' build argument 'cmake_target' from command line to 'None'
[1.012s] Level 5:colcon.colcon_core.verb:set package 'bot_teleop' build argument 'cmake_target_skip_unavailable' from command line to 'False'
[1.012s] Level 5:colcon.colcon_core.verb:set package 'bot_teleop' build argument 'cmake_clean_cache' from command line to 'False'
[1.012s] Level 5:colcon.colcon_core.verb:set package 'bot_teleop' build argument 'cmake_clean_first' from command line to 'False'
[1.012s] Level 5:colcon.colcon_core.verb:set package 'bot_teleop' build argument 'cmake_force_configure' from command line to 'False'
[1.012s] Level 5:colcon.colcon_core.verb:set package 'bot_teleop' build argument 'ament_cmake_args' from command line to 'None'
[1.012s] Level 5:colcon.colcon_core.verb:set package 'bot_teleop' build argument 'catkin_cmake_args' from command line to 'None'
[1.012s] Level 5:colcon.colcon_core.verb:set package 'bot_teleop' build argument 'catkin_skip_building_tests' from command line to 'False'
[1.013s] DEBUG:colcon.colcon_core.verb:Building package 'bot_teleop' with the following arguments: {'ament_cmake_args': None, 'build_base': '/home/Malvin/my_ros_bot/build/bot_teleop', 'catkin_cmake_args': None, 'catkin_skip_building_tests': False, 'cmake_args': None, 'cmake_clean_cache': False, 'cmake_clean_first': False, 'cmake_force_configure': False, 'cmake_target': None, 'cmake_target_skip_unavailable': False, 'install_base': '/home/Malvin/my_ros_bot/install/bot_teleop', 'merge_install': False, 'path': '/home/Malvin/my_ros_bot/src/bot_teleop', 'symlink_install': True, 'test_result_base': None}
[1.014s] Level 5:colcon.colcon_core.verb:set package 'move_base' build argument 'cmake_args' from command line to 'None'
[1.014s] Level 5:colcon.colcon_core.verb:set package 'move_base' build argument 'cmake_target' from command line to 'None'
[1.014s] Level 5:colcon.colcon_core.verb:set package 'move_base' build argument 'cmake_target_skip_unavailable' from command line to 'False'
[1.014s] Level 5:colcon.colcon_core.verb:set package 'move_base' build argument 'cmake_clean_cache' from command line to 'False'
[1.014s] Level 5:colcon.colcon_core.verb:set package 'move_base' build argument 'cmake_clean_first' from command line to 'False'
[1.014s] Level 5:colcon.colcon_core.verb:set package 'move_base' build argument 'cmake_force_configure' from command line to 'False'
[1.014s] Level 5:colcon.colcon_core.verb:set package 'move_base' build argument 'ament_cmake_args' from command line to 'None'
[1.014s] Level 5:colcon.colcon_core.verb:set package 'move_base' build argument 'catkin_cmake_args' from command line to 'None'
[1.014s] Level 5:colcon.colcon_core.verb:set package 'move_base' build argument 'catkin_skip_building_tests' from command line to 'False'
[1.015s] DEBUG:colcon.colcon_core.verb:Building package 'move_base' with the following arguments: {'ament_cmake_args': None, 'build_base': '/home/Malvin/my_ros_bot/build/move_base', 'catkin_cmake_args': None, 'catkin_skip_building_tests': False, 'cmake_args': None, 'cmake_clean_cache': False, 'cmake_clean_first': False, 'cmake_force_configure': False, 'cmake_target': None, 'cmake_target_skip_unavailable': False, 'install_base': '/home/Malvin/my_ros_bot/install/move_base', 'merge_install': False, 'path': '/home/Malvin/my_ros_bot/src/move_base', 'symlink_install': True, 'test_result_base': None}
[1.016s] Level 5:colcon.colcon_core.verb:set package 'onyx_robot' build argument 'cmake_args' from command line to 'None'
[1.016s] Level 5:colcon.colcon_core.verb:set package 'onyx_robot' build argument 'cmake_target' from command line to 'None'
[1.016s] Level 5:colcon.colcon_core.verb:set package 'onyx_robot' build argument 'cmake_target_skip_unavailable' from command line to 'False'
[1.016s] Level 5:colcon.colcon_core.verb:set package 'onyx_robot' build argument 'cmake_clean_cache' from command line to 'False'
[1.016s] Level 5:colcon.colcon_core.verb:set package 'onyx_robot' build argument 'cmake_clean_first' from command line to 'False'
[1.016s] Level 5:colcon.colcon_core.verb:set package 'onyx_robot' build argument 'cmake_force_configure' from command line to 'False'
[1.016s] Level 5:colcon.colcon_core.verb:set package 'onyx_robot' build argument 'ament_cmake_args' from command line to 'None'
[1.016s] Level 5:colcon.colcon_core.verb:set package 'onyx_robot' build argument 'catkin_cmake_args' from command line to 'None'
[1.016s] Level 5:colcon.colcon_core.verb:set package 'onyx_robot' build argument 'catkin_skip_building_tests' from command line to 'False'
[1.016s] DEBUG:colcon.colcon_core.verb:Building package 'onyx_robot' with the following arguments: {'ament_cmake_args': None, 'build_base': '/home/Malvin/my_ros_bot/build/onyx_robot', 'catkin_cmake_args': None, 'catkin_skip_building_tests': False, 'cmake_args': None, 'cmake_clean_cache': False, 'cmake_clean_first': False, 'cmake_force_configure': False, 'cmake_target': None, 'cmake_target_skip_unavailable': False, 'install_base': '/home/Malvin/my_ros_bot/install/onyx_robot', 'merge_install': False, 'path': '/home/Malvin/my_ros_bot/src/onyx_robot', 'symlink_install': True, 'test_result_base': None}
[1.018s] Level 5:colcon.colcon_core.verb:set package 'ros_bot_imu' build argument 'cmake_args' from command line to 'None'
[1.018s] Level 5:colcon.colcon_core.verb:set package 'ros_bot_imu' build argument 'cmake_target' from command line to 'None'
[1.018s] Level 5:colcon.colcon_core.verb:set package 'ros_bot_imu' build argument 'cmake_target_skip_unavailable' from command line to 'False'
[1.018s] Level 5:colcon.colcon_core.verb:set package 'ros_bot_imu' build argument 'cmake_clean_cache' from command line to 'False'
[1.018s] Level 5:colcon.colcon_core.verb:set package 'ros_bot_imu' build argument 'cmake_clean_first' from command line to 'False'
[1.018s] Level 5:colcon.colcon_core.verb:set package 'ros_bot_imu' build argument 'cmake_force_configure' from command line to 'False'
[1.018s] Level 5:colcon.colcon_core.verb:set package 'ros_bot_imu' build argument 'ament_cmake_args' from command line to 'None'
[1.018s] Level 5:colcon.colcon_core.verb:set package 'ros_bot_imu' build argument 'catkin_cmake_args' from command line to 'None'
[1.018s] Level 5:colcon.colcon_core.verb:set package 'ros_bot_imu' build argument 'catkin_skip_building_tests' from command line to 'False'
[1.018s] DEBUG:colcon.colcon_core.verb:Building package 'ros_bot_imu' with the following arguments: {'ament_cmake_args': None, 'build_base': '/home/Malvin/my_ros_bot/build/ros_bot_imu', 'catkin_cmake_args': None, 'catkin_skip_building_tests': False, 'cmake_args': None, 'cmake_clean_cache': False, 'cmake_clean_first': False, 'cmake_force_configure': False, 'cmake_target': None, 'cmake_target_skip_unavailable': False, 'install_base': '/home/Malvin/my_ros_bot/install/ros_bot_imu', 'merge_install': False, 'path': '/home/Malvin/my_ros_bot/src/ros_bot_imu', 'symlink_install': True, 'test_result_base': None}
[1.019s] INFO:colcon.colcon_core.executor:Executing jobs using 'parallel' executor
[1.022s] DEBUG:colcon.colcon_parallel_executor.executor.parallel:run_until_complete
[1.023s] INFO:colcon.colcon_ros.task.ament_python.build:Building ROS package in '/home/Malvin/my_ros_bot/src/arduino_ros' with build type 'ament_python'
[1.024s] Level 1:colcon.colcon_core.shell:create_environment_hook('arduino_ros', 'ament_prefix_path')
[1.032s] INFO:colcon.colcon_core.plugin_system:Skipping extension 'colcon_core.shell.bat': Not used on non-Windows systems
[1.033s] INFO:colcon.colcon_core.shell:Creating environment hook '/home/Malvin/my_ros_bot/install/arduino_ros/share/arduino_ros/hook/ament_prefix_path.ps1'
[1.036s] INFO:colcon.colcon_core.shell:Creating environment descriptor '/home/Malvin/my_ros_bot/install/arduino_ros/share/arduino_ros/hook/ament_prefix_path.dsv'
[1.038s] INFO:colcon.colcon_core.shell:Creating environment hook '/home/Malvin/my_ros_bot/install/arduino_ros/share/arduino_ros/hook/ament_prefix_path.sh'
[1.041s] INFO:colcon.colcon_core.shell:Skip shell extension 'powershell' for command environment: Not usable outside of PowerShell
[1.041s] DEBUG:colcon.colcon_core.shell:Skip shell extension 'dsv' for command environment
[1.059s] INFO:colcon.colcon_ros.task.ament_python.build:Building ROS package in '/home/Malvin/my_ros_bot/src/bot_teleop' with build type 'ament_python'
[1.059s] Level 1:colcon.colcon_core.shell:create_environment_hook('bot_teleop', 'ament_prefix_path')
[1.060s] INFO:colcon.colcon_core.shell:Creating environment hook '/home/Malvin/my_ros_bot/install/bot_teleop/share/bot_teleop/hook/ament_prefix_path.ps1'
[1.062s] INFO:colcon.colcon_core.shell:Creating environment descriptor '/home/Malvin/my_ros_bot/install/bot_teleop/share/bot_teleop/hook/ament_prefix_path.dsv'
[1.064s] INFO:colcon.colcon_core.shell:Creating environment hook '/home/Malvin/my_ros_bot/install/bot_teleop/share/bot_teleop/hook/ament_prefix_path.sh'
[1.067s] INFO:colcon.colcon_core.shell:Skip shell extension 'powershell' for command environment: Not usable outside of PowerShell
[1.067s] DEBUG:colcon.colcon_core.shell:Skip shell extension 'dsv' for command environment
[1.084s] INFO:colcon.colcon_ros.task.ament_python.build:Building ROS package in '/home/Malvin/my_ros_bot/src/move_base' with build type 'ament_python'
[1.084s] Level 1:colcon.colcon_core.shell:create_environment_hook('move_base', 'ament_prefix_path')
[1.085s] INFO:colcon.colcon_core.shell:Creating environment hook '/home/Malvin/my_ros_bot/install/move_base/share/move_base/hook/ament_prefix_path.ps1'
[1.089s] INFO:colcon.colcon_core.shell:Creating environment descriptor '/home/Malvin/my_ros_bot/install/move_base/share/move_base/hook/ament_prefix_path.dsv'
[1.091s] INFO:colcon.colcon_core.shell:Creating environment hook '/home/Malvin/my_ros_bot/install/move_base/share/move_base/hook/ament_prefix_path.sh'
[1.093s] INFO:colcon.colcon_core.shell:Skip shell extension 'powershell' for command environment: Not usable outside of PowerShell
[1.093s] DEBUG:colcon.colcon_core.shell:Skip shell extension 'dsv' for command environment
[1.109s] INFO:colcon.colcon_ros.task.ament_python.build:Building ROS package in '/home/Malvin/my_ros_bot/src/onyx_robot' with build type 'ament_python'
[1.110s] Level 1:colcon.colcon_core.shell:create_environment_hook('onyx_robot', 'ament_prefix_path')
[1.111s] INFO:colcon.colcon_core.shell:Creating environment hook '/home/Malvin/my_ros_bot/install/onyx_robot/share/onyx_robot/hook/ament_prefix_path.ps1'
[1.113s] INFO:colcon.colcon_core.shell:Creating environment descriptor '/home/Malvin/my_ros_bot/install/onyx_robot/share/onyx_robot/hook/ament_prefix_path.dsv'
[1.115s] INFO:colcon.colcon_core.shell:Creating environment hook '/home/Malvin/my_ros_bot/install/onyx_robot/share/onyx_robot/hook/ament_prefix_path.sh'
[1.117s] INFO:colcon.colcon_core.shell:Skip shell extension 'powershell' for command environment: Not usable outside of PowerShell
[1.118s] DEBUG:colcon.colcon_core.shell:Skip shell extension 'dsv' for command environment
[2.059s] INFO:colcon.colcon_core.task.python.build:Building Python package in '/home/Malvin/my_ros_bot/src/arduino_ros'
[2.060s] INFO:colcon.colcon_core.shell:Skip shell extension 'powershell' for command environment: Not usable outside of PowerShell
[2.060s] DEBUG:colcon.colcon_core.shell:Skip shell extension 'dsv' for command environment
[2.983s] INFO:colcon.colcon_core.task.python.build:Building Python package in '/home/Malvin/my_ros_bot/src/bot_teleop'
[2.983s] INFO:colcon.colcon_core.shell:Skip shell extension 'powershell' for command environment: Not usable outside of PowerShell
[2.984s] DEBUG:colcon.colcon_core.shell:Skip shell extension 'dsv' for command environment
[3.900s] INFO:colcon.colcon_core.task.python.build:Building Python package in '/home/Malvin/my_ros_bot/src/move_base'
[3.900s] INFO:colcon.colcon_core.shell:Skip shell extension 'powershell' for command environment: Not usable outside of PowerShell
[3.901s] DEBUG:colcon.colcon_core.shell:Skip shell extension 'dsv' for command environment
[4.836s] INFO:colcon.colcon_core.task.python.build:Building Python package in '/home/Malvin/my_ros_bot/src/onyx_robot'
[4.836s] INFO:colcon.colcon_core.shell:Skip shell extension 'powershell' for command environment: Not usable outside of PowerShell
[4.837s] DEBUG:colcon.colcon_core.shell:Skip shell extension 'dsv' for command environment
[8.674s] DEBUG:colcon.colcon_core.event_handler.log_command:Invoking command in '/home/Malvin/my_ros_bot/build/onyx_robot': PS1=(robot_space) \[\e]0;\u@\h: \w\a\]${debian_chroot:+($debian_chroot)}\[\033[01;32m\]\u@\h\[\033[00m\]:\[\033[01;34m\]\w\[\033[00m\]\$ PYTHONPATH=/home/Malvin/my_ros_bot/build/onyx_robot/prefix_override:/usr/lib/python3/dist-packages/colcon_core/task/python/colcon_distutils_commands:/home/Malvin/my_ros_bot/install/onyx_robot/lib/python3.12/site-packages:${PYTHONPATH} VIRTUAL_ENV_PROMPT=(robot_space) /usr/bin/python3 -W ignore:setup.py install is deprecated -W ignore:easy_install command is deprecated setup.py develop --editable --build-directory /home/Malvin/my_ros_bot/build/onyx_robot/build --no-deps symlink_data
[8.705s] DEBUG:colcon.colcon_core.event_handler.log_command:Invoking command in '/home/Malvin/my_ros_bot/build/move_base': PS1=(robot_space) \[\e]0;\u@\h: \w\a\]${debian_chroot:+($debian_chroot)}\[\033[01;32m\]\u@\h\[\033[00m\]:\[\033[01;34m\]\w\[\033[00m\]\$ PYTHONPATH=/home/Malvin/my_ros_bot/build/move_base/prefix_override:/usr/lib/python3/dist-packages/colcon_core/task/python/colcon_distutils_commands:/home/Malvin/my_ros_bot/install/move_base/lib/python3.12/site-packages:${PYTHONPATH} VIRTUAL_ENV_PROMPT=(robot_space) /usr/bin/python3 -W ignore:setup.py install is deprecated -W ignore:easy_install command is deprecated setup.py develop --editable --build-directory /home/Malvin/my_ros_bot/build/move_base/build --no-deps symlink_data
[8.734s] DEBUG:colcon.colcon_core.event_handler.log_command:Invoking command in '/home/Malvin/my_ros_bot/build/arduino_ros': PS1=(robot_space) \[\e]0;\u@\h: \w\a\]${debian_chroot:+($debian_chroot)}\[\033[01;32m\]\u@\h\[\033[00m\]:\[\033[01;34m\]\w\[\033[00m\]\$ PYTHONPATH=/home/Malvin/my_ros_bot/build/arduino_ros/prefix_override:/usr/lib/python3/dist-packages/colcon_core/task/python/colcon_distutils_commands:/home/Malvin/my_ros_bot/install/arduino_ros/lib/python3.12/site-packages:${PYTHONPATH} VIRTUAL_ENV_PROMPT=(robot_space) /usr/bin/python3 -W ignore:setup.py install is deprecated -W ignore:easy_install command is deprecated setup.py develop --editable --build-directory /home/Malvin/my_ros_bot/build/arduino_ros/build --no-deps symlink_data
[8.827s] DEBUG:colcon.colcon_core.event_handler.log_command:Invoking command in '/home/Malvin/my_ros_bot/build/bot_teleop': PS1=(robot_space) \[\e]0;\u@\h: \w\a\]${debian_chroot:+($debian_chroot)}\[\033[01;32m\]\u@\h\[\033[00m\]:\[\033[01;34m\]\w\[\033[00m\]\$ PYTHONPATH=/home/Malvin/my_ros_bot/build/bot_teleop/prefix_override:/usr/lib/python3/dist-packages/colcon_core/task/python/colcon_distutils_commands:/home/Malvin/my_ros_bot/install/bot_teleop/lib/python3.12/site-packages:${PYTHONPATH} VIRTUAL_ENV_PROMPT=(robot_space) /usr/bin/python3 -W ignore:setup.py install is deprecated -W ignore:easy_install command is deprecated setup.py develop --editable --build-directory /home/Malvin/my_ros_bot/build/bot_teleop/build --no-deps symlink_data
[12.831s] Level 1:colcon.colcon_core.shell:create_environment_hook('onyx_robot', 'pythonpath_develop')
[12.833s] INFO:colcon.colcon_core.shell:Creating environment hook '/home/Malvin/my_ros_bot/build/onyx_robot/share/onyx_robot/hook/pythonpath_develop.ps1'
[12.835s] DEBUG:colcon.colcon_core.event_handler.log_command:Invoked command in '/home/Malvin/my_ros_bot/build/onyx_robot' returned '0': PS1=(robot_space) \[\e]0;\u@\h: \w\a\]${debian_chroot:+($debian_chroot)}\[\033[01;32m\]\u@\h\[\033[00m\]:\[\033[01;34m\]\w\[\033[00m\]\$ PYTHONPATH=/home/Malvin/my_ros_bot/build/onyx_robot/prefix_override:/usr/lib/python3/dist-packages/colcon_core/task/python/colcon_distutils_commands:/home/Malvin/my_ros_bot/install/onyx_robot/lib/python3.12/site-packages:${PYTHONPATH} VIRTUAL_ENV_PROMPT=(robot_space) /usr/bin/python3 -W ignore:setup.py install is deprecated -W ignore:easy_install command is deprecated setup.py develop --editable --build-directory /home/Malvin/my_ros_bot/build/onyx_robot/build --no-deps symlink_data
[12.841s] INFO:colcon.colcon_core.shell:Creating environment descriptor '/home/Malvin/my_ros_bot/build/onyx_robot/share/onyx_robot/hook/pythonpath_develop.dsv'
[12.844s] INFO:colcon.colcon_core.shell:Creating environment hook '/home/Malvin/my_ros_bot/build/onyx_robot/share/onyx_robot/hook/pythonpath_develop.sh'
[12.877s] Level 1:colcon.colcon_core.environment:checking '/home/Malvin/my_ros_bot/install/onyx_robot' for CMake module files
[12.882s] Level 1:colcon.colcon_core.environment:checking '/home/Malvin/my_ros_bot/install/onyx_robot' for CMake config files
[12.889s] Level 1:colcon.colcon_core.environment:checking '/home/Malvin/my_ros_bot/install/onyx_robot/lib'
[12.891s] Level 1:colcon.colcon_core.environment:checking '/home/Malvin/my_ros_bot/install/onyx_robot/bin'
[12.892s] Level 1:colcon.colcon_core.environment:checking '/home/Malvin/my_ros_bot/install/onyx_robot/lib/pkgconfig/onyx_robot.pc'
[12.894s] Level 1:colcon.colcon_core.environment:checking '/home/Malvin/my_ros_bot/install/onyx_robot/lib/python3.12/site-packages'
[12.894s] Level 1:colcon.colcon_core.shell:create_environment_hook('onyx_robot', 'pythonpath')
[12.896s] INFO:colcon.colcon_core.shell:Creating environment hook '/home/Malvin/my_ros_bot/install/onyx_robot/share/onyx_robot/hook/pythonpath.ps1'
[12.899s] INFO:colcon.colcon_core.shell:Creating environment descriptor '/home/Malvin/my_ros_bot/install/onyx_robot/share/onyx_robot/hook/pythonpath.dsv'
[12.902s] INFO:colcon.colcon_core.shell:Creating environment hook '/home/Malvin/my_ros_bot/install/onyx_robot/share/onyx_robot/hook/pythonpath.sh'
[12.910s] Level 1:colcon.colcon_core.environment:checking '/home/Malvin/my_ros_bot/install/onyx_robot/bin'
[12.911s] Level 1:colcon.colcon_core.environment:create_environment_scripts_only(onyx_robot)
[12.913s] INFO:colcon.colcon_core.shell:Creating package script '/home/Malvin/my_ros_bot/install/onyx_robot/share/onyx_robot/package.ps1'
[12.919s] INFO:colcon.colcon_core.shell:Creating package descriptor '/home/Malvin/my_ros_bot/install/onyx_robot/share/onyx_robot/package.dsv'
[12.923s] INFO:colcon.colcon_core.shell:Creating package script '/home/Malvin/my_ros_bot/install/onyx_robot/share/onyx_robot/package.sh'
[12.927s] INFO:colcon.colcon_core.shell:Creating package script '/home/Malvin/my_ros_bot/install/onyx_robot/share/onyx_robot/package.bash'
[12.931s] INFO:colcon.colcon_core.shell:Creating package script '/home/Malvin/my_ros_bot/install/onyx_robot/share/onyx_robot/package.zsh'
[12.934s] Level 1:colcon.colcon_core.environment:create_file_with_runtime_dependencies(/home/Malvin/my_ros_bot/install/onyx_robot/share/colcon-core/packages/onyx_robot)
[12.940s] INFO:colcon.colcon_ros.task.ament_python.build:Building ROS package in '/home/Malvin/my_ros_bot/src/ros_bot_imu' with build type 'ament_python'
[12.941s] Level 1:colcon.colcon_core.shell:create_environment_hook('ros_bot_imu', 'ament_prefix_path')
[12.943s] INFO:colcon.colcon_core.shell:Creating environment hook '/home/Malvin/my_ros_bot/install/ros_bot_imu/share/ros_bot_imu/hook/ament_prefix_path.ps1'
[12.951s] INFO:colcon.colcon_core.shell:Creating environment descriptor '/home/Malvin/my_ros_bot/install/ros_bot_imu/share/ros_bot_imu/hook/ament_prefix_path.dsv'
[12.964s] INFO:colcon.colcon_core.shell:Creating environment hook '/home/Malvin/my_ros_bot/install/ros_bot_imu/share/ros_bot_imu/hook/ament_prefix_path.sh'
[12.969s] INFO:colcon.colcon_core.shell:Skip shell extension 'powershell' for command environment: Not usable outside of PowerShell
[12.970s] DEBUG:colcon.colcon_core.shell:Skip shell extension 'dsv' for command environment
[12.999s] Level 1:colcon.colcon_core.shell:create_environment_hook('move_base', 'pythonpath_develop')
[13.001s] INFO:colcon.colcon_core.shell:Creating environment hook '/home/Malvin/my_ros_bot/build/move_base/share/move_base/hook/pythonpath_develop.ps1'
[13.003s] DEBUG:colcon.colcon_core.event_handler.log_command:Invoked command in '/home/Malvin/my_ros_bot/build/move_base' returned '0': PS1=(robot_space) \[\e]0;\u@\h: \w\a\]${debian_chroot:+($debian_chroot)}\[\033[01;32m\]\u@\h\[\033[00m\]:\[\033[01;34m\]\w\[\033[00m\]\$ PYTHONPATH=/home/Malvin/my_ros_bot/build/move_base/prefix_override:/usr/lib/python3/dist-packages/colcon_core/task/python/colcon_distutils_commands:/home/Malvin/my_ros_bot/install/move_base/lib/python3.12/site-packages:${PYTHONPATH} VIRTUAL_ENV_PROMPT=(robot_space) /usr/bin/python3 -W ignore:setup.py install is deprecated -W ignore:easy_install command is deprecated setup.py develop --editable --build-directory /home/Malvin/my_ros_bot/build/move_base/build --no-deps symlink_data
[13.008s] INFO:colcon.colcon_core.shell:Creating environment descriptor '/home/Malvin/my_ros_bot/build/move_base/share/move_base/hook/pythonpath_develop.dsv'
[13.011s] INFO:colcon.colcon_core.shell:Creating environment hook '/home/Malvin/my_ros_bot/build/move_base/share/move_base/hook/pythonpath_develop.sh'
[13.016s] Level 1:colcon.colcon_core.environment:checking '/home/Malvin/my_ros_bot/install/move_base' for CMake module files
[13.020s] Level 1:colcon.colcon_core.environment:checking '/home/Malvin/my_ros_bot/install/move_base' for CMake config files
[13.024s] Level 1:colcon.colcon_core.environment:checking '/home/Malvin/my_ros_bot/install/move_base/lib'
[13.025s] Level 1:colcon.colcon_core.environment:checking '/home/Malvin/my_ros_bot/install/move_base/bin'
[13.025s] Level 1:colcon.colcon_core.environment:checking '/home/Malvin/my_ros_bot/install/move_base/lib/pkgconfig/move_base.pc'
[13.027s] Level 1:colcon.colcon_core.environment:checking '/home/Malvin/my_ros_bot/install/move_base/lib/python3.12/site-packages'
[13.027s] Level 1:colcon.colcon_core.shell:create_environment_hook('move_base', 'pythonpath')
[13.028s] INFO:colcon.colcon_core.shell:Creating environment hook '/home/Malvin/my_ros_bot/install/move_base/share/move_base/hook/pythonpath.ps1'
[13.031s] INFO:colcon.colcon_core.shell:Creating environment descriptor '/home/Malvin/my_ros_bot/install/move_base/share/move_base/hook/pythonpath.dsv'
[13.033s] INFO:colcon.colcon_core.shell:Creating environment hook '/home/Malvin/my_ros_bot/install/move_base/share/move_base/hook/pythonpath.sh'
[13.038s] Level 1:colcon.colcon_core.environment:checking '/home/Malvin/my_ros_bot/install/move_base/bin'
[13.039s] Level 1:colcon.colcon_core.environment:create_environment_scripts_only(move_base)
[13.041s] INFO:colcon.colcon_core.shell:Creating package script '/home/Malvin/my_ros_bot/install/move_base/share/move_base/package.ps1'
[13.046s] INFO:colcon.colcon_core.shell:Creating package descriptor '/home/Malvin/my_ros_bot/install/move_base/share/move_base/package.dsv'
[13.052s] INFO:colcon.colcon_core.shell:Creating package script '/home/Malvin/my_ros_bot/install/move_base/share/move_base/package.sh'
[13.056s] INFO:colcon.colcon_core.shell:Creating package script '/home/Malvin/my_ros_bot/install/move_base/share/move_base/package.bash'
[13.059s] INFO:colcon.colcon_core.shell:Creating package script '/home/Malvin/my_ros_bot/install/move_base/share/move_base/package.zsh'
[13.063s] Level 1:colcon.colcon_core.environment:create_file_with_runtime_dependencies(/home/Malvin/my_ros_bot/install/move_base/share/colcon-core/packages/move_base)
[13.069s] Level 1:colcon.colcon_core.shell:create_environment_hook('arduino_ros', 'pythonpath_develop')
[13.071s] INFO:colcon.colcon_core.shell:Creating environment hook '/home/Malvin/my_ros_bot/build/arduino_ros/share/arduino_ros/hook/pythonpath_develop.ps1'
[13.076s] DEBUG:colcon.colcon_core.event_handler.log_command:Invoked command in '/home/Malvin/my_ros_bot/build/arduino_ros' returned '0': PS1=(robot_space) \[\e]0;\u@\h: \w\a\]${debian_chroot:+($debian_chroot)}\[\033[01;32m\]\u@\h\[\033[00m\]:\[\033[01;34m\]\w\[\033[00m\]\$ PYTHONPATH=/home/Malvin/my_ros_bot/build/arduino_ros/prefix_override:/usr/lib/python3/dist-packages/colcon_core/task/python/colcon_distutils_commands:/home/Malvin/my_ros_bot/install/arduino_ros/lib/python3.12/site-packages:${PYTHONPATH} VIRTUAL_ENV_PROMPT=(robot_space) /usr/bin/python3 -W ignore:setup.py install is deprecated -W ignore:easy_install command is deprecated setup.py develop --editable --build-directory /home/Malvin/my_ros_bot/build/arduino_ros/build --no-deps symlink_data
[13.078s] INFO:colcon.colcon_core.shell:Creating environment descriptor '/home/Malvin/my_ros_bot/build/arduino_ros/share/arduino_ros/hook/pythonpath_develop.dsv'
[13.081s] INFO:colcon.colcon_core.shell:Creating environment hook '/home/Malvin/my_ros_bot/build/arduino_ros/share/arduino_ros/hook/pythonpath_develop.sh'
[13.085s] Level 1:colcon.colcon_core.environment:checking '/home/Malvin/my_ros_bot/install/arduino_ros' for CMake module files
[13.088s] Level 1:colcon.colcon_core.environment:checking '/home/Malvin/my_ros_bot/install/arduino_ros' for CMake config files
[13.092s] Level 1:colcon.colcon_core.environment:checking '/home/Malvin/my_ros_bot/install/arduino_ros/lib'
[13.093s] Level 1:colcon.colcon_core.environment:checking '/home/Malvin/my_ros_bot/install/arduino_ros/bin'
[13.093s] Level 1:colcon.colcon_core.environment:checking '/home/Malvin/my_ros_bot/install/arduino_ros/lib/pkgconfig/arduino_ros.pc'
[13.095s] Level 1:colcon.colcon_core.environment:checking '/home/Malvin/my_ros_bot/install/arduino_ros/lib/python3.12/site-packages'
[13.095s] Level 1:colcon.colcon_core.shell:create_environment_hook('arduino_ros', 'pythonpath')
[13.096s] INFO:colcon.colcon_core.shell:Creating environment hook '/home/Malvin/my_ros_bot/install/arduino_ros/share/arduino_ros/hook/pythonpath.ps1'
[13.099s] INFO:colcon.colcon_core.shell:Creating environment descriptor '/home/Malvin/my_ros_bot/install/arduino_ros/share/arduino_ros/hook/pythonpath.dsv'
[13.101s] INFO:colcon.colcon_core.shell:Creating environment hook '/home/Malvin/my_ros_bot/install/arduino_ros/share/arduino_ros/hook/pythonpath.sh'
[13.106s] Level 1:colcon.colcon_core.environment:checking '/home/Malvin/my_ros_bot/install/arduino_ros/bin'
[13.107s] Level 1:colcon.colcon_core.environment:create_environment_scripts_only(arduino_ros)
[13.109s] INFO:colcon.colcon_core.shell:Creating package script '/home/Malvin/my_ros_bot/install/arduino_ros/share/arduino_ros/package.ps1'
[13.113s] INFO:colcon.colcon_core.shell:Creating package descriptor '/home/Malvin/my_ros_bot/install/arduino_ros/share/arduino_ros/package.dsv'
[13.117s] INFO:colcon.colcon_core.shell:Creating package script '/home/Malvin/my_ros_bot/install/arduino_ros/share/arduino_ros/package.sh'
[13.121s] INFO:colcon.colcon_core.shell:Creating package script '/home/Malvin/my_ros_bot/install/arduino_ros/share/arduino_ros/package.bash'
[13.123s] INFO:colcon.colcon_core.shell:Creating package script '/home/Malvin/my_ros_bot/install/arduino_ros/share/arduino_ros/package.zsh'
[13.125s] Level 1:colcon.colcon_core.environment:create_file_with_runtime_dependencies(/home/Malvin/my_ros_bot/install/arduino_ros/share/colcon-core/packages/arduino_ros)
[14.031s] INFO:colcon.colcon_core.task.python.build:Building Python package in '/home/Malvin/my_ros_bot/src/ros_bot_imu'
[14.032s] INFO:colcon.colcon_core.shell:Skip shell extension 'powershell' for command environment: Not usable outside of PowerShell
[14.032s] DEBUG:colcon.colcon_core.shell:Skip shell extension 'dsv' for command environment
[14.049s] Level 1:colcon.colcon_core.shell:create_environment_hook('bot_teleop', 'pythonpath_develop')
[14.051s] INFO:colcon.colcon_core.shell:Creating environment hook '/home/Malvin/my_ros_bot/build/bot_teleop/share/bot_teleop/hook/pythonpath_develop.ps1'
[14.052s] DEBUG:colcon.colcon_core.event_handler.log_command:Invoked command in '/home/Malvin/my_ros_bot/build/bot_teleop' returned '0': PS1=(robot_space) \[\e]0;\u@\h: \w\a\]${debian_chroot:+($debian_chroot)}\[\033[01;32m\]\u@\h\[\033[00m\]:\[\033[01;34m\]\w\[\033[00m\]\$ PYTHONPATH=/home/Malvin/my_ros_bot/build/bot_teleop/prefix_override:/usr/lib/python3/dist-packages/colcon_core/task/python/colcon_distutils_commands:/home/Malvin/my_ros_bot/install/bot_teleop/lib/python3.12/site-packages:${PYTHONPATH} VIRTUAL_ENV_PROMPT=(robot_space) /usr/bin/python3 -W ignore:setup.py install is deprecated -W ignore:easy_install command is deprecated setup.py develop --editable --build-directory /home/Malvin/my_ros_bot/build/bot_teleop/build --no-deps symlink_data
[14.054s] INFO:colcon.colcon_core.shell:Creating environment descriptor '/home/Malvin/my_ros_bot/build/bot_teleop/share/bot_teleop/hook/pythonpath_develop.dsv'
[14.057s] INFO:colcon.colcon_core.shell:Creating environment hook '/home/Malvin/my_ros_bot/build/bot_teleop/share/bot_teleop/hook/pythonpath_develop.sh'
[14.059s] Level 1:colcon.colcon_core.environment:checking '/home/Malvin/my_ros_bot/install/bot_teleop' for CMake module files
[14.062s] Level 1:colcon.colcon_core.environment:checking '/home/Malvin/my_ros_bot/install/bot_teleop' for CMake config files
[14.065s] Level 1:colcon.colcon_core.environment:checking '/home/Malvin/my_ros_bot/install/bot_teleop/lib'
[14.065s] Level 1:colcon.colcon_core.environment:checking '/home/Malvin/my_ros_bot/install/bot_teleop/bin'
[14.065s] Level 1:colcon.colcon_core.environment:checking '/home/Malvin/my_ros_bot/install/bot_teleop/lib/pkgconfig/bot_teleop.pc'
[14.066s] Level 1:colcon.colcon_core.environment:checking '/home/Malvin/my_ros_bot/install/bot_teleop/lib/python3.12/site-packages'
[14.067s] Level 1:colcon.colcon_core.shell:create_environment_hook('bot_teleop', 'pythonpath')
[14.068s] INFO:colcon.colcon_core.shell:Creating environment hook '/home/Malvin/my_ros_bot/install/bot_teleop/share/bot_teleop/hook/pythonpath.ps1'
[14.069s] INFO:colcon.colcon_core.shell:Creating environment descriptor '/home/Malvin/my_ros_bot/install/bot_teleop/share/bot_teleop/hook/pythonpath.dsv'
[14.071s] INFO:colcon.colcon_core.shell:Creating environment hook '/home/Malvin/my_ros_bot/install/bot_teleop/share/bot_teleop/hook/pythonpath.sh'
[14.074s] Level 1:colcon.colcon_core.environment:checking '/home/Malvin/my_ros_bot/install/bot_teleop/bin'
[14.075s] Level 1:colcon.colcon_core.environment:create_environment_scripts_only(bot_teleop)
[14.076s] INFO:colcon.colcon_core.shell:Creating package script '/home/Malvin/my_ros_bot/install/bot_teleop/share/bot_teleop/package.ps1'
[14.078s] INFO:colcon.colcon_core.shell:Creating package descriptor '/home/Malvin/my_ros_bot/install/bot_teleop/share/bot_teleop/package.dsv'
[14.080s] INFO:colcon.colcon_core.shell:Creating package script '/home/Malvin/my_ros_bot/install/bot_teleop/share/bot_teleop/package.sh'
[14.082s] INFO:colcon.colcon_core.shell:Creating package script '/home/Malvin/my_ros_bot/install/bot_teleop/share/bot_teleop/package.bash'
[14.084s] INFO:colcon.colcon_core.shell:Creating package script '/home/Malvin/my_ros_bot/install/bot_teleop/share/bot_teleop/package.zsh'
[14.085s] Level 1:colcon.colcon_core.environment:create_file_with_runtime_dependencies(/home/Malvin/my_ros_bot/install/bot_teleop/share/colcon-core/packages/bot_teleop)
[16.502s] DEBUG:colcon.colcon_core.event_handler.log_command:Invoking command in '/home/Malvin/my_ros_bot/build/ros_bot_imu': PS1=(robot_space) \[\e]0;\u@\h: \w\a\]${debian_chroot:+($debian_chroot)}\[\033[01;32m\]\u@\h\[\033[00m\]:\[\033[01;34m\]\w\[\033[00m\]\$ PYTHONPATH=/home/Malvin/my_ros_bot/build/ros_bot_imu/prefix_override:/usr/lib/python3/dist-packages/colcon_core/task/python/colcon_distutils_commands:/home/Malvin/my_ros_bot/install/ros_bot_imu/lib/python3.12/site-packages:${PYTHONPATH} VIRTUAL_ENV_PROMPT=(robot_space) /usr/bin/python3 -W ignore:setup.py install is deprecated -W ignore:easy_install command is deprecated setup.py develop --editable --build-directory /home/Malvin/my_ros_bot/build/ros_bot_imu/build --no-deps symlink_data
[19.180s] Level 1:colcon.colcon_core.shell:create_environment_hook('ros_bot_imu', 'pythonpath_develop')
[19.181s] DEBUG:colcon.colcon_core.event_handler.log_command:Invoked command in '/home/Malvin/my_ros_bot/build/ros_bot_imu' returned '0': PS1=(robot_space) \[\e]0;\u@\h: \w\a\]${debian_chroot:+($debian_chroot)}\[\033[01;32m\]\u@\h\[\033[00m\]:\[\033[01;34m\]\w\[\033[00m\]\$ PYTHONPATH=/home/Malvin/my_ros_bot/build/ros_bot_imu/prefix_override:/usr/lib/python3/dist-packages/colcon_core/task/python/colcon_distutils_commands:/home/Malvin/my_ros_bot/install/ros_bot_imu/lib/python3.12/site-packages:${PYTHONPATH} VIRTUAL_ENV_PROMPT=(robot_space) /usr/bin/python3 -W ignore:setup.py install is deprecated -W ignore:easy_install command is deprecated setup.py develop --editable --build-directory /home/Malvin/my_ros_bot/build/ros_bot_imu/build --no-deps symlink_data
[19.182s] INFO:colcon.colcon_core.shell:Creating environment hook '/home/Malvin/my_ros_bot/build/ros_bot_imu/share/ros_bot_imu/hook/pythonpath_develop.ps1'
[19.184s] INFO:colcon.colcon_core.shell:Creating environment descriptor '/home/Malvin/my_ros_bot/build/ros_bot_imu/share/ros_bot_imu/hook/pythonpath_develop.dsv'
[19.186s] INFO:colcon.colcon_core.shell:Creating environment hook '/home/Malvin/my_ros_bot/build/ros_bot_imu/share/ros_bot_imu/hook/pythonpath_develop.sh'
[19.188s] Level 1:colcon.colcon_core.environment:checking '/home/Malvin/my_ros_bot/install/ros_bot_imu' for CMake module files
[19.191s] Level 1:colcon.colcon_core.environment:checking '/home/Malvin/my_ros_bot/install/ros_bot_imu' for CMake config files
[19.194s] Level 1:colcon.colcon_core.environment:checking '/home/Malvin/my_ros_bot/install/ros_bot_imu/lib'
[19.194s] Level 1:colcon.colcon_core.environment:checking '/home/Malvin/my_ros_bot/install/ros_bot_imu/bin'
[19.194s] Level 1:colcon.colcon_core.environment:checking '/home/Malvin/my_ros_bot/install/ros_bot_imu/lib/pkgconfig/ros_bot_imu.pc'
[19.195s] Level 1:colcon.colcon_core.environment:checking '/home/Malvin/my_ros_bot/install/ros_bot_imu/lib/python3.12/site-packages'
[19.196s] Level 1:colcon.colcon_core.shell:create_environment_hook('ros_bot_imu', 'pythonpath')
[19.196s] INFO:colcon.colcon_core.shell:Creating environment hook '/home/Malvin/my_ros_bot/install/ros_bot_imu/share/ros_bot_imu/hook/pythonpath.ps1'
[19.198s] INFO:colcon.colcon_core.shell:Creating environment descriptor '/home/Malvin/my_ros_bot/install/ros_bot_imu/share/ros_bot_imu/hook/pythonpath.dsv'
[19.200s] INFO:colcon.colcon_core.shell:Creating environment hook '/home/Malvin/my_ros_bot/install/ros_bot_imu/share/ros_bot_imu/hook/pythonpath.sh'
[19.203s] Level 1:colcon.colcon_core.environment:checking '/home/Malvin/my_ros_bot/install/ros_bot_imu/bin'
[19.203s] Level 1:colcon.colcon_core.environment:create_environment_scripts_only(ros_bot_imu)
[19.204s] INFO:colcon.colcon_core.shell:Creating package script '/home/Malvin/my_ros_bot/install/ros_bot_imu/share/ros_bot_imu/package.ps1'
[19.207s] INFO:colcon.colcon_core.shell:Creating package descriptor '/home/Malvin/my_ros_bot/install/ros_bot_imu/share/ros_bot_imu/package.dsv'
[19.209s] INFO:colcon.colcon_core.shell:Creating package script '/home/Malvin/my_ros_bot/install/ros_bot_imu/share/ros_bot_imu/package.sh'
[19.211s] INFO:colcon.colcon_core.shell:Creating package script '/home/Malvin/my_ros_bot/install/ros_bot_imu/share/ros_bot_imu/package.bash'
[19.212s] INFO:colcon.colcon_core.shell:Creating package script '/home/Malvin/my_ros_bot/install/ros_bot_imu/share/ros_bot_imu/package.zsh'
[19.214s] Level 1:colcon.colcon_core.environment:create_file_with_runtime_dependencies(/home/Malvin/my_ros_bot/install/ros_bot_imu/share/colcon-core/packages/ros_bot_imu)
[19.215s] DEBUG:colcon.colcon_parallel_executor.executor.parallel:closing loop
[19.216s] DEBUG:colcon.colcon_parallel_executor.executor.parallel:loop closed
[19.216s] DEBUG:colcon.colcon_parallel_executor.executor.parallel:run_until_complete finished with '0'
[19.217s] DEBUG:colcon.colcon_core.event_reactor:joining thread
[19.218s] DEBUG:colcon.colcon_core.event_reactor:joined thread
[19.219s] INFO:colcon.colcon_core.shell:Creating prefix script '/home/Malvin/my_ros_bot/install/local_setup.ps1'
[19.223s] INFO:colcon.colcon_core.shell:Creating prefix util module '/home/Malvin/my_ros_bot/install/_local_setup_util_ps1.py'
[19.228s] INFO:colcon.colcon_core.shell:Creating prefix chain script '/home/Malvin/my_ros_bot/install/setup.ps1'
[19.234s] INFO:colcon.colcon_core.shell:Creating prefix script '/home/Malvin/my_ros_bot/install/local_setup.sh'
[19.237s] INFO:colcon.colcon_core.shell:Creating prefix util module '/home/Malvin/my_ros_bot/install/_local_setup_util_sh.py'
[19.239s] INFO:colcon.colcon_core.shell:Creating prefix chain script '/home/Malvin/my_ros_bot/install/setup.sh'
[19.244s] INFO:colcon.colcon_core.shell:Creating prefix script '/home/Malvin/my_ros_bot/install/local_setup.bash'
[19.246s] INFO:colcon.colcon_core.shell:Creating prefix chain script '/home/Malvin/my_ros_bot/install/setup.bash'
[19.251s] INFO:colcon.colcon_core.shell:Creating prefix script '/home/Malvin/my_ros_bot/install/local_setup.zsh'
[19.253s] INFO:colcon.colcon_core.shell:Creating prefix chain script '/home/Malvin/my_ros_bot/install/setup.zsh'
