[1.472s] DEBUG:colcon:Command line arguments: ['/usr/bin/colcon', 'build', '--symlink-install']
[1.472s] DEBUG:colcon:Parsed command line arguments: Namespace(log_base=None, log_level=None, verb_name='build', build_base='build', install_base='install', merge_install=False, symlink_install=True, test_result_base=None, continue_on_error=False, executor='parallel', parallel_workers=4, event_handlers=None, ignore_user_meta=False, metas=['./colcon.meta'], base_paths=['.'], packages_ignore=None, packages_ignore_regex=None, paths=None, packages_up_to=None, packages_up_to_regex=None, packages_above=None, packages_above_and_dependencies=None, packages_above_depth=None, packages_select_by_dep=None, packages_skip_by_dep=None, packages_skip_up_to=None, packages_select_build_failed=False, packages_skip_build_finished=False, packages_select_test_failures=False, packages_skip_test_passed=False, packages_select=None, packages_skip=None, packages_select_regex=None, packages_skip_regex=None, packages_start=None, packages_end=None, allow_overriding=[], cmake_args=None, cmake_target=None, cmake_target_skip_unavailable=False, cmake_clean_cache=False, cmake_clean_first=False, cmake_force_configure=False, ament_cmake_args=None, catkin_cmake_args=None, catkin_skip_building_tests=False, mixin_files=None, mixin=None, verb_parser=<colcon_mixin.mixin.mixin_argument.MixinArgumentDecorator object at 0xffffa7f21310>, verb_extension=<colcon_core.verb.build.BuildVerb object at 0xffffa80d1c10>, main=<bound method BuildVerb.main of <colcon_core.verb.build.BuildVerb object at 0xffffa80d1c10>>, mixin_verb=('build',))
[1.804s] Level 1:colcon.colcon_core.package_discovery:discover_packages(colcon_meta) check parameters
[1.805s] Level 1:colcon.colcon_core.package_discovery:discover_packages(recursive) check parameters
[1.805s] Level 1:colcon.colcon_core.package_discovery:discover_packages(ignore) check parameters
[1.805s] Level 1:colcon.colcon_core.package_discovery:discover_packages(path) check parameters
[1.805s] Level 1:colcon.colcon_core.package_discovery:discover_packages(colcon_meta) discover
[1.805s] Level 1:colcon.colcon_core.package_discovery:discover_packages(recursive) discover
[1.805s] INFO:colcon.colcon_core.package_discovery:Crawling recursively for packages in '/home/Malvin/my_ros_bot'
[1.806s] Level 1:colcon.colcon_core.package_identification:_identify(.) by extensions ['ignore', 'ignore_ament_install']
[1.806s] Level 1:colcon.colcon_core.package_identification:_identify(.) by extension 'ignore'
[1.807s] Level 1:colcon.colcon_core.package_identification:_identify(.) by extension 'ignore_ament_install'
[1.807s] Level 1:colcon.colcon_core.package_identification:_identify(.) by extensions ['colcon_pkg']
[1.807s] Level 1:colcon.colcon_core.package_identification:_identify(.) by extension 'colcon_pkg'
[1.807s] Level 1:colcon.colcon_core.package_identification:_identify(.) by extensions ['colcon_meta']
[1.807s] Level 1:colcon.colcon_core.package_identification:_identify(.) by extension 'colcon_meta'
[1.808s] Level 1:colcon.colcon_core.package_identification:_identify(.) by extensions ['ros']
[1.808s] Level 1:colcon.colcon_core.package_identification:_identify(.) by extension 'ros'
[2.186s] Level 1:colcon.colcon_core.package_identification:_identify(.) by extensions ['cmake', 'python']
[2.186s] Level 1:colcon.colcon_core.package_identification:_identify(.) by extension 'cmake'
[2.187s] Level 1:colcon.colcon_core.package_identification:_identify(.) by extension 'python'
[2.187s] Level 1:colcon.colcon_core.package_identification:_identify(.) by extensions ['python_setup_py']
[2.188s] Level 1:colcon.colcon_core.package_identification:_identify(.) by extension 'python_setup_py'
[2.189s] Level 1:colcon.colcon_core.package_identification:_identify(build) by extensions ['ignore', 'ignore_ament_install']
[2.190s] Level 1:colcon.colcon_core.package_identification:_identify(build) by extension 'ignore'
[2.190s] Level 1:colcon.colcon_core.package_identification:_identify(build) ignored
[2.192s] Level 1:colcon.colcon_core.package_identification:_identify(install) by extensions ['ignore', 'ignore_ament_install']
[2.193s] Level 1:colcon.colcon_core.package_identification:_identify(install) by extension 'ignore'
[2.193s] Level 1:colcon.colcon_core.package_identification:_identify(install) ignored
[2.195s] Level 1:colcon.colcon_core.package_identification:_identify(log) by extensions ['ignore', 'ignore_ament_install']
[2.195s] Level 1:colcon.colcon_core.package_identification:_identify(log) by extension 'ignore'
[2.196s] Level 1:colcon.colcon_core.package_identification:_identify(log) ignored
[2.197s] Level 1:colcon.colcon_core.package_identification:_identify(src) by extensions ['ignore', 'ignore_ament_install']
[2.198s] Level 1:colcon.colcon_core.package_identification:_identify(src) by extension 'ignore'
[2.198s] Level 1:colcon.colcon_core.package_identification:_identify(src) by extension 'ignore_ament_install'
[2.199s] Level 1:colcon.colcon_core.package_identification:_identify(src) by extensions ['colcon_pkg']
[2.200s] Level 1:colcon.colcon_core.package_identification:_identify(src) by extension 'colcon_pkg'
[2.200s] Level 1:colcon.colcon_core.package_identification:_identify(src) by extensions ['colcon_meta']
[2.201s] Level 1:colcon.colcon_core.package_identification:_identify(src) by extension 'colcon_meta'
[2.201s] Level 1:colcon.colcon_core.package_identification:_identify(src) by extensions ['ros']
[2.202s] Level 1:colcon.colcon_core.package_identification:_identify(src) by extension 'ros'
[2.203s] Level 1:colcon.colcon_core.package_identification:_identify(src) by extensions ['cmake', 'python']
[2.203s] Level 1:colcon.colcon_core.package_identification:_identify(src) by extension 'cmake'
[2.204s] Level 1:colcon.colcon_core.package_identification:_identify(src) by extension 'python'
[2.204s] Level 1:colcon.colcon_core.package_identification:_identify(src) by extensions ['python_setup_py']
[2.204s] Level 1:colcon.colcon_core.package_identification:_identify(src) by extension 'python_setup_py'
[2.206s] Level 1:colcon.colcon_core.package_identification:_identify(src/arduino_ros) by extensions ['ignore', 'ignore_ament_install']
[2.207s] Level 1:colcon.colcon_core.package_identification:_identify(src/arduino_ros) by extension 'ignore'
[2.208s] Level 1:colcon.colcon_core.package_identification:_identify(src/arduino_ros) by extension 'ignore_ament_install'
[2.208s] Level 1:colcon.colcon_core.package_identification:_identify(src/arduino_ros) by extensions ['colcon_pkg']
[2.209s] Level 1:colcon.colcon_core.package_identification:_identify(src/arduino_ros) by extension 'colcon_pkg'
[2.209s] Level 1:colcon.colcon_core.package_identification:_identify(src/arduino_ros) by extensions ['colcon_meta']
[2.210s] Level 1:colcon.colcon_core.package_identification:_identify(src/arduino_ros) by extension 'colcon_meta'
[2.210s] Level 1:colcon.colcon_core.package_identification:_identify(src/arduino_ros) by extensions ['ros']
[2.211s] Level 1:colcon.colcon_core.package_identification:_identify(src/arduino_ros) by extension 'ros'
[2.280s] DEBUG:colcon.colcon_core.package_identification:Package 'src/arduino_ros' with type 'ros.ament_python' and name 'arduino_ros'
[2.281s] Level 1:colcon.colcon_core.package_identification:_identify(src/bot_teleop) by extensions ['ignore', 'ignore_ament_install']
[2.282s] Level 1:colcon.colcon_core.package_identification:_identify(src/bot_teleop) by extension 'ignore'
[2.283s] Level 1:colcon.colcon_core.package_identification:_identify(src/bot_teleop) by extension 'ignore_ament_install'
[2.284s] Level 1:colcon.colcon_core.package_identification:_identify(src/bot_teleop) by extensions ['colcon_pkg']
[2.284s] Level 1:colcon.colcon_core.package_identification:_identify(src/bot_teleop) by extension 'colcon_pkg'
[2.285s] Level 1:colcon.colcon_core.package_identification:_identify(src/bot_teleop) by extensions ['colcon_meta']
[2.285s] Level 1:colcon.colcon_core.package_identification:_identify(src/bot_teleop) by extension 'colcon_meta'
[2.286s] Level 1:colcon.colcon_core.package_identification:_identify(src/bot_teleop) by extensions ['ros']
[2.286s] Level 1:colcon.colcon_core.package_identification:_identify(src/bot_teleop) by extension 'ros'
[2.291s] DEBUG:colcon.colcon_core.package_identification:Package 'src/bot_teleop' with type 'ros.ament_python' and name 'bot_teleop'
[2.294s] Level 1:colcon.colcon_core.package_identification:_identify(src/camera_server) by extensions ['ignore', 'ignore_ament_install']
[2.295s] Level 1:colcon.colcon_core.package_identification:_identify(src/camera_server) by extension 'ignore'
[2.295s] Level 1:colcon.colcon_core.package_identification:_identify(src/camera_server) ignored
[2.297s] Level 1:colcon.colcon_core.package_identification:_identify(src/move_base) by extensions ['ignore', 'ignore_ament_install']
[2.298s] Level 1:colcon.colcon_core.package_identification:_identify(src/move_base) by extension 'ignore'
[2.298s] Level 1:colcon.colcon_core.package_identification:_identify(src/move_base) by extension 'ignore_ament_install'
[2.299s] Level 1:colcon.colcon_core.package_identification:_identify(src/move_base) by extensions ['colcon_pkg']
[2.300s] Level 1:colcon.colcon_core.package_identification:_identify(src/move_base) by extension 'colcon_pkg'
[2.300s] Level 1:colcon.colcon_core.package_identification:_identify(src/move_base) by extensions ['colcon_meta']
[2.301s] Level 1:colcon.colcon_core.package_identification:_identify(src/move_base) by extension 'colcon_meta'
[2.301s] Level 1:colcon.colcon_core.package_identification:_identify(src/move_base) by extensions ['ros']
[2.302s] Level 1:colcon.colcon_core.package_identification:_identify(src/move_base) by extension 'ros'
[2.308s] DEBUG:colcon.colcon_core.package_identification:Package 'src/move_base' with type 'ros.ament_python' and name 'move_base'
[2.310s] Level 1:colcon.colcon_core.package_identification:_identify(src/onyx_bot) by extensions ['ignore', 'ignore_ament_install']
[2.311s] Level 1:colcon.colcon_core.package_identification:_identify(src/onyx_bot) by extension 'ignore'
[2.312s] Level 1:colcon.colcon_core.package_identification:_identify(src/onyx_bot) ignored
[2.313s] Level 1:colcon.colcon_core.package_identification:_identify(src/onyx_robot) by extensions ['ignore', 'ignore_ament_install']
[2.314s] Level 1:colcon.colcon_core.package_identification:_identify(src/onyx_robot) by extension 'ignore'
[2.314s] Level 1:colcon.colcon_core.package_identification:_identify(src/onyx_robot) by extension 'ignore_ament_install'
[2.315s] Level 1:colcon.colcon_core.package_identification:_identify(src/onyx_robot) by extensions ['colcon_pkg']
[2.315s] Level 1:colcon.colcon_core.package_identification:_identify(src/onyx_robot) by extension 'colcon_pkg'
[2.316s] Level 1:colcon.colcon_core.package_identification:_identify(src/onyx_robot) by extensions ['colcon_meta']
[2.316s] Level 1:colcon.colcon_core.package_identification:_identify(src/onyx_robot) by extension 'colcon_meta'
[2.317s] Level 1:colcon.colcon_core.package_identification:_identify(src/onyx_robot) by extensions ['ros']
[2.317s] Level 1:colcon.colcon_core.package_identification:_identify(src/onyx_robot) by extension 'ros'
[2.322s] DEBUG:colcon.colcon_core.package_identification:Package 'src/onyx_robot' with type 'ros.ament_python' and name 'onyx_robot'
[2.323s] Level 1:colcon.colcon_core.package_identification:_identify(src/pump_controller) by extensions ['ignore', 'ignore_ament_install']
[2.324s] Level 1:colcon.colcon_core.package_identification:_identify(src/pump_controller) by extension 'ignore'
[2.325s] Level 1:colcon.colcon_core.package_identification:_identify(src/pump_controller) by extension 'ignore_ament_install'
[2.326s] Level 1:colcon.colcon_core.package_identification:_identify(src/pump_controller) by extensions ['colcon_pkg']
[2.326s] Level 1:colcon.colcon_core.package_identification:_identify(src/pump_controller) by extension 'colcon_pkg'
[2.327s] Level 1:colcon.colcon_core.package_identification:_identify(src/pump_controller) by extensions ['colcon_meta']
[2.327s] Level 1:colcon.colcon_core.package_identification:_identify(src/pump_controller) by extension 'colcon_meta'
[2.328s] Level 1:colcon.colcon_core.package_identification:_identify(src/pump_controller) by extensions ['ros']
[2.328s] Level 1:colcon.colcon_core.package_identification:_identify(src/pump_controller) by extension 'ros'
[2.336s] DEBUG:colcon.colcon_core.package_identification:Package 'src/pump_controller' with type 'ros.ament_python' and name 'pump_controller'
[2.338s] Level 1:colcon.colcon_core.package_identification:_identify(src/ros_bot_imu) by extensions ['ignore', 'ignore_ament_install']
[2.339s] Level 1:colcon.colcon_core.package_identification:_identify(src/ros_bot_imu) by extension 'ignore'
[2.339s] Level 1:colcon.colcon_core.package_identification:_identify(src/ros_bot_imu) by extension 'ignore_ament_install'
[2.340s] Level 1:colcon.colcon_core.package_identification:_identify(src/ros_bot_imu) by extensions ['colcon_pkg']
[2.341s] Level 1:colcon.colcon_core.package_identification:_identify(src/ros_bot_imu) by extension 'colcon_pkg'
[2.341s] Level 1:colcon.colcon_core.package_identification:_identify(src/ros_bot_imu) by extensions ['colcon_meta']
[2.342s] Level 1:colcon.colcon_core.package_identification:_identify(src/ros_bot_imu) by extension 'colcon_meta'
[2.342s] Level 1:colcon.colcon_core.package_identification:_identify(src/ros_bot_imu) by extensions ['ros']
[2.342s] Level 1:colcon.colcon_core.package_identification:_identify(src/ros_bot_imu) by extension 'ros'
[2.348s] DEBUG:colcon.colcon_core.package_identification:Package 'src/ros_bot_imu' with type 'ros.ament_python' and name 'ros_bot_imu'
[2.348s] Level 1:colcon.colcon_core.package_discovery:discover_packages(recursive) using defaults
[2.349s] Level 1:colcon.colcon_core.package_discovery:discover_packages(ignore) discover
[2.349s] Level 1:colcon.colcon_core.package_discovery:discover_packages(ignore) using defaults
[2.349s] Level 1:colcon.colcon_core.package_discovery:discover_packages(path) discover
[2.349s] Level 1:colcon.colcon_core.package_discovery:discover_packages(path) using defaults
[2.652s] Level 1:colcon.colcon_core.package_discovery:discover_packages(prefix_path) check parameters
[2.652s] Level 1:colcon.colcon_core.package_discovery:discover_packages(prefix_path) discover
[2.671s] DEBUG:colcon.colcon_installed_package_information.package_discovery:Found 7 installed packages in /home/Malvin/my_ros_bot/install
[2.681s] DEBUG:colcon.colcon_installed_package_information.package_discovery:Found 205 installed packages in /opt/ros/jazzy
[2.684s] Level 1:colcon.colcon_core.package_discovery:discover_packages(prefix_path) using defaults
[2.948s] Level 5:colcon.colcon_core.verb:set package 'arduino_ros' build argument 'cmake_args' from command line to 'None'
[2.948s] Level 5:colcon.colcon_core.verb:set package 'arduino_ros' build argument 'cmake_target' from command line to 'None'
[2.949s] Level 5:colcon.colcon_core.verb:set package 'arduino_ros' build argument 'cmake_target_skip_unavailable' from command line to 'False'
[2.949s] Level 5:colcon.colcon_core.verb:set package 'arduino_ros' build argument 'cmake_clean_cache' from command line to 'False'
[2.949s] Level 5:colcon.colcon_core.verb:set package 'arduino_ros' build argument 'cmake_clean_first' from command line to 'False'
[2.950s] Level 5:colcon.colcon_core.verb:set package 'arduino_ros' build argument 'cmake_force_configure' from command line to 'False'
[2.950s] Level 5:colcon.colcon_core.verb:set package 'arduino_ros' build argument 'ament_cmake_args' from command line to 'None'
[2.950s] Level 5:colcon.colcon_core.verb:set package 'arduino_ros' build argument 'catkin_cmake_args' from command line to 'None'
[2.950s] Level 5:colcon.colcon_core.verb:set package 'arduino_ros' build argument 'catkin_skip_building_tests' from command line to 'False'
[2.951s] DEBUG:colcon.colcon_core.verb:Building package 'arduino_ros' with the following arguments: {'ament_cmake_args': None, 'build_base': '/home/Malvin/my_ros_bot/build/arduino_ros', 'catkin_cmake_args': None, 'catkin_skip_building_tests': False, 'cmake_args': None, 'cmake_clean_cache': False, 'cmake_clean_first': False, 'cmake_force_configure': False, 'cmake_target': None, 'cmake_target_skip_unavailable': False, 'install_base': '/home/Malvin/my_ros_bot/install/arduino_ros', 'merge_install': False, 'path': '/home/Malvin/my_ros_bot/src/arduino_ros', 'symlink_install': True, 'test_result_base': None}
[2.954s] Level 5:colcon.colcon_core.verb:set package 'bot_teleop' build argument 'cmake_args' from command line to 'None'
[2.955s] Level 5:colcon.colcon_core.verb:set package 'bot_teleop' build argument 'cmake_target' from command line to 'None'
[2.955s] Level 5:colcon.colcon_core.verb:set package 'bot_teleop' build argument 'cmake_target_skip_unavailable' from command line to 'False'
[2.955s] Level 5:colcon.colcon_core.verb:set package 'bot_teleop' build argument 'cmake_clean_cache' from command line to 'False'
[2.956s] Level 5:colcon.colcon_core.verb:set package 'bot_teleop' build argument 'cmake_clean_first' from command line to 'False'
[2.956s] Level 5:colcon.colcon_core.verb:set package 'bot_teleop' build argument 'cmake_force_configure' from command line to 'False'
[2.956s] Level 5:colcon.colcon_core.verb:set package 'bot_teleop' build argument 'ament_cmake_args' from command line to 'None'
[2.956s] Level 5:colcon.colcon_core.verb:set package 'bot_teleop' build argument 'catkin_cmake_args' from command line to 'None'
[2.957s] Level 5:colcon.colcon_core.verb:set package 'bot_teleop' build argument 'catkin_skip_building_tests' from command line to 'False'
[2.957s] DEBUG:colcon.colcon_core.verb:Building package 'bot_teleop' with the following arguments: {'ament_cmake_args': None, 'build_base': '/home/Malvin/my_ros_bot/build/bot_teleop', 'catkin_cmake_args': None, 'catkin_skip_building_tests': False, 'cmake_args': None, 'cmake_clean_cache': False, 'cmake_clean_first': False, 'cmake_force_configure': False, 'cmake_target': None, 'cmake_target_skip_unavailable': False, 'install_base': '/home/Malvin/my_ros_bot/install/bot_teleop', 'merge_install': False, 'path': '/home/Malvin/my_ros_bot/src/bot_teleop', 'symlink_install': True, 'test_result_base': None}
[2.960s] Level 5:colcon.colcon_core.verb:set package 'move_base' build argument 'cmake_args' from command line to 'None'
[2.961s] Level 5:colcon.colcon_core.verb:set package 'move_base' build argument 'cmake_target' from command line to 'None'
[2.961s] Level 5:colcon.colcon_core.verb:set package 'move_base' build argument 'cmake_target_skip_unavailable' from command line to 'False'
[2.961s] Level 5:colcon.colcon_core.verb:set package 'move_base' build argument 'cmake_clean_cache' from command line to 'False'
[2.962s] Level 5:colcon.colcon_core.verb:set package 'move_base' build argument 'cmake_clean_first' from command line to 'False'
[2.962s] Level 5:colcon.colcon_core.verb:set package 'move_base' build argument 'cmake_force_configure' from command line to 'False'
[2.962s] Level 5:colcon.colcon_core.verb:set package 'move_base' build argument 'ament_cmake_args' from command line to 'None'
[2.962s] Level 5:colcon.colcon_core.verb:set package 'move_base' build argument 'catkin_cmake_args' from command line to 'None'
[2.963s] Level 5:colcon.colcon_core.verb:set package 'move_base' build argument 'catkin_skip_building_tests' from command line to 'False'
[2.963s] DEBUG:colcon.colcon_core.verb:Building package 'move_base' with the following arguments: {'ament_cmake_args': None, 'build_base': '/home/Malvin/my_ros_bot/build/move_base', 'catkin_cmake_args': None, 'catkin_skip_building_tests': False, 'cmake_args': None, 'cmake_clean_cache': False, 'cmake_clean_first': False, 'cmake_force_configure': False, 'cmake_target': None, 'cmake_target_skip_unavailable': False, 'install_base': '/home/Malvin/my_ros_bot/install/move_base', 'merge_install': False, 'path': '/home/Malvin/my_ros_bot/src/move_base', 'symlink_install': True, 'test_result_base': None}
[2.967s] Level 5:colcon.colcon_core.verb:set package 'onyx_robot' build argument 'cmake_args' from command line to 'None'
[2.967s] Level 5:colcon.colcon_core.verb:set package 'onyx_robot' build argument 'cmake_target' from command line to 'None'
[2.967s] Level 5:colcon.colcon_core.verb:set package 'onyx_robot' build argument 'cmake_target_skip_unavailable' from command line to 'False'
[2.968s] Level 5:colcon.colcon_core.verb:set package 'onyx_robot' build argument 'cmake_clean_cache' from command line to 'False'
[2.968s] Level 5:colcon.colcon_core.verb:set package 'onyx_robot' build argument 'cmake_clean_first' from command line to 'False'
[2.968s] Level 5:colcon.colcon_core.verb:set package 'onyx_robot' build argument 'cmake_force_configure' from command line to 'False'
[2.969s] Level 5:colcon.colcon_core.verb:set package 'onyx_robot' build argument 'ament_cmake_args' from command line to 'None'
[2.969s] Level 5:colcon.colcon_core.verb:set package 'onyx_robot' build argument 'catkin_cmake_args' from command line to 'None'
[2.969s] Level 5:colcon.colcon_core.verb:set package 'onyx_robot' build argument 'catkin_skip_building_tests' from command line to 'False'
[2.969s] DEBUG:colcon.colcon_core.verb:Building package 'onyx_robot' with the following arguments: {'ament_cmake_args': None, 'build_base': '/home/Malvin/my_ros_bot/build/onyx_robot', 'catkin_cmake_args': None, 'catkin_skip_building_tests': False, 'cmake_args': None, 'cmake_clean_cache': False, 'cmake_clean_first': False, 'cmake_force_configure': False, 'cmake_target': None, 'cmake_target_skip_unavailable': False, 'install_base': '/home/Malvin/my_ros_bot/install/onyx_robot', 'merge_install': False, 'path': '/home/Malvin/my_ros_bot/src/onyx_robot', 'symlink_install': True, 'test_result_base': None}
[2.972s] Level 5:colcon.colcon_core.verb:set package 'pump_controller' build argument 'cmake_args' from command line to 'None'
[2.973s] Level 5:colcon.colcon_core.verb:set package 'pump_controller' build argument 'cmake_target' from command line to 'None'
[2.973s] Level 5:colcon.colcon_core.verb:set package 'pump_controller' build argument 'cmake_target_skip_unavailable' from command line to 'False'
[2.973s] Level 5:colcon.colcon_core.verb:set package 'pump_controller' build argument 'cmake_clean_cache' from command line to 'False'
[2.974s] Level 5:colcon.colcon_core.verb:set package 'pump_controller' build argument 'cmake_clean_first' from command line to 'False'
[2.974s] Level 5:colcon.colcon_core.verb:set package 'pump_controller' build argument 'cmake_force_configure' from command line to 'False'
[2.974s] Level 5:colcon.colcon_core.verb:set package 'pump_controller' build argument 'ament_cmake_args' from command line to 'None'
[2.974s] Level 5:colcon.colcon_core.verb:set package 'pump_controller' build argument 'catkin_cmake_args' from command line to 'None'
[2.975s] Level 5:colcon.colcon_core.verb:set package 'pump_controller' build argument 'catkin_skip_building_tests' from command line to 'False'
[2.975s] DEBUG:colcon.colcon_core.verb:Building package 'pump_controller' with the following arguments: {'ament_cmake_args': None, 'build_base': '/home/Malvin/my_ros_bot/build/pump_controller', 'catkin_cmake_args': None, 'catkin_skip_building_tests': False, 'cmake_args': None, 'cmake_clean_cache': False, 'cmake_clean_first': False, 'cmake_force_configure': False, 'cmake_target': None, 'cmake_target_skip_unavailable': False, 'install_base': '/home/Malvin/my_ros_bot/install/pump_controller', 'merge_install': False, 'path': '/home/Malvin/my_ros_bot/src/pump_controller', 'symlink_install': True, 'test_result_base': None}
[2.978s] Level 5:colcon.colcon_core.verb:set package 'ros_bot_imu' build argument 'cmake_args' from command line to 'None'
[2.979s] Level 5:colcon.colcon_core.verb:set package 'ros_bot_imu' build argument 'cmake_target' from command line to 'None'
[2.979s] Level 5:colcon.colcon_core.verb:set package 'ros_bot_imu' build argument 'cmake_target_skip_unavailable' from command line to 'False'
[2.979s] Level 5:colcon.colcon_core.verb:set package 'ros_bot_imu' build argument 'cmake_clean_cache' from command line to 'False'
[2.979s] Level 5:colcon.colcon_core.verb:set package 'ros_bot_imu' build argument 'cmake_clean_first' from command line to 'False'
[2.980s] Level 5:colcon.colcon_core.verb:set package 'ros_bot_imu' build argument 'cmake_force_configure' from command line to 'False'
[2.980s] Level 5:colcon.colcon_core.verb:set package 'ros_bot_imu' build argument 'ament_cmake_args' from command line to 'None'
[2.980s] Level 5:colcon.colcon_core.verb:set package 'ros_bot_imu' build argument 'catkin_cmake_args' from command line to 'None'
[2.980s] Level 5:colcon.colcon_core.verb:set package 'ros_bot_imu' build argument 'catkin_skip_building_tests' from command line to 'False'
[2.981s] DEBUG:colcon.colcon_core.verb:Building package 'ros_bot_imu' with the following arguments: {'ament_cmake_args': None, 'build_base': '/home/Malvin/my_ros_bot/build/ros_bot_imu', 'catkin_cmake_args': None, 'catkin_skip_building_tests': False, 'cmake_args': None, 'cmake_clean_cache': False, 'cmake_clean_first': False, 'cmake_force_configure': False, 'cmake_target': None, 'cmake_target_skip_unavailable': False, 'install_base': '/home/Malvin/my_ros_bot/install/ros_bot_imu', 'merge_install': False, 'path': '/home/Malvin/my_ros_bot/src/ros_bot_imu', 'symlink_install': True, 'test_result_base': None}
[2.982s] INFO:colcon.colcon_core.executor:Executing jobs using 'parallel' executor
[2.988s] DEBUG:colcon.colcon_parallel_executor.executor.parallel:run_until_complete
[2.991s] INFO:colcon.colcon_ros.task.ament_python.build:Building ROS package in '/home/Malvin/my_ros_bot/src/arduino_ros' with build type 'ament_python'
[2.993s] Level 1:colcon.colcon_core.shell:create_environment_hook('arduino_ros', 'ament_prefix_path')
[3.102s] INFO:colcon.colcon_core.plugin_system:Skipping extension 'colcon_core.shell.bat': Not used on non-Windows systems
[3.105s] INFO:colcon.colcon_core.shell:Creating environment hook '/home/Malvin/my_ros_bot/install/arduino_ros/share/arduino_ros/hook/ament_prefix_path.ps1'
[3.113s] INFO:colcon.colcon_core.shell:Creating environment descriptor '/home/Malvin/my_ros_bot/install/arduino_ros/share/arduino_ros/hook/ament_prefix_path.dsv'
[3.128s] INFO:colcon.colcon_core.shell:Creating environment hook '/home/Malvin/my_ros_bot/install/arduino_ros/share/arduino_ros/hook/ament_prefix_path.sh'
[3.170s] INFO:colcon.colcon_core.shell:Skip shell extension 'powershell' for command environment: Not usable outside of PowerShell
[3.171s] DEBUG:colcon.colcon_core.shell:Skip shell extension 'dsv' for command environment
[3.223s] INFO:colcon.colcon_ros.task.ament_python.build:Building ROS package in '/home/Malvin/my_ros_bot/src/bot_teleop' with build type 'ament_python'
[3.224s] Level 1:colcon.colcon_core.shell:create_environment_hook('bot_teleop', 'ament_prefix_path')
[3.227s] INFO:colcon.colcon_core.shell:Creating environment hook '/home/Malvin/my_ros_bot/install/bot_teleop/share/bot_teleop/hook/ament_prefix_path.ps1'
[3.231s] INFO:colcon.colcon_core.shell:Creating environment descriptor '/home/Malvin/my_ros_bot/install/bot_teleop/share/bot_teleop/hook/ament_prefix_path.dsv'
[3.235s] INFO:colcon.colcon_core.shell:Creating environment hook '/home/Malvin/my_ros_bot/install/bot_teleop/share/bot_teleop/hook/ament_prefix_path.sh'
[3.240s] INFO:colcon.colcon_core.shell:Skip shell extension 'powershell' for command environment: Not usable outside of PowerShell
[3.241s] DEBUG:colcon.colcon_core.shell:Skip shell extension 'dsv' for command environment
[3.289s] INFO:colcon.colcon_ros.task.ament_python.build:Building ROS package in '/home/Malvin/my_ros_bot/src/move_base' with build type 'ament_python'
[3.291s] Level 1:colcon.colcon_core.shell:create_environment_hook('move_base', 'ament_prefix_path')
[3.293s] INFO:colcon.colcon_core.shell:Creating environment hook '/home/Malvin/my_ros_bot/install/move_base/share/move_base/hook/ament_prefix_path.ps1'
[3.299s] INFO:colcon.colcon_core.shell:Creating environment descriptor '/home/Malvin/my_ros_bot/install/move_base/share/move_base/hook/ament_prefix_path.dsv'
[3.303s] INFO:colcon.colcon_core.shell:Creating environment hook '/home/Malvin/my_ros_bot/install/move_base/share/move_base/hook/ament_prefix_path.sh'
[3.308s] INFO:colcon.colcon_core.shell:Skip shell extension 'powershell' for command environment: Not usable outside of PowerShell
[3.309s] DEBUG:colcon.colcon_core.shell:Skip shell extension 'dsv' for command environment
[3.356s] INFO:colcon.colcon_ros.task.ament_python.build:Building ROS package in '/home/Malvin/my_ros_bot/src/onyx_robot' with build type 'ament_python'
[3.357s] Level 1:colcon.colcon_core.shell:create_environment_hook('onyx_robot', 'ament_prefix_path')
[3.359s] INFO:colcon.colcon_core.shell:Creating environment hook '/home/Malvin/my_ros_bot/install/onyx_robot/share/onyx_robot/hook/ament_prefix_path.ps1'
[3.364s] INFO:colcon.colcon_core.shell:Creating environment descriptor '/home/Malvin/my_ros_bot/install/onyx_robot/share/onyx_robot/hook/ament_prefix_path.dsv'
[3.368s] INFO:colcon.colcon_core.shell:Creating environment hook '/home/Malvin/my_ros_bot/install/onyx_robot/share/onyx_robot/hook/ament_prefix_path.sh'
[3.374s] INFO:colcon.colcon_core.shell:Skip shell extension 'powershell' for command environment: Not usable outside of PowerShell
[3.374s] DEBUG:colcon.colcon_core.shell:Skip shell extension 'dsv' for command environment
[5.643s] INFO:colcon.colcon_core.task.python.build:Building Python package in '/home/Malvin/my_ros_bot/src/arduino_ros'
[5.645s] INFO:colcon.colcon_core.shell:Skip shell extension 'powershell' for command environment: Not usable outside of PowerShell
[5.645s] DEBUG:colcon.colcon_core.shell:Skip shell extension 'dsv' for command environment
[8.177s] INFO:colcon.colcon_core.task.python.build:Building Python package in '/home/Malvin/my_ros_bot/src/bot_teleop'
[8.179s] INFO:colcon.colcon_core.shell:Skip shell extension 'powershell' for command environment: Not usable outside of PowerShell
[8.179s] DEBUG:colcon.colcon_core.shell:Skip shell extension 'dsv' for command environment
[10.693s] INFO:colcon.colcon_core.task.python.build:Building Python package in '/home/Malvin/my_ros_bot/src/move_base'
[10.693s] INFO:colcon.colcon_core.shell:Skip shell extension 'powershell' for command environment: Not usable outside of PowerShell
[10.694s] DEBUG:colcon.colcon_core.shell:Skip shell extension 'dsv' for command environment
[13.186s] INFO:colcon.colcon_core.task.python.build:Building Python package in '/home/Malvin/my_ros_bot/src/onyx_robot'
[13.187s] INFO:colcon.colcon_core.shell:Skip shell extension 'powershell' for command environment: Not usable outside of PowerShell
[13.187s] DEBUG:colcon.colcon_core.shell:Skip shell extension 'dsv' for command environment
[24.208s] DEBUG:colcon.colcon_core.event_handler.log_command:Invoking command in '/home/Malvin/my_ros_bot/build/onyx_robot': PS1=(robot_space) \[\e]0;\u@\h: \w\a\]${debian_chroot:+($debian_chroot)}\[\033[01;32m\]\u@\h\[\033[00m\]:\[\033[01;34m\]\w\[\033[00m\]\$ PYTHONPATH=/home/Malvin/my_ros_bot/build/onyx_robot/prefix_override:/usr/lib/python3/dist-packages/colcon_core/task/python/colcon_distutils_commands:/home/Malvin/my_ros_bot/install/onyx_robot/lib/python3.12/site-packages:${PYTHONPATH} VIRTUAL_ENV_PROMPT=(robot_space) /usr/bin/python3 -W ignore:setup.py install is deprecated -W ignore:easy_install command is deprecated setup.py develop --editable --build-directory /home/Malvin/my_ros_bot/build/onyx_robot/build --no-deps symlink_data
[24.504s] DEBUG:colcon.colcon_core.event_handler.log_command:Invoking command in '/home/Malvin/my_ros_bot/build/move_base': PS1=(robot_space) \[\e]0;\u@\h: \w\a\]${debian_chroot:+($debian_chroot)}\[\033[01;32m\]\u@\h\[\033[00m\]:\[\033[01;34m\]\w\[\033[00m\]\$ PYTHONPATH=/home/Malvin/my_ros_bot/build/move_base/prefix_override:/usr/lib/python3/dist-packages/colcon_core/task/python/colcon_distutils_commands:/home/Malvin/my_ros_bot/install/move_base/lib/python3.12/site-packages:${PYTHONPATH} VIRTUAL_ENV_PROMPT=(robot_space) /usr/bin/python3 -W ignore:setup.py install is deprecated -W ignore:easy_install command is deprecated setup.py develop --editable --build-directory /home/Malvin/my_ros_bot/build/move_base/build --no-deps symlink_data
[24.538s] DEBUG:colcon.colcon_core.event_handler.log_command:Invoking command in '/home/Malvin/my_ros_bot/build/bot_teleop': PS1=(robot_space) \[\e]0;\u@\h: \w\a\]${debian_chroot:+($debian_chroot)}\[\033[01;32m\]\u@\h\[\033[00m\]:\[\033[01;34m\]\w\[\033[00m\]\$ PYTHONPATH=/home/Malvin/my_ros_bot/build/bot_teleop/prefix_override:/usr/lib/python3/dist-packages/colcon_core/task/python/colcon_distutils_commands:/home/Malvin/my_ros_bot/install/bot_teleop/lib/python3.12/site-packages:${PYTHONPATH} VIRTUAL_ENV_PROMPT=(robot_space) /usr/bin/python3 -W ignore:setup.py install is deprecated -W ignore:easy_install command is deprecated setup.py develop --editable --build-directory /home/Malvin/my_ros_bot/build/bot_teleop/build --no-deps symlink_data
[24.592s] DEBUG:colcon.colcon_core.event_handler.log_command:Invoking command in '/home/Malvin/my_ros_bot/build/arduino_ros': PS1=(robot_space) \[\e]0;\u@\h: \w\a\]${debian_chroot:+($debian_chroot)}\[\033[01;32m\]\u@\h\[\033[00m\]:\[\033[01;34m\]\w\[\033[00m\]\$ PYTHONPATH=/home/Malvin/my_ros_bot/build/arduino_ros/prefix_override:/usr/lib/python3/dist-packages/colcon_core/task/python/colcon_distutils_commands:/home/Malvin/my_ros_bot/install/arduino_ros/lib/python3.12/site-packages:${PYTHONPATH} VIRTUAL_ENV_PROMPT=(robot_space) /usr/bin/python3 -W ignore:setup.py install is deprecated -W ignore:easy_install command is deprecated setup.py develop --editable --build-directory /home/Malvin/my_ros_bot/build/arduino_ros/build --no-deps symlink_data
