-- Found ament_cmake_ros: 0.12.0 (/opt/ros/jazzy/share/ament_cmake_ros/cmake)
-- Found ament_cmake_mypy: 0.17.5 (/opt/ros/jazzy/share/ament_cmake_mypy/cmake)
-- Configuring done (7.4s)
-- Generating done (0.0s)
-- Build files have been written to: /home/Malvin/my_ros_bot/build/rosbridge_library
Built target ament_cmake_python_copy_rosbridge_library
running egg_info
creating rosbridge_library.egg-info
writing rosbridge_library.egg-info/PKG-INFO
writing dependency_links to rosbridge_library.egg-info/dependency_links.txt
writing top-level names to rosbridge_library.egg-info/top_level.txt
writing manifest file 'rosbridge_library.egg-info/SOURCES.txt'
reading manifest file 'rosbridge_library.egg-info/SOURCES.txt'
writing manifest file 'rosbridge_library.egg-info/SOURCES.txt'
Built target ament_cmake_python_build_rosbridge_library_egg
-- Install configuration: ""
-- Installing: /home/Malvin/my_ros_bot/install/rosbridge_library/share/rosbridge_library/environment/pythonpath.sh
-- Installing: /home/Malvin/my_ros_bot/install/rosbridge_library/share/rosbridge_library/environment/pythonpath.dsv
-- Installing: /home/Malvin/my_ros_bot/install/rosbridge_library/lib/python3.12/site-packages/rosbridge_library-4.1.0-py3.12.egg-info
-- Installing: /home/Malvin/my_ros_bot/install/rosbridge_library/lib/python3.12/site-packages/rosbridge_library-4.1.0-py3.12.egg-info/dependency_links.txt
-- Installing: /home/Malvin/my_ros_bot/install/rosbridge_library/lib/python3.12/site-packages/rosbridge_library-4.1.0-py3.12.egg-info/SOURCES.txt
-- Installing: /home/Malvin/my_ros_bot/install/rosbridge_library/lib/python3.12/site-packages/rosbridge_library-4.1.0-py3.12.egg-info/top_level.txt
-- Installing: /home/Malvin/my_ros_bot/install/rosbridge_library/lib/python3.12/site-packages/rosbridge_library-4.1.0-py3.12.egg-info/PKG-INFO
-- Installing: /home/Malvin/my_ros_bot/install/rosbridge_library/lib/python3.12/site-packages/rosbridge_library
-- Installing: /home/Malvin/my_ros_bot/install/rosbridge_library/lib/python3.12/site-packages/rosbridge_library/capabilities
-- Installing: /home/Malvin/my_ros_bot/install/rosbridge_library/lib/python3.12/site-packages/rosbridge_library/capabilities/service_response.py
-- Installing: /home/Malvin/my_ros_bot/install/rosbridge_library/lib/python3.12/site-packages/rosbridge_library/capabilities/unadvertise_action.py
-- Installing: /home/Malvin/my_ros_bot/install/rosbridge_library/lib/python3.12/site-packages/rosbridge_library/capabilities/advertise.py
-- Installing: /home/Malvin/my_ros_bot/install/rosbridge_library/lib/python3.12/site-packages/rosbridge_library/capabilities/unadvertise_service.py
-- Installing: /home/Malvin/my_ros_bot/install/rosbridge_library/lib/python3.12/site-packages/rosbridge_library/capabilities/subscribe.py
-- Installing: /home/Malvin/my_ros_bot/install/rosbridge_library/lib/python3.12/site-packages/rosbridge_library/capabilities/action_result.py
-- Installing: /home/Malvin/my_ros_bot/install/rosbridge_library/lib/python3.12/site-packages/rosbridge_library/capabilities/fragmentation.py
-- Installing: /home/Malvin/my_ros_bot/install/rosbridge_library/lib/python3.12/site-packages/rosbridge_library/capabilities/advertise_action.py
-- Installing: /home/Malvin/my_ros_bot/install/rosbridge_library/lib/python3.12/site-packages/rosbridge_library/capabilities/send_action_goal.py
-- Installing: /home/Malvin/my_ros_bot/install/rosbridge_library/lib/python3.12/site-packages/rosbridge_library/capabilities/__init__.py
-- Installing: /home/Malvin/my_ros_bot/install/rosbridge_library/lib/python3.12/site-packages/rosbridge_library/capabilities/call_service.py
-- Installing: /home/Malvin/my_ros_bot/install/rosbridge_library/lib/python3.12/site-packages/rosbridge_library/capabilities/publish.py
-- Installing: /home/Malvin/my_ros_bot/install/rosbridge_library/lib/python3.12/site-packages/rosbridge_library/capabilities/action_feedback.py
-- Installing: /home/Malvin/my_ros_bot/install/rosbridge_library/lib/python3.12/site-packages/rosbridge_library/capabilities/advertise_service.py
-- Installing: /home/Malvin/my_ros_bot/install/rosbridge_library/lib/python3.12/site-packages/rosbridge_library/capabilities/defragmentation.py
-- Installing: /home/Malvin/my_ros_bot/install/rosbridge_library/lib/python3.12/site-packages/rosbridge_library/internal
-- Installing: /home/Malvin/my_ros_bot/install/rosbridge_library/lib/python3.12/site-packages/rosbridge_library/internal/subscription_modifiers.py
-- Installing: /home/Malvin/my_ros_bot/install/rosbridge_library/lib/python3.12/site-packages/rosbridge_library/internal/publishers.py
-- Installing: /home/Malvin/my_ros_bot/install/rosbridge_library/lib/python3.12/site-packages/rosbridge_library/internal/exceptions.py
-- Installing: /home/Malvin/my_ros_bot/install/rosbridge_library/lib/python3.12/site-packages/rosbridge_library/internal/message_conversion.py
-- Installing: /home/Malvin/my_ros_bot/install/rosbridge_library/lib/python3.12/site-packages/rosbridge_library/internal/pngcompression.py
-- Installing: /home/Malvin/my_ros_bot/install/rosbridge_library/lib/python3.12/site-packages/rosbridge_library/internal/__init__.py
-- Installing: /home/Malvin/my_ros_bot/install/rosbridge_library/lib/python3.12/site-packages/rosbridge_library/internal/services.py
-- Installing: /home/Malvin/my_ros_bot/install/rosbridge_library/lib/python3.12/site-packages/rosbridge_library/internal/outgoing_message.py
-- Installing: /home/Malvin/my_ros_bot/install/rosbridge_library/lib/python3.12/site-packages/rosbridge_library/internal/subscribers.py
-- Installing: /home/Malvin/my_ros_bot/install/rosbridge_library/lib/python3.12/site-packages/rosbridge_library/internal/actions.py
-- Installing: /home/Malvin/my_ros_bot/install/rosbridge_library/lib/python3.12/site-packages/rosbridge_library/internal/topics.py
-- Installing: /home/Malvin/my_ros_bot/install/rosbridge_library/lib/python3.12/site-packages/rosbridge_library/internal/cbor_conversion.py
-- Installing: /home/Malvin/my_ros_bot/install/rosbridge_library/lib/python3.12/site-packages/rosbridge_library/internal/ros_loader.py
-- Installing: /home/Malvin/my_ros_bot/install/rosbridge_library/lib/python3.12/site-packages/rosbridge_library/internal/qos_extraction.py
-- Installing: /home/Malvin/my_ros_bot/install/rosbridge_library/lib/python3.12/site-packages/rosbridge_library/internal/type_support.py
-- Installing: /home/Malvin/my_ros_bot/install/rosbridge_library/lib/python3.12/site-packages/rosbridge_library/protocol.py
-- Installing: /home/Malvin/my_ros_bot/install/rosbridge_library/lib/python3.12/site-packages/rosbridge_library/__init__.py
-- Installing: /home/Malvin/my_ros_bot/install/rosbridge_library/lib/python3.12/site-packages/rosbridge_library/util
-- Installing: /home/Malvin/my_ros_bot/install/rosbridge_library/lib/python3.12/site-packages/rosbridge_library/util/__init__.py
-- Installing: /home/Malvin/my_ros_bot/install/rosbridge_library/lib/python3.12/site-packages/rosbridge_library/util/ros.py
-- Installing: /home/Malvin/my_ros_bot/install/rosbridge_library/lib/python3.12/site-packages/rosbridge_library/capability.py
-- Installing: /home/Malvin/my_ros_bot/install/rosbridge_library/lib/python3.12/site-packages/rosbridge_library/rosbridge_protocol.py
Listing '/home/Malvin/my_ros_bot/install/rosbridge_library/lib/python3.12/site-packages/rosbridge_library'...
Compiling '/home/Malvin/my_ros_bot/install/rosbridge_library/lib/python3.12/site-packages/rosbridge_library/__init__.py'...
Listing '/home/Malvin/my_ros_bot/install/rosbridge_library/lib/python3.12/site-packages/rosbridge_library/capabilities'...
Compiling '/home/Malvin/my_ros_bot/install/rosbridge_library/lib/python3.12/site-packages/rosbridge_library/capabilities/__init__.py'...
Compiling '/home/Malvin/my_ros_bot/install/rosbridge_library/lib/python3.12/site-packages/rosbridge_library/capabilities/action_feedback.py'...
Compiling '/home/Malvin/my_ros_bot/install/rosbridge_library/lib/python3.12/site-packages/rosbridge_library/capabilities/action_result.py'...
Compiling '/home/Malvin/my_ros_bot/install/rosbridge_library/lib/python3.12/site-packages/rosbridge_library/capabilities/advertise.py'...
Compiling '/home/Malvin/my_ros_bot/install/rosbridge_library/lib/python3.12/site-packages/rosbridge_library/capabilities/advertise_action.py'...
Compiling '/home/Malvin/my_ros_bot/install/rosbridge_library/lib/python3.12/site-packages/rosbridge_library/capabilities/advertise_service.py'...
Compiling '/home/Malvin/my_ros_bot/install/rosbridge_library/lib/python3.12/site-packages/rosbridge_library/capabilities/call_service.py'...
Compiling '/home/Malvin/my_ros_bot/install/rosbridge_library/lib/python3.12/site-packages/rosbridge_library/capabilities/defragmentation.py'...
Compiling '/home/Malvin/my_ros_bot/install/rosbridge_library/lib/python3.12/site-packages/rosbridge_library/capabilities/fragmentation.py'...
Compiling '/home/Malvin/my_ros_bot/install/rosbridge_library/lib/python3.12/site-packages/rosbridge_library/capabilities/publish.py'...
Compiling '/home/Malvin/my_ros_bot/install/rosbridge_library/lib/python3.12/site-packages/rosbridge_library/capabilities/send_action_goal.py'...
Compiling '/home/Malvin/my_ros_bot/install/rosbridge_library/lib/python3.12/site-packages/rosbridge_library/capabilities/service_response.py'...
Compiling '/home/Malvin/my_ros_bot/install/rosbridge_library/lib/python3.12/site-packages/rosbridge_library/capabilities/subscribe.py'...
Compiling '/home/Malvin/my_ros_bot/install/rosbridge_library/lib/python3.12/site-packages/rosbridge_library/capabilities/unadvertise_action.py'...
Compiling '/home/Malvin/my_ros_bot/install/rosbridge_library/lib/python3.12/site-packages/rosbridge_library/capabilities/unadvertise_service.py'...
Compiling '/home/Malvin/my_ros_bot/install/rosbridge_library/lib/python3.12/site-packages/rosbridge_library/capability.py'...
Listing '/home/Malvin/my_ros_bot/install/rosbridge_library/lib/python3.12/site-packages/rosbridge_library/internal'...
Compiling '/home/Malvin/my_ros_bot/install/rosbridge_library/lib/python3.12/site-packages/rosbridge_library/internal/__init__.py'...
Compiling '/home/Malvin/my_ros_bot/install/rosbridge_library/lib/python3.12/site-packages/rosbridge_library/internal/actions.py'...
Compiling '/home/Malvin/my_ros_bot/install/rosbridge_library/lib/python3.12/site-packages/rosbridge_library/internal/cbor_conversion.py'...
Compiling '/home/Malvin/my_ros_bot/install/rosbridge_library/lib/python3.12/site-packages/rosbridge_library/internal/exceptions.py'...
Compiling '/home/Malvin/my_ros_bot/install/rosbridge_library/lib/python3.12/site-packages/rosbridge_library/internal/message_conversion.py'...
Compiling '/home/Malvin/my_ros_bot/install/rosbridge_library/lib/python3.12/site-packages/rosbridge_library/internal/outgoing_message.py'...
Compiling '/home/Malvin/my_ros_bot/install/rosbridge_library/lib/python3.12/site-packages/rosbridge_library/internal/pngcompression.py'...
Compiling '/home/Malvin/my_ros_bot/install/rosbridge_library/lib/python3.12/site-packages/rosbridge_library/internal/publishers.py'...
Compiling '/home/Malvin/my_ros_bot/install/rosbridge_library/lib/python3.12/site-packages/rosbridge_library/internal/qos_extraction.py'...
Compiling '/home/Malvin/my_ros_bot/install/rosbridge_library/lib/python3.12/site-packages/rosbridge_library/internal/ros_loader.py'...
Compiling '/home/Malvin/my_ros_bot/install/rosbridge_library/lib/python3.12/site-packages/rosbridge_library/internal/services.py'...
Compiling '/home/Malvin/my_ros_bot/install/rosbridge_library/lib/python3.12/site-packages/rosbridge_library/internal/subscribers.py'...
Compiling '/home/Malvin/my_ros_bot/install/rosbridge_library/lib/python3.12/site-packages/rosbridge_library/internal/subscription_modifiers.py'...
Compiling '/home/Malvin/my_ros_bot/install/rosbridge_library/lib/python3.12/site-packages/rosbridge_library/internal/topics.py'...
Compiling '/home/Malvin/my_ros_bot/install/rosbridge_library/lib/python3.12/site-packages/rosbridge_library/internal/type_support.py'...
Compiling '/home/Malvin/my_ros_bot/install/rosbridge_library/lib/python3.12/site-packages/rosbridge_library/protocol.py'...
Compiling '/home/Malvin/my_ros_bot/install/rosbridge_library/lib/python3.12/site-packages/rosbridge_library/rosbridge_protocol.py'...
Listing '/home/Malvin/my_ros_bot/install/rosbridge_library/lib/python3.12/site-packages/rosbridge_library/util'...
Compiling '/home/Malvin/my_ros_bot/install/rosbridge_library/lib/python3.12/site-packages/rosbridge_library/util/__init__.py'...
Compiling '/home/Malvin/my_ros_bot/install/rosbridge_library/lib/python3.12/site-packages/rosbridge_library/util/ros.py'...
-- Installing: /home/Malvin/my_ros_bot/install/rosbridge_library/share/ament_index/resource_index/package_run_dependencies/rosbridge_library
-- Installing: /home/Malvin/my_ros_bot/install/rosbridge_library/share/ament_index/resource_index/parent_prefix_path/rosbridge_library
-- Installing: /home/Malvin/my_ros_bot/install/rosbridge_library/share/rosbridge_library/environment/ament_prefix_path.sh
-- Installing: /home/Malvin/my_ros_bot/install/rosbridge_library/share/rosbridge_library/environment/ament_prefix_path.dsv
-- Installing: /home/Malvin/my_ros_bot/install/rosbridge_library/share/rosbridge_library/environment/path.sh
-- Installing: /home/Malvin/my_ros_bot/install/rosbridge_library/share/rosbridge_library/environment/path.dsv
-- Installing: /home/Malvin/my_ros_bot/install/rosbridge_library/share/rosbridge_library/local_setup.bash
-- Installing: /home/Malvin/my_ros_bot/install/rosbridge_library/share/rosbridge_library/local_setup.sh
-- Installing: /home/Malvin/my_ros_bot/install/rosbridge_library/share/rosbridge_library/local_setup.zsh
-- Installing: /home/Malvin/my_ros_bot/install/rosbridge_library/share/rosbridge_library/local_setup.dsv
-- Installing: /home/Malvin/my_ros_bot/install/rosbridge_library/share/rosbridge_library/package.dsv
-- Installing: /home/Malvin/my_ros_bot/install/rosbridge_library/share/ament_index/resource_index/packages/rosbridge_library
-- Installing: /home/Malvin/my_ros_bot/install/rosbridge_library/share/rosbridge_library/cmake/rosbridge_libraryConfig.cmake
-- Installing: /home/Malvin/my_ros_bot/install/rosbridge_library/share/rosbridge_library/cmake/rosbridge_libraryConfig-version.cmake
-- Installing: /home/Malvin/my_ros_bot/install/rosbridge_library/share/rosbridge_library/package.xml
