[0.069s] Invoking command in '/home/Malvin/my_ros_bot/build/rosbridge_library': AMENT_PREFIX_PATH=/home/Malvin/my_ros_bot/install/rosbridge_test_msgs:${AMENT_PREFIX_PATH} CMAKE_PREFIX_PATH=/home/Malvin/my_ros_bot/install/rosbridge_test_msgs:/home/Malvin/my_ros_bot/install/ros_bot_sim:/home/Malvin/my_ros_bot/install/ros_bot_imu:/home/Malvin/my_ros_bot/install/ros_bot_camera:/home/Malvin/my_ros_bot/install/pump_controller:/home/Malvin/my_ros_bot/install/onyx_robot:/home/Malvin/my_ros_bot/install/move_base:/home/Malvin/my_ros_bot/install/bot_teleop:/home/Malvin/my_ros_bot/install/arduino_ros:/opt/ros/jazzy LD_LIBRARY_PATH=/home/Malvin/my_ros_bot/install/rosbridge_test_msgs/lib:${LD_LIBRARY_PATH} PS1=(robot_space) \[\e]0;\u@\h: \w\a\]${debian_chroot:+($debian_chroot)}\[\033[01;32m\]\u@\h\[\033[00m\]:\[\033[01;34m\]\w\[\033[00m\]\$ PYTHONPATH=/home/Malvin/my_ros_bot/install/rosbridge_test_msgs/lib/python3.12/site-packages:${PYTHONPATH} VIRTUAL_ENV_PROMPT=(robot_space) /usr/bin/cmake /home/Malvin/my_ros_bot/src/rosbridge_suite/rosbridge_library -DCMAKE_INSTALL_PREFIX=/home/Malvin/my_ros_bot/install/rosbridge_library
[0.138s] -- Found ament_cmake_ros: 0.12.0 (/opt/ros/jazzy/share/ament_cmake_ros/cmake)
[7.484s] -- Found ament_cmake_mypy: 0.17.5 (/opt/ros/jazzy/share/ament_cmake_mypy/cmake)
[7.489s] -- Configuring done (7.4s)
[7.660s] -- Generating done (0.0s)
[11.965s] -- Build files have been written to: /home/Malvin/my_ros_bot/build/rosbridge_library
[11.976s] Invoked command in '/home/Malvin/my_ros_bot/build/rosbridge_library' returned '0': AMENT_PREFIX_PATH=/home/Malvin/my_ros_bot/install/rosbridge_test_msgs:${AMENT_PREFIX_PATH} CMAKE_PREFIX_PATH=/home/Malvin/my_ros_bot/install/rosbridge_test_msgs:/home/Malvin/my_ros_bot/install/ros_bot_sim:/home/Malvin/my_ros_bot/install/ros_bot_imu:/home/Malvin/my_ros_bot/install/ros_bot_camera:/home/Malvin/my_ros_bot/install/pump_controller:/home/Malvin/my_ros_bot/install/onyx_robot:/home/Malvin/my_ros_bot/install/move_base:/home/Malvin/my_ros_bot/install/bot_teleop:/home/Malvin/my_ros_bot/install/arduino_ros:/opt/ros/jazzy LD_LIBRARY_PATH=/home/Malvin/my_ros_bot/install/rosbridge_test_msgs/lib:${LD_LIBRARY_PATH} PS1=(robot_space) \[\e]0;\u@\h: \w\a\]${debian_chroot:+($debian_chroot)}\[\033[01;32m\]\u@\h\[\033[00m\]:\[\033[01;34m\]\w\[\033[00m\]\$ PYTHONPATH=/home/Malvin/my_ros_bot/install/rosbridge_test_msgs/lib/python3.12/site-packages:${PYTHONPATH} VIRTUAL_ENV_PROMPT=(robot_space) /usr/bin/cmake /home/Malvin/my_ros_bot/src/rosbridge_suite/rosbridge_library -DCMAKE_INSTALL_PREFIX=/home/Malvin/my_ros_bot/install/rosbridge_library
[11.983s] Invoking command in '/home/Malvin/my_ros_bot/build/rosbridge_library': AMENT_PREFIX_PATH=/home/Malvin/my_ros_bot/install/rosbridge_test_msgs:${AMENT_PREFIX_PATH} CMAKE_PREFIX_PATH=/home/Malvin/my_ros_bot/install/rosbridge_test_msgs:/home/Malvin/my_ros_bot/install/ros_bot_sim:/home/Malvin/my_ros_bot/install/ros_bot_imu:/home/Malvin/my_ros_bot/install/ros_bot_camera:/home/Malvin/my_ros_bot/install/pump_controller:/home/Malvin/my_ros_bot/install/onyx_robot:/home/Malvin/my_ros_bot/install/move_base:/home/Malvin/my_ros_bot/install/bot_teleop:/home/Malvin/my_ros_bot/install/arduino_ros:/opt/ros/jazzy LD_LIBRARY_PATH=/home/Malvin/my_ros_bot/install/rosbridge_test_msgs/lib:${LD_LIBRARY_PATH} PS1=(robot_space) \[\e]0;\u@\h: \w\a\]${debian_chroot:+($debian_chroot)}\[\033[01;32m\]\u@\h\[\033[00m\]:\[\033[01;34m\]\w\[\033[00m\]\$ PYTHONPATH=/home/Malvin/my_ros_bot/install/rosbridge_test_msgs/lib/python3.12/site-packages:${PYTHONPATH} VIRTUAL_ENV_PROMPT=(robot_space) /usr/bin/cmake --build /home/Malvin/my_ros_bot/build/rosbridge_library -- -j4 -l4
[12.308s] Built target ament_cmake_python_copy_rosbridge_library
[13.311s] running egg_info
[13.314s] creating rosbridge_library.egg-info
[13.393s] writing rosbridge_library.egg-info/PKG-INFO
[13.394s] writing dependency_links to rosbridge_library.egg-info/dependency_links.txt
[13.395s] writing top-level names to rosbridge_library.egg-info/top_level.txt
[13.395s] writing manifest file 'rosbridge_library.egg-info/SOURCES.txt'
[13.634s] reading manifest file 'rosbridge_library.egg-info/SOURCES.txt'
[13.637s] writing manifest file 'rosbridge_library.egg-info/SOURCES.txt'
[13.781s] Built target ament_cmake_python_build_rosbridge_library_egg
[13.832s] Invoked command in '/home/Malvin/my_ros_bot/build/rosbridge_library' returned '0': AMENT_PREFIX_PATH=/home/Malvin/my_ros_bot/install/rosbridge_test_msgs:${AMENT_PREFIX_PATH} CMAKE_PREFIX_PATH=/home/Malvin/my_ros_bot/install/rosbridge_test_msgs:/home/Malvin/my_ros_bot/install/ros_bot_sim:/home/Malvin/my_ros_bot/install/ros_bot_imu:/home/Malvin/my_ros_bot/install/ros_bot_camera:/home/Malvin/my_ros_bot/install/pump_controller:/home/Malvin/my_ros_bot/install/onyx_robot:/home/Malvin/my_ros_bot/install/move_base:/home/Malvin/my_ros_bot/install/bot_teleop:/home/Malvin/my_ros_bot/install/arduino_ros:/opt/ros/jazzy LD_LIBRARY_PATH=/home/Malvin/my_ros_bot/install/rosbridge_test_msgs/lib:${LD_LIBRARY_PATH} PS1=(robot_space) \[\e]0;\u@\h: \w\a\]${debian_chroot:+($debian_chroot)}\[\033[01;32m\]\u@\h\[\033[00m\]:\[\033[01;34m\]\w\[\033[00m\]\$ PYTHONPATH=/home/Malvin/my_ros_bot/install/rosbridge_test_msgs/lib/python3.12/site-packages:${PYTHONPATH} VIRTUAL_ENV_PROMPT=(robot_space) /usr/bin/cmake --build /home/Malvin/my_ros_bot/build/rosbridge_library -- -j4 -l4
[13.883s] Invoking command in '/home/Malvin/my_ros_bot/build/rosbridge_library': AMENT_PREFIX_PATH=/home/Malvin/my_ros_bot/install/rosbridge_test_msgs:${AMENT_PREFIX_PATH} CMAKE_PREFIX_PATH=/home/Malvin/my_ros_bot/install/rosbridge_test_msgs:/home/Malvin/my_ros_bot/install/ros_bot_sim:/home/Malvin/my_ros_bot/install/ros_bot_imu:/home/Malvin/my_ros_bot/install/ros_bot_camera:/home/Malvin/my_ros_bot/install/pump_controller:/home/Malvin/my_ros_bot/install/onyx_robot:/home/Malvin/my_ros_bot/install/move_base:/home/Malvin/my_ros_bot/install/bot_teleop:/home/Malvin/my_ros_bot/install/arduino_ros:/opt/ros/jazzy LD_LIBRARY_PATH=/home/Malvin/my_ros_bot/install/rosbridge_test_msgs/lib:${LD_LIBRARY_PATH} PS1=(robot_space) \[\e]0;\u@\h: \w\a\]${debian_chroot:+($debian_chroot)}\[\033[01;32m\]\u@\h\[\033[00m\]:\[\033[01;34m\]\w\[\033[00m\]\$ PYTHONPATH=/home/Malvin/my_ros_bot/install/rosbridge_test_msgs/lib/python3.12/site-packages:${PYTHONPATH} VIRTUAL_ENV_PROMPT=(robot_space) /usr/bin/cmake --install /home/Malvin/my_ros_bot/build/rosbridge_library
[13.922s] -- Install configuration: ""
[13.923s] -- Installing: /home/Malvin/my_ros_bot/install/rosbridge_library/share/rosbridge_library/environment/pythonpath.sh
[13.924s] -- Installing: /home/Malvin/my_ros_bot/install/rosbridge_library/share/rosbridge_library/environment/pythonpath.dsv
[13.926s] -- Installing: /home/Malvin/my_ros_bot/install/rosbridge_library/lib/python3.12/site-packages/rosbridge_library-4.1.0-py3.12.egg-info
[13.927s] -- Installing: /home/Malvin/my_ros_bot/install/rosbridge_library/lib/python3.12/site-packages/rosbridge_library-4.1.0-py3.12.egg-info/dependency_links.txt
[13.928s] -- Installing: /home/Malvin/my_ros_bot/install/rosbridge_library/lib/python3.12/site-packages/rosbridge_library-4.1.0-py3.12.egg-info/SOURCES.txt
[13.929s] -- Installing: /home/Malvin/my_ros_bot/install/rosbridge_library/lib/python3.12/site-packages/rosbridge_library-4.1.0-py3.12.egg-info/top_level.txt
[13.930s] -- Installing: /home/Malvin/my_ros_bot/install/rosbridge_library/lib/python3.12/site-packages/rosbridge_library-4.1.0-py3.12.egg-info/PKG-INFO
[13.932s] -- Installing: /home/Malvin/my_ros_bot/install/rosbridge_library/lib/python3.12/site-packages/rosbridge_library
[13.932s] -- Installing: /home/Malvin/my_ros_bot/install/rosbridge_library/lib/python3.12/site-packages/rosbridge_library/capabilities
[13.933s] -- Installing: /home/Malvin/my_ros_bot/install/rosbridge_library/lib/python3.12/site-packages/rosbridge_library/capabilities/service_response.py
[13.935s] -- Installing: /home/Malvin/my_ros_bot/install/rosbridge_library/lib/python3.12/site-packages/rosbridge_library/capabilities/unadvertise_action.py
[13.936s] -- Installing: /home/Malvin/my_ros_bot/install/rosbridge_library/lib/python3.12/site-packages/rosbridge_library/capabilities/advertise.py
[13.937s] -- Installing: /home/Malvin/my_ros_bot/install/rosbridge_library/lib/python3.12/site-packages/rosbridge_library/capabilities/unadvertise_service.py
[13.938s] -- Installing: /home/Malvin/my_ros_bot/install/rosbridge_library/lib/python3.12/site-packages/rosbridge_library/capabilities/subscribe.py
[13.939s] -- Installing: /home/Malvin/my_ros_bot/install/rosbridge_library/lib/python3.12/site-packages/rosbridge_library/capabilities/action_result.py
[13.941s] -- Installing: /home/Malvin/my_ros_bot/install/rosbridge_library/lib/python3.12/site-packages/rosbridge_library/capabilities/fragmentation.py
[13.942s] -- Installing: /home/Malvin/my_ros_bot/install/rosbridge_library/lib/python3.12/site-packages/rosbridge_library/capabilities/advertise_action.py
[13.943s] -- Installing: /home/Malvin/my_ros_bot/install/rosbridge_library/lib/python3.12/site-packages/rosbridge_library/capabilities/send_action_goal.py
[13.944s] -- Installing: /home/Malvin/my_ros_bot/install/rosbridge_library/lib/python3.12/site-packages/rosbridge_library/capabilities/__init__.py
[13.945s] -- Installing: /home/Malvin/my_ros_bot/install/rosbridge_library/lib/python3.12/site-packages/rosbridge_library/capabilities/call_service.py
[13.947s] -- Installing: /home/Malvin/my_ros_bot/install/rosbridge_library/lib/python3.12/site-packages/rosbridge_library/capabilities/publish.py
[13.948s] -- Installing: /home/Malvin/my_ros_bot/install/rosbridge_library/lib/python3.12/site-packages/rosbridge_library/capabilities/action_feedback.py
[13.949s] -- Installing: /home/Malvin/my_ros_bot/install/rosbridge_library/lib/python3.12/site-packages/rosbridge_library/capabilities/advertise_service.py
[13.950s] -- Installing: /home/Malvin/my_ros_bot/install/rosbridge_library/lib/python3.12/site-packages/rosbridge_library/capabilities/defragmentation.py
[13.951s] -- Installing: /home/Malvin/my_ros_bot/install/rosbridge_library/lib/python3.12/site-packages/rosbridge_library/internal
[13.952s] -- Installing: /home/Malvin/my_ros_bot/install/rosbridge_library/lib/python3.12/site-packages/rosbridge_library/internal/subscription_modifiers.py
[13.953s] -- Installing: /home/Malvin/my_ros_bot/install/rosbridge_library/lib/python3.12/site-packages/rosbridge_library/internal/publishers.py
[13.955s] -- Installing: /home/Malvin/my_ros_bot/install/rosbridge_library/lib/python3.12/site-packages/rosbridge_library/internal/exceptions.py
[13.956s] -- Installing: /home/Malvin/my_ros_bot/install/rosbridge_library/lib/python3.12/site-packages/rosbridge_library/internal/message_conversion.py
[13.957s] -- Installing: /home/Malvin/my_ros_bot/install/rosbridge_library/lib/python3.12/site-packages/rosbridge_library/internal/pngcompression.py
[13.958s] -- Installing: /home/Malvin/my_ros_bot/install/rosbridge_library/lib/python3.12/site-packages/rosbridge_library/internal/__init__.py
[13.959s] -- Installing: /home/Malvin/my_ros_bot/install/rosbridge_library/lib/python3.12/site-packages/rosbridge_library/internal/services.py
[13.961s] -- Installing: /home/Malvin/my_ros_bot/install/rosbridge_library/lib/python3.12/site-packages/rosbridge_library/internal/outgoing_message.py
[13.962s] -- Installing: /home/Malvin/my_ros_bot/install/rosbridge_library/lib/python3.12/site-packages/rosbridge_library/internal/subscribers.py
[13.963s] -- Installing: /home/Malvin/my_ros_bot/install/rosbridge_library/lib/python3.12/site-packages/rosbridge_library/internal/actions.py
[13.964s] -- Installing: /home/Malvin/my_ros_bot/install/rosbridge_library/lib/python3.12/site-packages/rosbridge_library/internal/topics.py
[13.965s] -- Installing: /home/Malvin/my_ros_bot/install/rosbridge_library/lib/python3.12/site-packages/rosbridge_library/internal/cbor_conversion.py
[13.966s] -- Installing: /home/Malvin/my_ros_bot/install/rosbridge_library/lib/python3.12/site-packages/rosbridge_library/internal/ros_loader.py
[13.968s] -- Installing: /home/Malvin/my_ros_bot/install/rosbridge_library/lib/python3.12/site-packages/rosbridge_library/internal/qos_extraction.py
[13.969s] -- Installing: /home/Malvin/my_ros_bot/install/rosbridge_library/lib/python3.12/site-packages/rosbridge_library/internal/type_support.py
[13.970s] -- Installing: /home/Malvin/my_ros_bot/install/rosbridge_library/lib/python3.12/site-packages/rosbridge_library/protocol.py
[13.971s] -- Installing: /home/Malvin/my_ros_bot/install/rosbridge_library/lib/python3.12/site-packages/rosbridge_library/__init__.py
[13.972s] -- Installing: /home/Malvin/my_ros_bot/install/rosbridge_library/lib/python3.12/site-packages/rosbridge_library/util
[13.973s] -- Installing: /home/Malvin/my_ros_bot/install/rosbridge_library/lib/python3.12/site-packages/rosbridge_library/util/__init__.py
[13.974s] -- Installing: /home/Malvin/my_ros_bot/install/rosbridge_library/lib/python3.12/site-packages/rosbridge_library/util/ros.py
[13.975s] -- Installing: /home/Malvin/my_ros_bot/install/rosbridge_library/lib/python3.12/site-packages/rosbridge_library/capability.py
[13.976s] -- Installing: /home/Malvin/my_ros_bot/install/rosbridge_library/lib/python3.12/site-packages/rosbridge_library/rosbridge_protocol.py
[14.321s] Listing '/home/Malvin/my_ros_bot/install/rosbridge_library/lib/python3.12/site-packages/rosbridge_library'...
[14.322s] Compiling '/home/Malvin/my_ros_bot/install/rosbridge_library/lib/python3.12/site-packages/rosbridge_library/__init__.py'...
[14.323s] Listing '/home/Malvin/my_ros_bot/install/rosbridge_library/lib/python3.12/site-packages/rosbridge_library/capabilities'...
[14.324s] Compiling '/home/Malvin/my_ros_bot/install/rosbridge_library/lib/python3.12/site-packages/rosbridge_library/capabilities/__init__.py'...
[14.325s] Compiling '/home/Malvin/my_ros_bot/install/rosbridge_library/lib/python3.12/site-packages/rosbridge_library/capabilities/action_feedback.py'...
[14.326s] Compiling '/home/Malvin/my_ros_bot/install/rosbridge_library/lib/python3.12/site-packages/rosbridge_library/capabilities/action_result.py'...
[14.327s] Compiling '/home/Malvin/my_ros_bot/install/rosbridge_library/lib/python3.12/site-packages/rosbridge_library/capabilities/advertise.py'...
[14.328s] Compiling '/home/Malvin/my_ros_bot/install/rosbridge_library/lib/python3.12/site-packages/rosbridge_library/capabilities/advertise_action.py'...
[14.329s] Compiling '/home/Malvin/my_ros_bot/install/rosbridge_library/lib/python3.12/site-packages/rosbridge_library/capabilities/advertise_service.py'...
[14.330s] Compiling '/home/Malvin/my_ros_bot/install/rosbridge_library/lib/python3.12/site-packages/rosbridge_library/capabilities/call_service.py'...
[14.330s] Compiling '/home/Malvin/my_ros_bot/install/rosbridge_library/lib/python3.12/site-packages/rosbridge_library/capabilities/defragmentation.py'...
[14.331s] Compiling '/home/Malvin/my_ros_bot/install/rosbridge_library/lib/python3.12/site-packages/rosbridge_library/capabilities/fragmentation.py'...
[14.332s] Compiling '/home/Malvin/my_ros_bot/install/rosbridge_library/lib/python3.12/site-packages/rosbridge_library/capabilities/publish.py'...
[14.333s] Compiling '/home/Malvin/my_ros_bot/install/rosbridge_library/lib/python3.12/site-packages/rosbridge_library/capabilities/send_action_goal.py'...
[14.334s] Compiling '/home/Malvin/my_ros_bot/install/rosbridge_library/lib/python3.12/site-packages/rosbridge_library/capabilities/service_response.py'...
[14.335s] Compiling '/home/Malvin/my_ros_bot/install/rosbridge_library/lib/python3.12/site-packages/rosbridge_library/capabilities/subscribe.py'...
[14.335s] Compiling '/home/Malvin/my_ros_bot/install/rosbridge_library/lib/python3.12/site-packages/rosbridge_library/capabilities/unadvertise_action.py'...
[14.336s] Compiling '/home/Malvin/my_ros_bot/install/rosbridge_library/lib/python3.12/site-packages/rosbridge_library/capabilities/unadvertise_service.py'...
[14.337s] Compiling '/home/Malvin/my_ros_bot/install/rosbridge_library/lib/python3.12/site-packages/rosbridge_library/capability.py'...
[14.337s] Listing '/home/Malvin/my_ros_bot/install/rosbridge_library/lib/python3.12/site-packages/rosbridge_library/internal'...
[14.338s] Compiling '/home/Malvin/my_ros_bot/install/rosbridge_library/lib/python3.12/site-packages/rosbridge_library/internal/__init__.py'...
[14.338s] Compiling '/home/Malvin/my_ros_bot/install/rosbridge_library/lib/python3.12/site-packages/rosbridge_library/internal/actions.py'...
[14.339s] Compiling '/home/Malvin/my_ros_bot/install/rosbridge_library/lib/python3.12/site-packages/rosbridge_library/internal/cbor_conversion.py'...
[14.339s] Compiling '/home/Malvin/my_ros_bot/install/rosbridge_library/lib/python3.12/site-packages/rosbridge_library/internal/exceptions.py'...
[14.340s] Compiling '/home/Malvin/my_ros_bot/install/rosbridge_library/lib/python3.12/site-packages/rosbridge_library/internal/message_conversion.py'...
[14.340s] Compiling '/home/Malvin/my_ros_bot/install/rosbridge_library/lib/python3.12/site-packages/rosbridge_library/internal/outgoing_message.py'...
[14.341s] Compiling '/home/Malvin/my_ros_bot/install/rosbridge_library/lib/python3.12/site-packages/rosbridge_library/internal/pngcompression.py'...
[14.343s] Compiling '/home/Malvin/my_ros_bot/install/rosbridge_library/lib/python3.12/site-packages/rosbridge_library/internal/publishers.py'...
[14.343s] Compiling '/home/Malvin/my_ros_bot/install/rosbridge_library/lib/python3.12/site-packages/rosbridge_library/internal/qos_extraction.py'...
[14.344s] Compiling '/home/Malvin/my_ros_bot/install/rosbridge_library/lib/python3.12/site-packages/rosbridge_library/internal/ros_loader.py'...
[14.345s] Compiling '/home/Malvin/my_ros_bot/install/rosbridge_library/lib/python3.12/site-packages/rosbridge_library/internal/services.py'...
[14.345s] Compiling '/home/Malvin/my_ros_bot/install/rosbridge_library/lib/python3.12/site-packages/rosbridge_library/internal/subscribers.py'...
[14.346s] Compiling '/home/Malvin/my_ros_bot/install/rosbridge_library/lib/python3.12/site-packages/rosbridge_library/internal/subscription_modifiers.py'...
[14.347s] Compiling '/home/Malvin/my_ros_bot/install/rosbridge_library/lib/python3.12/site-packages/rosbridge_library/internal/topics.py'...
[14.347s] Compiling '/home/Malvin/my_ros_bot/install/rosbridge_library/lib/python3.12/site-packages/rosbridge_library/internal/type_support.py'...
[14.348s] Compiling '/home/Malvin/my_ros_bot/install/rosbridge_library/lib/python3.12/site-packages/rosbridge_library/protocol.py'...
[14.349s] Compiling '/home/Malvin/my_ros_bot/install/rosbridge_library/lib/python3.12/site-packages/rosbridge_library/rosbridge_protocol.py'...
[14.349s] Listing '/home/Malvin/my_ros_bot/install/rosbridge_library/lib/python3.12/site-packages/rosbridge_library/util'...
[14.349s] Compiling '/home/Malvin/my_ros_bot/install/rosbridge_library/lib/python3.12/site-packages/rosbridge_library/util/__init__.py'...
[14.350s] Compiling '/home/Malvin/my_ros_bot/install/rosbridge_library/lib/python3.12/site-packages/rosbridge_library/util/ros.py'...
[14.353s] -- Installing: /home/Malvin/my_ros_bot/install/rosbridge_library/share/ament_index/resource_index/package_run_dependencies/rosbridge_library
[14.355s] -- Installing: /home/Malvin/my_ros_bot/install/rosbridge_library/share/ament_index/resource_index/parent_prefix_path/rosbridge_library
[14.357s] -- Installing: /home/Malvin/my_ros_bot/install/rosbridge_library/share/rosbridge_library/environment/ament_prefix_path.sh
[14.358s] -- Installing: /home/Malvin/my_ros_bot/install/rosbridge_library/share/rosbridge_library/environment/ament_prefix_path.dsv
[14.359s] -- Installing: /home/Malvin/my_ros_bot/install/rosbridge_library/share/rosbridge_library/environment/path.sh
[14.360s] -- Installing: /home/Malvin/my_ros_bot/install/rosbridge_library/share/rosbridge_library/environment/path.dsv
[14.361s] -- Installing: /home/Malvin/my_ros_bot/install/rosbridge_library/share/rosbridge_library/local_setup.bash
[14.363s] -- Installing: /home/Malvin/my_ros_bot/install/rosbridge_library/share/rosbridge_library/local_setup.sh
[14.364s] -- Installing: /home/Malvin/my_ros_bot/install/rosbridge_library/share/rosbridge_library/local_setup.zsh
[14.365s] -- Installing: /home/Malvin/my_ros_bot/install/rosbridge_library/share/rosbridge_library/local_setup.dsv
[14.366s] -- Installing: /home/Malvin/my_ros_bot/install/rosbridge_library/share/rosbridge_library/package.dsv
[14.368s] -- Installing: /home/Malvin/my_ros_bot/install/rosbridge_library/share/ament_index/resource_index/packages/rosbridge_library
[14.370s] -- Installing: /home/Malvin/my_ros_bot/install/rosbridge_library/share/rosbridge_library/cmake/rosbridge_libraryConfig.cmake
[14.371s] -- Installing: /home/Malvin/my_ros_bot/install/rosbridge_library/share/rosbridge_library/cmake/rosbridge_libraryConfig-version.cmake
[14.372s] -- Installing: /home/Malvin/my_ros_bot/install/rosbridge_library/share/rosbridge_library/package.xml
[14.381s] Invoked command in '/home/Malvin/my_ros_bot/build/rosbridge_library' returned '0': AMENT_PREFIX_PATH=/home/Malvin/my_ros_bot/install/rosbridge_test_msgs:${AMENT_PREFIX_PATH} CMAKE_PREFIX_PATH=/home/Malvin/my_ros_bot/install/rosbridge_test_msgs:/home/Malvin/my_ros_bot/install/ros_bot_sim:/home/Malvin/my_ros_bot/install/ros_bot_imu:/home/Malvin/my_ros_bot/install/ros_bot_camera:/home/Malvin/my_ros_bot/install/pump_controller:/home/Malvin/my_ros_bot/install/onyx_robot:/home/Malvin/my_ros_bot/install/move_base:/home/Malvin/my_ros_bot/install/bot_teleop:/home/Malvin/my_ros_bot/install/arduino_ros:/opt/ros/jazzy LD_LIBRARY_PATH=/home/Malvin/my_ros_bot/install/rosbridge_test_msgs/lib:${LD_LIBRARY_PATH} PS1=(robot_space) \[\e]0;\u@\h: \w\a\]${debian_chroot:+($debian_chroot)}\[\033[01;32m\]\u@\h\[\033[00m\]:\[\033[01;34m\]\w\[\033[00m\]\$ PYTHONPATH=/home/Malvin/my_ros_bot/install/rosbridge_test_msgs/lib/python3.12/site-packages:${PYTHONPATH} VIRTUAL_ENV_PROMPT=(robot_space) /usr/bin/cmake --install /home/Malvin/my_ros_bot/build/rosbridge_library
