[6.518s] Invoking command in '/home/Malvin/my_ros_bot/build/arduino_ros': PS1=(robot_space) \[\e]0;\u@\h: \w\a\]${debian_chroot:+($debian_chroot)}\[\033[01;32m\]\u@\h\[\033[00m\]:\[\033[01;34m\]\w\[\033[00m\]\$ PYTHONPATH=/home/Malvin/my_ros_bot/build/arduino_ros/prefix_override:/usr/lib/python3/dist-packages/colcon_core/task/python/colcon_distutils_commands:/home/Malvin/my_ros_bot/install/arduino_ros/lib/python3.12/site-packages: VIRTUAL_ENV_PROMPT=(robot_space) /usr/bin/python3 -W ignore:setup.py install is deprecated -W ignore:easy_install command is deprecated setup.py develop --editable --build-directory /home/Malvin/my_ros_bot/build/arduino_ros/build --no-deps symlink_data
[8.008s] running develop
[8.765s] running egg_info
[8.765s] creating arduino_ros.egg-info
[8.843s] writing arduino_ros.egg-info/PKG-INFO
[8.843s] writing dependency_links to arduino_ros.egg-info/dependency_links.txt
[8.844s] writing entry points to arduino_ros.egg-info/entry_points.txt
[8.844s] writing requirements to arduino_ros.egg-info/requires.txt
[8.845s] writing top-level names to arduino_ros.egg-info/top_level.txt
[8.847s] writing manifest file 'arduino_ros.egg-info/SOURCES.txt'
[8.991s] reading manifest file 'arduino_ros.egg-info/SOURCES.txt'
[8.995s] writing manifest file 'arduino_ros.egg-info/SOURCES.txt'
[9.146s] running build_ext
[9.152s] Creating /home/Malvin/my_ros_bot/install/arduino_ros/lib/python3.12/site-packages/arduino-ros.egg-link (link to .)
[9.163s] Installing controller script to /home/Malvin/my_ros_bot/install/arduino_ros/lib/arduino_ros
[9.166s] 
[9.170s] Installed /home/Malvin/my_ros_bot/build/arduino_ros
[9.174s] running symlink_data
[9.176s] creating /home/Malvin/my_ros_bot/install/arduino_ros/share/ament_index
[9.181s] creating /home/Malvin/my_ros_bot/install/arduino_ros/share/ament_index/resource_index
[9.187s] creating /home/Malvin/my_ros_bot/install/arduino_ros/share/ament_index/resource_index/packages
[9.192s] symbolically linking /home/Malvin/my_ros_bot/build/arduino_ros/resource/arduino_ros -> /home/Malvin/my_ros_bot/install/arduino_ros/share/ament_index/resource_index/packages
[9.197s] symbolically linking /home/Malvin/my_ros_bot/build/arduino_ros/package.xml -> /home/Malvin/my_ros_bot/install/arduino_ros/share/arduino_ros
[9.565s] Invoked command in '/home/Malvin/my_ros_bot/build/arduino_ros' returned '0': PS1=(robot_space) \[\e]0;\u@\h: \w\a\]${debian_chroot:+($debian_chroot)}\[\033[01;32m\]\u@\h\[\033[00m\]:\[\033[01;34m\]\w\[\033[00m\]\$ PYTHONPATH=/home/Malvin/my_ros_bot/build/arduino_ros/prefix_override:/usr/lib/python3/dist-packages/colcon_core/task/python/colcon_distutils_commands:/home/Malvin/my_ros_bot/install/arduino_ros/lib/python3.12/site-packages: VIRTUAL_ENV_PROMPT=(robot_space) /usr/bin/python3 -W ignore:setup.py install is deprecated -W ignore:easy_install command is deprecated setup.py develop --editable --build-directory /home/Malvin/my_ros_bot/build/arduino_ros/build --no-deps symlink_data
