[6.460s] Invoking command in '/home/Malvin/my_ros_bot/build/ros_bot_camera': PS1=(robot_space) \[\e]0;\u@\h: \w\a\]${debian_chroot:+($debian_chroot)}\[\033[01;32m\]\u@\h\[\033[00m\]:\[\033[01;34m\]\w\[\033[00m\]\$ PYTHONPATH=/home/Malvin/my_ros_bot/build/ros_bot_camera/prefix_override:/usr/lib/python3/dist-packages/colcon_core/task/python/colcon_distutils_commands:/home/Malvin/my_ros_bot/install/ros_bot_camera/lib/python3.12/site-packages: VIRTUAL_ENV_PROMPT=(robot_space) /usr/bin/python3 -W ignore:setup.py install is deprecated -W ignore:easy_install command is deprecated setup.py develop --editable --build-directory /home/Malvin/my_ros_bot/build/ros_bot_camera/build --no-deps symlink_data
[7.952s] running develop
[8.703s] running egg_info
[8.703s] creating ros_bot_camera.egg-info
[8.775s] writing ros_bot_camera.egg-info/PKG-INFO
[8.777s] writing dependency_links to ros_bot_camera.egg-info/dependency_links.txt
[8.779s] writing entry points to ros_bot_camera.egg-info/entry_points.txt
[8.780s] writing requirements to ros_bot_camera.egg-info/requires.txt
[8.784s] writing top-level names to ros_bot_camera.egg-info/top_level.txt
[8.785s] writing manifest file 'ros_bot_camera.egg-info/SOURCES.txt'
[8.929s] reading manifest file 'ros_bot_camera.egg-info/SOURCES.txt'
[8.934s] writing manifest file 'ros_bot_camera.egg-info/SOURCES.txt'
[9.011s] running build_ext
[9.013s] Creating /home/Malvin/my_ros_bot/install/ros_bot_camera/lib/python3.12/site-packages/ros-bot-camera.egg-link (link to .)
[9.018s] Installing camera_node script to /home/Malvin/my_ros_bot/install/ros_bot_camera/lib/ros_bot_camera
[9.034s] 
[9.039s] Installed /home/Malvin/my_ros_bot/build/ros_bot_camera
[9.046s] running symlink_data
[9.067s] creating /home/Malvin/my_ros_bot/install/ros_bot_camera/share/ament_index
[9.075s] creating /home/Malvin/my_ros_bot/install/ros_bot_camera/share/ament_index/resource_index
[9.082s] creating /home/Malvin/my_ros_bot/install/ros_bot_camera/share/ament_index/resource_index/packages
[9.093s] symbolically linking /home/Malvin/my_ros_bot/build/ros_bot_camera/resource/ros_bot_camera -> /home/Malvin/my_ros_bot/install/ros_bot_camera/share/ament_index/resource_index/packages
[9.110s] symbolically linking /home/Malvin/my_ros_bot/build/ros_bot_camera/package.xml -> /home/Malvin/my_ros_bot/install/ros_bot_camera/share/ros_bot_camera
[9.459s] Invoked command in '/home/Malvin/my_ros_bot/build/ros_bot_camera' returned '0': PS1=(robot_space) \[\e]0;\u@\h: \w\a\]${debian_chroot:+($debian_chroot)}\[\033[01;32m\]\u@\h\[\033[00m\]:\[\033[01;34m\]\w\[\033[00m\]\$ PYTHONPATH=/home/Malvin/my_ros_bot/build/ros_bot_camera/prefix_override:/usr/lib/python3/dist-packages/colcon_core/task/python/colcon_distutils_commands:/home/Malvin/my_ros_bot/install/ros_bot_camera/lib/python3.12/site-packages: VIRTUAL_ENV_PROMPT=(robot_space) /usr/bin/python3 -W ignore:setup.py install is deprecated -W ignore:easy_install command is deprecated setup.py develop --editable --build-directory /home/Malvin/my_ros_bot/build/ros_bot_camera/build --no-deps symlink_data
