[0.488s] DEBUG:colcon:Command line arguments: ['/usr/bin/colcon', 'build', '--packages-select', 'rosbridge_msgs', 'rosbridge_test_msgs', 'rosbridge_library', 'rosbridge_server', 'rosbridge_suite']
[0.489s] DEBUG:colcon:Parsed command line arguments: Namespace(log_base=None, log_level=None, verb_name='build', build_base='build', install_base='install', merge_install=False, symlink_install=False, test_result_base=None, continue_on_error=False, executor='parallel', parallel_workers=4, event_handlers=None, ignore_user_meta=False, metas=['./colcon.meta'], base_paths=['.'], packages_ignore=None, packages_ignore_regex=None, paths=None, packages_up_to=None, packages_up_to_regex=None, packages_above=None, packages_above_and_dependencies=None, packages_above_depth=None, packages_select_by_dep=None, packages_skip_by_dep=None, packages_skip_up_to=None, packages_select_build_failed=False, packages_skip_build_finished=False, packages_select_test_failures=False, packages_skip_test_passed=False, packages_select=['rosbridge_msgs', 'rosbridge_test_msgs', 'rosbridge_library', 'rosbridge_server', 'rosbridge_suite'], packages_skip=None, packages_select_regex=None, packages_skip_regex=None, packages_start=None, packages_end=None, allow_overriding=[], cmake_args=None, cmake_target=None, cmake_target_skip_unavailable=False, cmake_clean_cache=False, cmake_clean_first=False, cmake_force_configure=False, ament_cmake_args=None, catkin_cmake_args=None, catkin_skip_building_tests=False, mixin_files=None, mixin=None, verb_parser=<colcon_mixin.mixin.mixin_argument.MixinArgumentDecorator object at 0xffff8f2ae5a0>, verb_extension=<colcon_core.verb.build.BuildVerb object at 0xffff8f456ff0>, main=<bound method BuildVerb.main of <colcon_core.verb.build.BuildVerb object at 0xffff8f456ff0>>, mixin_verb=('build',))
[0.665s] Level 1:colcon.colcon_core.package_discovery:discover_packages(colcon_meta) check parameters
[0.665s] Level 1:colcon.colcon_core.package_discovery:discover_packages(recursive) check parameters
[0.665s] Level 1:colcon.colcon_core.package_discovery:discover_packages(ignore) check parameters
[0.666s] Level 1:colcon.colcon_core.package_discovery:discover_packages(path) check parameters
[0.666s] Level 1:colcon.colcon_core.package_discovery:discover_packages(colcon_meta) discover
[0.666s] Level 1:colcon.colcon_core.package_discovery:discover_packages(recursive) discover
[0.666s] INFO:colcon.colcon_core.package_discovery:Crawling recursively for packages in '/home/Malvin/my_ros_bot'
[0.666s] Level 1:colcon.colcon_core.package_identification:_identify(.) by extensions ['ignore', 'ignore_ament_install']
[0.667s] Level 1:colcon.colcon_core.package_identification:_identify(.) by extension 'ignore'
[0.667s] Level 1:colcon.colcon_core.package_identification:_identify(.) by extension 'ignore_ament_install'
[0.667s] Level 1:colcon.colcon_core.package_identification:_identify(.) by extensions ['colcon_pkg']
[0.667s] Level 1:colcon.colcon_core.package_identification:_identify(.) by extension 'colcon_pkg'
[0.668s] Level 1:colcon.colcon_core.package_identification:_identify(.) by extensions ['colcon_meta']
[0.668s] Level 1:colcon.colcon_core.package_identification:_identify(.) by extension 'colcon_meta'
[0.668s] Level 1:colcon.colcon_core.package_identification:_identify(.) by extensions ['ros']
[0.668s] Level 1:colcon.colcon_core.package_identification:_identify(.) by extension 'ros'
[0.776s] Level 1:colcon.colcon_core.package_identification:_identify(.) by extensions ['cmake', 'python']
[0.777s] Level 1:colcon.colcon_core.package_identification:_identify(.) by extension 'cmake'
[0.777s] Level 1:colcon.colcon_core.package_identification:_identify(.) by extension 'python'
[0.777s] Level 1:colcon.colcon_core.package_identification:_identify(.) by extensions ['python_setup_py']
[0.777s] Level 1:colcon.colcon_core.package_identification:_identify(.) by extension 'python_setup_py'
[0.778s] Level 1:colcon.colcon_core.package_identification:_identify(build) by extensions ['ignore', 'ignore_ament_install']
[0.778s] Level 1:colcon.colcon_core.package_identification:_identify(build) by extension 'ignore'
[0.778s] Level 1:colcon.colcon_core.package_identification:_identify(build) ignored
[0.779s] Level 1:colcon.colcon_core.package_identification:_identify(install) by extensions ['ignore', 'ignore_ament_install']
[0.779s] Level 1:colcon.colcon_core.package_identification:_identify(install) by extension 'ignore'
[0.780s] Level 1:colcon.colcon_core.package_identification:_identify(install) ignored
[0.780s] Level 1:colcon.colcon_core.package_identification:_identify(log) by extensions ['ignore', 'ignore_ament_install']
[0.781s] Level 1:colcon.colcon_core.package_identification:_identify(log) by extension 'ignore'
[0.781s] Level 1:colcon.colcon_core.package_identification:_identify(log) ignored
[0.781s] Level 1:colcon.colcon_core.package_identification:_identify(src) by extensions ['ignore', 'ignore_ament_install']
[0.781s] Level 1:colcon.colcon_core.package_identification:_identify(src) by extension 'ignore'
[0.782s] Level 1:colcon.colcon_core.package_identification:_identify(src) by extension 'ignore_ament_install'
[0.782s] Level 1:colcon.colcon_core.package_identification:_identify(src) by extensions ['colcon_pkg']
[0.782s] Level 1:colcon.colcon_core.package_identification:_identify(src) by extension 'colcon_pkg'
[0.782s] Level 1:colcon.colcon_core.package_identification:_identify(src) by extensions ['colcon_meta']
[0.782s] Level 1:colcon.colcon_core.package_identification:_identify(src) by extension 'colcon_meta'
[0.782s] Level 1:colcon.colcon_core.package_identification:_identify(src) by extensions ['ros']
[0.782s] Level 1:colcon.colcon_core.package_identification:_identify(src) by extension 'ros'
[0.783s] Level 1:colcon.colcon_core.package_identification:_identify(src) by extensions ['cmake', 'python']
[0.783s] Level 1:colcon.colcon_core.package_identification:_identify(src) by extension 'cmake'
[0.783s] Level 1:colcon.colcon_core.package_identification:_identify(src) by extension 'python'
[0.783s] Level 1:colcon.colcon_core.package_identification:_identify(src) by extensions ['python_setup_py']
[0.783s] Level 1:colcon.colcon_core.package_identification:_identify(src) by extension 'python_setup_py'
[0.784s] Level 1:colcon.colcon_core.package_identification:_identify(src/arduino_ros) by extensions ['ignore', 'ignore_ament_install']
[0.784s] Level 1:colcon.colcon_core.package_identification:_identify(src/arduino_ros) by extension 'ignore'
[0.784s] Level 1:colcon.colcon_core.package_identification:_identify(src/arduino_ros) by extension 'ignore_ament_install'
[0.785s] Level 1:colcon.colcon_core.package_identification:_identify(src/arduino_ros) by extensions ['colcon_pkg']
[0.785s] Level 1:colcon.colcon_core.package_identification:_identify(src/arduino_ros) by extension 'colcon_pkg'
[0.785s] Level 1:colcon.colcon_core.package_identification:_identify(src/arduino_ros) by extensions ['colcon_meta']
[0.785s] Level 1:colcon.colcon_core.package_identification:_identify(src/arduino_ros) by extension 'colcon_meta'
[0.785s] Level 1:colcon.colcon_core.package_identification:_identify(src/arduino_ros) by extensions ['ros']
[0.785s] Level 1:colcon.colcon_core.package_identification:_identify(src/arduino_ros) by extension 'ros'
[0.793s] DEBUG:colcon.colcon_core.package_identification:Package 'src/arduino_ros' with type 'ros.ament_python' and name 'arduino_ros'
[0.794s] Level 1:colcon.colcon_core.package_identification:_identify(src/bot_teleop) by extensions ['ignore', 'ignore_ament_install']
[0.794s] Level 1:colcon.colcon_core.package_identification:_identify(src/bot_teleop) by extension 'ignore'
[0.794s] Level 1:colcon.colcon_core.package_identification:_identify(src/bot_teleop) by extension 'ignore_ament_install'
[0.795s] Level 1:colcon.colcon_core.package_identification:_identify(src/bot_teleop) by extensions ['colcon_pkg']
[0.795s] Level 1:colcon.colcon_core.package_identification:_identify(src/bot_teleop) by extension 'colcon_pkg'
[0.795s] Level 1:colcon.colcon_core.package_identification:_identify(src/bot_teleop) by extensions ['colcon_meta']
[0.795s] Level 1:colcon.colcon_core.package_identification:_identify(src/bot_teleop) by extension 'colcon_meta'
[0.795s] Level 1:colcon.colcon_core.package_identification:_identify(src/bot_teleop) by extensions ['ros']
[0.795s] Level 1:colcon.colcon_core.package_identification:_identify(src/bot_teleop) by extension 'ros'
[0.797s] DEBUG:colcon.colcon_core.package_identification:Package 'src/bot_teleop' with type 'ros.ament_python' and name 'bot_teleop'
[0.798s] Level 1:colcon.colcon_core.package_identification:_identify(src/micros) by extensions ['ignore', 'ignore_ament_install']
[0.798s] Level 1:colcon.colcon_core.package_identification:_identify(src/micros) by extension 'ignore'
[0.798s] Level 1:colcon.colcon_core.package_identification:_identify(src/micros) by extension 'ignore_ament_install'
[0.798s] Level 1:colcon.colcon_core.package_identification:_identify(src/micros) by extensions ['colcon_pkg']
[0.798s] Level 1:colcon.colcon_core.package_identification:_identify(src/micros) by extension 'colcon_pkg'
[0.799s] Level 1:colcon.colcon_core.package_identification:_identify(src/micros) by extensions ['colcon_meta']
[0.799s] Level 1:colcon.colcon_core.package_identification:_identify(src/micros) by extension 'colcon_meta'
[0.799s] Level 1:colcon.colcon_core.package_identification:_identify(src/micros) by extensions ['ros']
[0.799s] Level 1:colcon.colcon_core.package_identification:_identify(src/micros) by extension 'ros'
[0.799s] Level 1:colcon.colcon_core.package_identification:_identify(src/micros) by extensions ['cmake', 'python']
[0.799s] Level 1:colcon.colcon_core.package_identification:_identify(src/micros) by extension 'cmake'
[0.800s] Level 1:colcon.colcon_core.package_identification:_identify(src/micros) by extension 'python'
[0.800s] Level 1:colcon.colcon_core.package_identification:_identify(src/micros) by extensions ['python_setup_py']
[0.800s] Level 1:colcon.colcon_core.package_identification:_identify(src/micros) by extension 'python_setup_py'
[0.800s] Level 1:colcon.colcon_core.package_identification:_identify(src/micros/imu) by extensions ['ignore', 'ignore_ament_install']
[0.801s] Level 1:colcon.colcon_core.package_identification:_identify(src/micros/imu) by extension 'ignore'
[0.801s] Level 1:colcon.colcon_core.package_identification:_identify(src/micros/imu) by extension 'ignore_ament_install'
[0.801s] Level 1:colcon.colcon_core.package_identification:_identify(src/micros/imu) by extensions ['colcon_pkg']
[0.801s] Level 1:colcon.colcon_core.package_identification:_identify(src/micros/imu) by extension 'colcon_pkg'
[0.802s] Level 1:colcon.colcon_core.package_identification:_identify(src/micros/imu) by extensions ['colcon_meta']
[0.802s] Level 1:colcon.colcon_core.package_identification:_identify(src/micros/imu) by extension 'colcon_meta'
[0.802s] Level 1:colcon.colcon_core.package_identification:_identify(src/micros/imu) by extensions ['ros']
[0.802s] Level 1:colcon.colcon_core.package_identification:_identify(src/micros/imu) by extension 'ros'
[0.802s] Level 1:colcon.colcon_core.package_identification:_identify(src/micros/imu) by extensions ['cmake', 'python']
[0.802s] Level 1:colcon.colcon_core.package_identification:_identify(src/micros/imu) by extension 'cmake'
[0.803s] Level 1:colcon.colcon_core.package_identification:_identify(src/micros/imu) by extension 'python'
[0.803s] Level 1:colcon.colcon_core.package_identification:_identify(src/micros/imu) by extensions ['python_setup_py']
[0.803s] Level 1:colcon.colcon_core.package_identification:_identify(src/micros/imu) by extension 'python_setup_py'
[0.803s] Level 1:colcon.colcon_core.package_identification:_identify(src/micros/imu/include) by extensions ['ignore', 'ignore_ament_install']
[0.804s] Level 1:colcon.colcon_core.package_identification:_identify(src/micros/imu/include) by extension 'ignore'
[0.804s] Level 1:colcon.colcon_core.package_identification:_identify(src/micros/imu/include) by extension 'ignore_ament_install'
[0.804s] Level 1:colcon.colcon_core.package_identification:_identify(src/micros/imu/include) by extensions ['colcon_pkg']
[0.804s] Level 1:colcon.colcon_core.package_identification:_identify(src/micros/imu/include) by extension 'colcon_pkg'
[0.804s] Level 1:colcon.colcon_core.package_identification:_identify(src/micros/imu/include) by extensions ['colcon_meta']
[0.804s] Level 1:colcon.colcon_core.package_identification:_identify(src/micros/imu/include) by extension 'colcon_meta'
[0.805s] Level 1:colcon.colcon_core.package_identification:_identify(src/micros/imu/include) by extensions ['ros']
[0.805s] Level 1:colcon.colcon_core.package_identification:_identify(src/micros/imu/include) by extension 'ros'
[0.805s] Level 1:colcon.colcon_core.package_identification:_identify(src/micros/imu/include) by extensions ['cmake', 'python']
[0.805s] Level 1:colcon.colcon_core.package_identification:_identify(src/micros/imu/include) by extension 'cmake'
[0.805s] Level 1:colcon.colcon_core.package_identification:_identify(src/micros/imu/include) by extension 'python'
[0.806s] Level 1:colcon.colcon_core.package_identification:_identify(src/micros/imu/include) by extensions ['python_setup_py']
[0.806s] Level 1:colcon.colcon_core.package_identification:_identify(src/micros/imu/include) by extension 'python_setup_py'
[0.806s] Level 1:colcon.colcon_core.package_identification:_identify(src/micros/imu/lib) by extensions ['ignore', 'ignore_ament_install']
[0.806s] Level 1:colcon.colcon_core.package_identification:_identify(src/micros/imu/lib) by extension 'ignore'
[0.807s] Level 1:colcon.colcon_core.package_identification:_identify(src/micros/imu/lib) by extension 'ignore_ament_install'
[0.807s] Level 1:colcon.colcon_core.package_identification:_identify(src/micros/imu/lib) by extensions ['colcon_pkg']
[0.807s] Level 1:colcon.colcon_core.package_identification:_identify(src/micros/imu/lib) by extension 'colcon_pkg'
[0.807s] Level 1:colcon.colcon_core.package_identification:_identify(src/micros/imu/lib) by extensions ['colcon_meta']
[0.807s] Level 1:colcon.colcon_core.package_identification:_identify(src/micros/imu/lib) by extension 'colcon_meta'
[0.807s] Level 1:colcon.colcon_core.package_identification:_identify(src/micros/imu/lib) by extensions ['ros']
[0.807s] Level 1:colcon.colcon_core.package_identification:_identify(src/micros/imu/lib) by extension 'ros'
[0.808s] Level 1:colcon.colcon_core.package_identification:_identify(src/micros/imu/lib) by extensions ['cmake', 'python']
[0.808s] Level 1:colcon.colcon_core.package_identification:_identify(src/micros/imu/lib) by extension 'cmake'
[0.808s] Level 1:colcon.colcon_core.package_identification:_identify(src/micros/imu/lib) by extension 'python'
[0.808s] Level 1:colcon.colcon_core.package_identification:_identify(src/micros/imu/lib) by extensions ['python_setup_py']
[0.808s] Level 1:colcon.colcon_core.package_identification:_identify(src/micros/imu/lib) by extension 'python_setup_py'
[0.809s] Level 1:colcon.colcon_core.package_identification:_identify(src/micros/imu/src) by extensions ['ignore', 'ignore_ament_install']
[0.809s] Level 1:colcon.colcon_core.package_identification:_identify(src/micros/imu/src) by extension 'ignore'
[0.809s] Level 1:colcon.colcon_core.package_identification:_identify(src/micros/imu/src) by extension 'ignore_ament_install'
[0.810s] Level 1:colcon.colcon_core.package_identification:_identify(src/micros/imu/src) by extensions ['colcon_pkg']
[0.810s] Level 1:colcon.colcon_core.package_identification:_identify(src/micros/imu/src) by extension 'colcon_pkg'
[0.810s] Level 1:colcon.colcon_core.package_identification:_identify(src/micros/imu/src) by extensions ['colcon_meta']
[0.810s] Level 1:colcon.colcon_core.package_identification:_identify(src/micros/imu/src) by extension 'colcon_meta'
[0.810s] Level 1:colcon.colcon_core.package_identification:_identify(src/micros/imu/src) by extensions ['ros']
[0.810s] Level 1:colcon.colcon_core.package_identification:_identify(src/micros/imu/src) by extension 'ros'
[0.811s] Level 1:colcon.colcon_core.package_identification:_identify(src/micros/imu/src) by extensions ['cmake', 'python']
[0.811s] Level 1:colcon.colcon_core.package_identification:_identify(src/micros/imu/src) by extension 'cmake'
[0.811s] Level 1:colcon.colcon_core.package_identification:_identify(src/micros/imu/src) by extension 'python'
[0.811s] Level 1:colcon.colcon_core.package_identification:_identify(src/micros/imu/src) by extensions ['python_setup_py']
[0.811s] Level 1:colcon.colcon_core.package_identification:_identify(src/micros/imu/src) by extension 'python_setup_py'
[0.812s] Level 1:colcon.colcon_core.package_identification:_identify(src/micros/imu/test) by extensions ['ignore', 'ignore_ament_install']
[0.812s] Level 1:colcon.colcon_core.package_identification:_identify(src/micros/imu/test) by extension 'ignore'
[0.812s] Level 1:colcon.colcon_core.package_identification:_identify(src/micros/imu/test) by extension 'ignore_ament_install'
[0.812s] Level 1:colcon.colcon_core.package_identification:_identify(src/micros/imu/test) by extensions ['colcon_pkg']
[0.812s] Level 1:colcon.colcon_core.package_identification:_identify(src/micros/imu/test) by extension 'colcon_pkg'
[0.813s] Level 1:colcon.colcon_core.package_identification:_identify(src/micros/imu/test) by extensions ['colcon_meta']
[0.813s] Level 1:colcon.colcon_core.package_identification:_identify(src/micros/imu/test) by extension 'colcon_meta'
[0.813s] Level 1:colcon.colcon_core.package_identification:_identify(src/micros/imu/test) by extensions ['ros']
[0.813s] Level 1:colcon.colcon_core.package_identification:_identify(src/micros/imu/test) by extension 'ros'
[0.813s] Level 1:colcon.colcon_core.package_identification:_identify(src/micros/imu/test) by extensions ['cmake', 'python']
[0.813s] Level 1:colcon.colcon_core.package_identification:_identify(src/micros/imu/test) by extension 'cmake'
[0.814s] Level 1:colcon.colcon_core.package_identification:_identify(src/micros/imu/test) by extension 'python'
[0.814s] Level 1:colcon.colcon_core.package_identification:_identify(src/micros/imu/test) by extensions ['python_setup_py']
[0.814s] Level 1:colcon.colcon_core.package_identification:_identify(src/micros/imu/test) by extension 'python_setup_py'
[0.814s] Level 1:colcon.colcon_core.package_identification:_identify(src/move_base) by extensions ['ignore', 'ignore_ament_install']
[0.815s] Level 1:colcon.colcon_core.package_identification:_identify(src/move_base) by extension 'ignore'
[0.815s] Level 1:colcon.colcon_core.package_identification:_identify(src/move_base) by extension 'ignore_ament_install'
[0.815s] Level 1:colcon.colcon_core.package_identification:_identify(src/move_base) by extensions ['colcon_pkg']
[0.815s] Level 1:colcon.colcon_core.package_identification:_identify(src/move_base) by extension 'colcon_pkg'
[0.815s] Level 1:colcon.colcon_core.package_identification:_identify(src/move_base) by extensions ['colcon_meta']
[0.815s] Level 1:colcon.colcon_core.package_identification:_identify(src/move_base) by extension 'colcon_meta'
[0.816s] Level 1:colcon.colcon_core.package_identification:_identify(src/move_base) by extensions ['ros']
[0.816s] Level 1:colcon.colcon_core.package_identification:_identify(src/move_base) by extension 'ros'
[0.817s] DEBUG:colcon.colcon_core.package_identification:Package 'src/move_base' with type 'ros.ament_python' and name 'move_base'
[0.818s] Level 1:colcon.colcon_core.package_identification:_identify(src/onyx_bot) by extensions ['ignore', 'ignore_ament_install']
[0.818s] Level 1:colcon.colcon_core.package_identification:_identify(src/onyx_bot) by extension 'ignore'
[0.818s] Level 1:colcon.colcon_core.package_identification:_identify(src/onyx_bot) ignored
[0.819s] Level 1:colcon.colcon_core.package_identification:_identify(src/onyx_robot) by extensions ['ignore', 'ignore_ament_install']
[0.819s] Level 1:colcon.colcon_core.package_identification:_identify(src/onyx_robot) by extension 'ignore'
[0.819s] Level 1:colcon.colcon_core.package_identification:_identify(src/onyx_robot) by extension 'ignore_ament_install'
[0.819s] Level 1:colcon.colcon_core.package_identification:_identify(src/onyx_robot) by extensions ['colcon_pkg']
[0.820s] Level 1:colcon.colcon_core.package_identification:_identify(src/onyx_robot) by extension 'colcon_pkg'
[0.820s] Level 1:colcon.colcon_core.package_identification:_identify(src/onyx_robot) by extensions ['colcon_meta']
[0.820s] Level 1:colcon.colcon_core.package_identification:_identify(src/onyx_robot) by extension 'colcon_meta'
[0.820s] Level 1:colcon.colcon_core.package_identification:_identify(src/onyx_robot) by extensions ['ros']
[0.820s] Level 1:colcon.colcon_core.package_identification:_identify(src/onyx_robot) by extension 'ros'
[0.822s] DEBUG:colcon.colcon_core.package_identification:Package 'src/onyx_robot' with type 'ros.ament_python' and name 'onyx_robot'
[0.822s] Level 1:colcon.colcon_core.package_identification:_identify(src/onyx_robot_server) by extensions ['ignore', 'ignore_ament_install']
[0.822s] Level 1:colcon.colcon_core.package_identification:_identify(src/onyx_robot_server) by extension 'ignore'
[0.823s] Level 1:colcon.colcon_core.package_identification:_identify(src/onyx_robot_server) ignored
[0.823s] Level 1:colcon.colcon_core.package_identification:_identify(src/pump_controller) by extensions ['ignore', 'ignore_ament_install']
[0.823s] Level 1:colcon.colcon_core.package_identification:_identify(src/pump_controller) by extension 'ignore'
[0.824s] Level 1:colcon.colcon_core.package_identification:_identify(src/pump_controller) by extension 'ignore_ament_install'
[0.824s] Level 1:colcon.colcon_core.package_identification:_identify(src/pump_controller) by extensions ['colcon_pkg']
[0.824s] Level 1:colcon.colcon_core.package_identification:_identify(src/pump_controller) by extension 'colcon_pkg'
[0.824s] Level 1:colcon.colcon_core.package_identification:_identify(src/pump_controller) by extensions ['colcon_meta']
[0.824s] Level 1:colcon.colcon_core.package_identification:_identify(src/pump_controller) by extension 'colcon_meta'
[0.824s] Level 1:colcon.colcon_core.package_identification:_identify(src/pump_controller) by extensions ['ros']
[0.824s] Level 1:colcon.colcon_core.package_identification:_identify(src/pump_controller) by extension 'ros'
[0.827s] DEBUG:colcon.colcon_core.package_identification:Package 'src/pump_controller' with type 'ros.ament_python' and name 'pump_controller'
[0.827s] Level 1:colcon.colcon_core.package_identification:_identify(src/ros_bot_camera) by extensions ['ignore', 'ignore_ament_install']
[0.828s] Level 1:colcon.colcon_core.package_identification:_identify(src/ros_bot_camera) by extension 'ignore'
[0.828s] Level 1:colcon.colcon_core.package_identification:_identify(src/ros_bot_camera) by extension 'ignore_ament_install'
[0.828s] Level 1:colcon.colcon_core.package_identification:_identify(src/ros_bot_camera) by extensions ['colcon_pkg']
[0.828s] Level 1:colcon.colcon_core.package_identification:_identify(src/ros_bot_camera) by extension 'colcon_pkg'
[0.829s] Level 1:colcon.colcon_core.package_identification:_identify(src/ros_bot_camera) by extensions ['colcon_meta']
[0.829s] Level 1:colcon.colcon_core.package_identification:_identify(src/ros_bot_camera) by extension 'colcon_meta'
[0.829s] Level 1:colcon.colcon_core.package_identification:_identify(src/ros_bot_camera) by extensions ['ros']
[0.829s] Level 1:colcon.colcon_core.package_identification:_identify(src/ros_bot_camera) by extension 'ros'
[0.830s] DEBUG:colcon.colcon_core.package_identification:Package 'src/ros_bot_camera' with type 'ros.ament_python' and name 'ros_bot_camera'
[0.831s] Level 1:colcon.colcon_core.package_identification:_identify(src/ros_bot_imu) by extensions ['ignore', 'ignore_ament_install']
[0.831s] Level 1:colcon.colcon_core.package_identification:_identify(src/ros_bot_imu) by extension 'ignore'
[0.831s] Level 1:colcon.colcon_core.package_identification:_identify(src/ros_bot_imu) by extension 'ignore_ament_install'
[0.832s] Level 1:colcon.colcon_core.package_identification:_identify(src/ros_bot_imu) by extensions ['colcon_pkg']
[0.832s] Level 1:colcon.colcon_core.package_identification:_identify(src/ros_bot_imu) by extension 'colcon_pkg'
[0.832s] Level 1:colcon.colcon_core.package_identification:_identify(src/ros_bot_imu) by extensions ['colcon_meta']
[0.832s] Level 1:colcon.colcon_core.package_identification:_identify(src/ros_bot_imu) by extension 'colcon_meta'
[0.832s] Level 1:colcon.colcon_core.package_identification:_identify(src/ros_bot_imu) by extensions ['ros']
[0.832s] Level 1:colcon.colcon_core.package_identification:_identify(src/ros_bot_imu) by extension 'ros'
[0.834s] DEBUG:colcon.colcon_core.package_identification:Package 'src/ros_bot_imu' with type 'ros.ament_python' and name 'ros_bot_imu'
[0.834s] Level 1:colcon.colcon_core.package_identification:_identify(src/ros_bot_sim) by extensions ['ignore', 'ignore_ament_install']
[0.835s] Level 1:colcon.colcon_core.package_identification:_identify(src/ros_bot_sim) by extension 'ignore'
[0.835s] Level 1:colcon.colcon_core.package_identification:_identify(src/ros_bot_sim) by extension 'ignore_ament_install'
[0.835s] Level 1:colcon.colcon_core.package_identification:_identify(src/ros_bot_sim) by extensions ['colcon_pkg']
[0.835s] Level 1:colcon.colcon_core.package_identification:_identify(src/ros_bot_sim) by extension 'colcon_pkg'
[0.835s] Level 1:colcon.colcon_core.package_identification:_identify(src/ros_bot_sim) by extensions ['colcon_meta']
[0.836s] Level 1:colcon.colcon_core.package_identification:_identify(src/ros_bot_sim) by extension 'colcon_meta'
[0.836s] Level 1:colcon.colcon_core.package_identification:_identify(src/ros_bot_sim) by extensions ['ros']
[0.836s] Level 1:colcon.colcon_core.package_identification:_identify(src/ros_bot_sim) by extension 'ros'
[0.837s] DEBUG:colcon.colcon_core.package_identification:Package 'src/ros_bot_sim' with type 'ros.ament_python' and name 'ros_bot_sim'
[0.838s] Level 1:colcon.colcon_core.package_identification:_identify(src/rosbridge_suite) by extensions ['ignore', 'ignore_ament_install']
[0.838s] Level 1:colcon.colcon_core.package_identification:_identify(src/rosbridge_suite) by extension 'ignore'
[0.839s] Level 1:colcon.colcon_core.package_identification:_identify(src/rosbridge_suite) by extension 'ignore_ament_install'
[0.839s] Level 1:colcon.colcon_core.package_identification:_identify(src/rosbridge_suite) by extensions ['colcon_pkg']
[0.839s] Level 1:colcon.colcon_core.package_identification:_identify(src/rosbridge_suite) by extension 'colcon_pkg'
[0.839s] Level 1:colcon.colcon_core.package_identification:_identify(src/rosbridge_suite) by extensions ['colcon_meta']
[0.839s] Level 1:colcon.colcon_core.package_identification:_identify(src/rosbridge_suite) by extension 'colcon_meta'
[0.840s] Level 1:colcon.colcon_core.package_identification:_identify(src/rosbridge_suite) by extensions ['ros']
[0.840s] Level 1:colcon.colcon_core.package_identification:_identify(src/rosbridge_suite) by extension 'ros'
[0.840s] Level 1:colcon.colcon_core.package_identification:_identify(src/rosbridge_suite) by extensions ['cmake', 'python']
[0.840s] Level 1:colcon.colcon_core.package_identification:_identify(src/rosbridge_suite) by extension 'cmake'
[0.840s] Level 1:colcon.colcon_core.package_identification:_identify(src/rosbridge_suite) by extension 'python'
[0.840s] Level 1:colcon.colcon_core.package_identification:_identify(src/rosbridge_suite) by extensions ['python_setup_py']
[0.841s] Level 1:colcon.colcon_core.package_identification:_identify(src/rosbridge_suite) by extension 'python_setup_py'
[0.841s] Level 1:colcon.colcon_core.package_identification:_identify(src/rosbridge_suite/rosapi) by extensions ['ignore', 'ignore_ament_install']
[0.841s] Level 1:colcon.colcon_core.package_identification:_identify(src/rosbridge_suite/rosapi) by extension 'ignore'
[0.842s] Level 1:colcon.colcon_core.package_identification:_identify(src/rosbridge_suite/rosapi) by extension 'ignore_ament_install'
[0.842s] Level 1:colcon.colcon_core.package_identification:_identify(src/rosbridge_suite/rosapi) by extensions ['colcon_pkg']
[0.842s] Level 1:colcon.colcon_core.package_identification:_identify(src/rosbridge_suite/rosapi) by extension 'colcon_pkg'
[0.842s] Level 1:colcon.colcon_core.package_identification:_identify(src/rosbridge_suite/rosapi) by extensions ['colcon_meta']
[0.842s] Level 1:colcon.colcon_core.package_identification:_identify(src/rosbridge_suite/rosapi) by extension 'colcon_meta'
[0.842s] Level 1:colcon.colcon_core.package_identification:_identify(src/rosbridge_suite/rosapi) by extensions ['ros']
[0.843s] Level 1:colcon.colcon_core.package_identification:_identify(src/rosbridge_suite/rosapi) by extension 'ros'
[0.845s] DEBUG:colcon.colcon_core.package_identification:Package 'src/rosbridge_suite/rosapi' with type 'ros.ament_cmake' and name 'rosapi'
[0.846s] Level 1:colcon.colcon_core.package_identification:_identify(src/rosbridge_suite/rosapi_msgs) by extensions ['ignore', 'ignore_ament_install']
[0.846s] Level 1:colcon.colcon_core.package_identification:_identify(src/rosbridge_suite/rosapi_msgs) by extension 'ignore'
[0.846s] Level 1:colcon.colcon_core.package_identification:_identify(src/rosbridge_suite/rosapi_msgs) by extension 'ignore_ament_install'
[0.846s] Level 1:colcon.colcon_core.package_identification:_identify(src/rosbridge_suite/rosapi_msgs) by extensions ['colcon_pkg']
[0.846s] Level 1:colcon.colcon_core.package_identification:_identify(src/rosbridge_suite/rosapi_msgs) by extension 'colcon_pkg'
[0.847s] Level 1:colcon.colcon_core.package_identification:_identify(src/rosbridge_suite/rosapi_msgs) by extensions ['colcon_meta']
[0.847s] Level 1:colcon.colcon_core.package_identification:_identify(src/rosbridge_suite/rosapi_msgs) by extension 'colcon_meta'
[0.847s] Level 1:colcon.colcon_core.package_identification:_identify(src/rosbridge_suite/rosapi_msgs) by extensions ['ros']
[0.847s] Level 1:colcon.colcon_core.package_identification:_identify(src/rosbridge_suite/rosapi_msgs) by extension 'ros'
[0.850s] DEBUG:colcon.colcon_core.package_identification:Package 'src/rosbridge_suite/rosapi_msgs' with type 'ros.ament_cmake' and name 'rosapi_msgs'
[0.850s] Level 1:colcon.colcon_core.package_identification:_identify(src/rosbridge_suite/rosbridge_library) by extensions ['ignore', 'ignore_ament_install']
[0.850s] Level 1:colcon.colcon_core.package_identification:_identify(src/rosbridge_suite/rosbridge_library) by extension 'ignore'
[0.851s] Level 1:colcon.colcon_core.package_identification:_identify(src/rosbridge_suite/rosbridge_library) by extension 'ignore_ament_install'
[0.851s] Level 1:colcon.colcon_core.package_identification:_identify(src/rosbridge_suite/rosbridge_library) by extensions ['colcon_pkg']
[0.851s] Level 1:colcon.colcon_core.package_identification:_identify(src/rosbridge_suite/rosbridge_library) by extension 'colcon_pkg'
[0.851s] Level 1:colcon.colcon_core.package_identification:_identify(src/rosbridge_suite/rosbridge_library) by extensions ['colcon_meta']
[0.851s] Level 1:colcon.colcon_core.package_identification:_identify(src/rosbridge_suite/rosbridge_library) by extension 'colcon_meta'
[0.851s] Level 1:colcon.colcon_core.package_identification:_identify(src/rosbridge_suite/rosbridge_library) by extensions ['ros']
[0.852s] Level 1:colcon.colcon_core.package_identification:_identify(src/rosbridge_suite/rosbridge_library) by extension 'ros'
[0.854s] DEBUG:colcon.colcon_core.package_identification:Package 'src/rosbridge_suite/rosbridge_library' with type 'ros.ament_cmake' and name 'rosbridge_library'
[0.855s] Level 1:colcon.colcon_core.package_identification:_identify(src/rosbridge_suite/rosbridge_msgs) by extensions ['ignore', 'ignore_ament_install']
[0.855s] Level 1:colcon.colcon_core.package_identification:_identify(src/rosbridge_suite/rosbridge_msgs) by extension 'ignore'
[0.855s] Level 1:colcon.colcon_core.package_identification:_identify(src/rosbridge_suite/rosbridge_msgs) by extension 'ignore_ament_install'
[0.855s] Level 1:colcon.colcon_core.package_identification:_identify(src/rosbridge_suite/rosbridge_msgs) by extensions ['colcon_pkg']
[0.856s] Level 1:colcon.colcon_core.package_identification:_identify(src/rosbridge_suite/rosbridge_msgs) by extension 'colcon_pkg'
[0.856s] Level 1:colcon.colcon_core.package_identification:_identify(src/rosbridge_suite/rosbridge_msgs) by extensions ['colcon_meta']
[0.856s] Level 1:colcon.colcon_core.package_identification:_identify(src/rosbridge_suite/rosbridge_msgs) by extension 'colcon_meta'
[0.856s] Level 1:colcon.colcon_core.package_identification:_identify(src/rosbridge_suite/rosbridge_msgs) by extensions ['ros']
[0.856s] Level 1:colcon.colcon_core.package_identification:_identify(src/rosbridge_suite/rosbridge_msgs) by extension 'ros'
[0.858s] DEBUG:colcon.colcon_core.package_identification:Package 'src/rosbridge_suite/rosbridge_msgs' with type 'ros.ament_cmake' and name 'rosbridge_msgs'
[0.859s] Level 1:colcon.colcon_core.package_identification:_identify(src/rosbridge_suite/rosbridge_server) by extensions ['ignore', 'ignore_ament_install']
[0.859s] Level 1:colcon.colcon_core.package_identification:_identify(src/rosbridge_suite/rosbridge_server) by extension 'ignore'
[0.859s] Level 1:colcon.colcon_core.package_identification:_identify(src/rosbridge_suite/rosbridge_server) by extension 'ignore_ament_install'
[0.860s] Level 1:colcon.colcon_core.package_identification:_identify(src/rosbridge_suite/rosbridge_server) by extensions ['colcon_pkg']
[0.860s] Level 1:colcon.colcon_core.package_identification:_identify(src/rosbridge_suite/rosbridge_server) by extension 'colcon_pkg'
[0.860s] Level 1:colcon.colcon_core.package_identification:_identify(src/rosbridge_suite/rosbridge_server) by extensions ['colcon_meta']
[0.860s] Level 1:colcon.colcon_core.package_identification:_identify(src/rosbridge_suite/rosbridge_server) by extension 'colcon_meta'
[0.860s] Level 1:colcon.colcon_core.package_identification:_identify(src/rosbridge_suite/rosbridge_server) by extensions ['ros']
[0.860s] Level 1:colcon.colcon_core.package_identification:_identify(src/rosbridge_suite/rosbridge_server) by extension 'ros'
[0.863s] DEBUG:colcon.colcon_core.package_identification:Package 'src/rosbridge_suite/rosbridge_server' with type 'ros.ament_cmake' and name 'rosbridge_server'
[0.863s] Level 1:colcon.colcon_core.package_identification:_identify(src/rosbridge_suite/rosbridge_suite) by extensions ['ignore', 'ignore_ament_install']
[0.863s] Level 1:colcon.colcon_core.package_identification:_identify(src/rosbridge_suite/rosbridge_suite) by extension 'ignore'
[0.864s] Level 1:colcon.colcon_core.package_identification:_identify(src/rosbridge_suite/rosbridge_suite) by extension 'ignore_ament_install'
[0.864s] Level 1:colcon.colcon_core.package_identification:_identify(src/rosbridge_suite/rosbridge_suite) by extensions ['colcon_pkg']
[0.864s] Level 1:colcon.colcon_core.package_identification:_identify(src/rosbridge_suite/rosbridge_suite) by extension 'colcon_pkg'
[0.864s] Level 1:colcon.colcon_core.package_identification:_identify(src/rosbridge_suite/rosbridge_suite) by extensions ['colcon_meta']
[0.864s] Level 1:colcon.colcon_core.package_identification:_identify(src/rosbridge_suite/rosbridge_suite) by extension 'colcon_meta'
[0.865s] Level 1:colcon.colcon_core.package_identification:_identify(src/rosbridge_suite/rosbridge_suite) by extensions ['ros']
[0.865s] Level 1:colcon.colcon_core.package_identification:_identify(src/rosbridge_suite/rosbridge_suite) by extension 'ros'
[0.867s] DEBUG:colcon.colcon_core.package_identification:Package 'src/rosbridge_suite/rosbridge_suite' with type 'ros.ament_cmake' and name 'rosbridge_suite'
[0.867s] Level 1:colcon.colcon_core.package_identification:_identify(src/rosbridge_suite/rosbridge_test_msgs) by extensions ['ignore', 'ignore_ament_install']
[0.868s] Level 1:colcon.colcon_core.package_identification:_identify(src/rosbridge_suite/rosbridge_test_msgs) by extension 'ignore'
[0.868s] Level 1:colcon.colcon_core.package_identification:_identify(src/rosbridge_suite/rosbridge_test_msgs) by extension 'ignore_ament_install'
[0.868s] Level 1:colcon.colcon_core.package_identification:_identify(src/rosbridge_suite/rosbridge_test_msgs) by extensions ['colcon_pkg']
[0.869s] Level 1:colcon.colcon_core.package_identification:_identify(src/rosbridge_suite/rosbridge_test_msgs) by extension 'colcon_pkg'
[0.869s] Level 1:colcon.colcon_core.package_identification:_identify(src/rosbridge_suite/rosbridge_test_msgs) by extensions ['colcon_meta']
[0.869s] Level 1:colcon.colcon_core.package_identification:_identify(src/rosbridge_suite/rosbridge_test_msgs) by extension 'colcon_meta'
[0.869s] Level 1:colcon.colcon_core.package_identification:_identify(src/rosbridge_suite/rosbridge_test_msgs) by extensions ['ros']
[0.869s] Level 1:colcon.colcon_core.package_identification:_identify(src/rosbridge_suite/rosbridge_test_msgs) by extension 'ros'
[0.872s] DEBUG:colcon.colcon_core.package_identification:Package 'src/rosbridge_suite/rosbridge_test_msgs' with type 'ros.ament_cmake' and name 'rosbridge_test_msgs'
[0.872s] Level 1:colcon.colcon_core.package_discovery:discover_packages(recursive) using defaults
[0.872s] Level 1:colcon.colcon_core.package_discovery:discover_packages(ignore) discover
[0.872s] Level 1:colcon.colcon_core.package_discovery:discover_packages(ignore) using defaults
[0.872s] Level 1:colcon.colcon_core.package_discovery:discover_packages(path) discover
[0.872s] Level 1:colcon.colcon_core.package_discovery:discover_packages(path) using defaults
[0.961s] INFO:colcon.colcon_core.package_selection:Skipping not selected package 'arduino_ros' in 'src/arduino_ros'
[0.961s] INFO:colcon.colcon_core.package_selection:Skipping not selected package 'bot_teleop' in 'src/bot_teleop'
[0.961s] INFO:colcon.colcon_core.package_selection:Skipping not selected package 'move_base' in 'src/move_base'
[0.961s] INFO:colcon.colcon_core.package_selection:Skipping not selected package 'onyx_robot' in 'src/onyx_robot'
[0.961s] INFO:colcon.colcon_core.package_selection:Skipping not selected package 'pump_controller' in 'src/pump_controller'
[0.961s] INFO:colcon.colcon_core.package_selection:Skipping not selected package 'ros_bot_camera' in 'src/ros_bot_camera'
[0.961s] INFO:colcon.colcon_core.package_selection:Skipping not selected package 'ros_bot_imu' in 'src/ros_bot_imu'
[0.961s] INFO:colcon.colcon_core.package_selection:Skipping not selected package 'ros_bot_sim' in 'src/ros_bot_sim'
[0.962s] INFO:colcon.colcon_core.package_selection:Skipping not selected package 'rosapi_msgs' in 'src/rosbridge_suite/rosapi_msgs'
[0.962s] INFO:colcon.colcon_core.package_selection:Skipping not selected package 'rosapi' in 'src/rosbridge_suite/rosapi'
[0.963s] Level 1:colcon.colcon_core.package_discovery:discover_packages(prefix_path) check parameters
[0.963s] Level 1:colcon.colcon_core.package_discovery:discover_packages(prefix_path) discover
[0.974s] DEBUG:colcon.colcon_installed_package_information.package_discovery:Found 9 installed packages in /home/Malvin/my_ros_bot/install
[0.982s] DEBUG:colcon.colcon_installed_package_information.package_discovery:Found 206 installed packages in /opt/ros/jazzy
[0.988s] Level 1:colcon.colcon_core.package_discovery:discover_packages(prefix_path) using defaults
[1.128s] Level 5:colcon.colcon_core.verb:set package 'rosbridge_msgs' build argument 'cmake_args' from command line to 'None'
[1.128s] Level 5:colcon.colcon_core.verb:set package 'rosbridge_msgs' build argument 'cmake_target' from command line to 'None'
[1.128s] Level 5:colcon.colcon_core.verb:set package 'rosbridge_msgs' build argument 'cmake_target_skip_unavailable' from command line to 'False'
[1.128s] Level 5:colcon.colcon_core.verb:set package 'rosbridge_msgs' build argument 'cmake_clean_cache' from command line to 'False'
[1.128s] Level 5:colcon.colcon_core.verb:set package 'rosbridge_msgs' build argument 'cmake_clean_first' from command line to 'False'
[1.129s] Level 5:colcon.colcon_core.verb:set package 'rosbridge_msgs' build argument 'cmake_force_configure' from command line to 'False'
[1.129s] Level 5:colcon.colcon_core.verb:set package 'rosbridge_msgs' build argument 'ament_cmake_args' from command line to 'None'
[1.129s] Level 5:colcon.colcon_core.verb:set package 'rosbridge_msgs' build argument 'catkin_cmake_args' from command line to 'None'
[1.129s] Level 5:colcon.colcon_core.verb:set package 'rosbridge_msgs' build argument 'catkin_skip_building_tests' from command line to 'False'
[1.129s] DEBUG:colcon.colcon_core.verb:Building package 'rosbridge_msgs' with the following arguments: {'ament_cmake_args': None, 'build_base': '/home/Malvin/my_ros_bot/build/rosbridge_msgs', 'catkin_cmake_args': None, 'catkin_skip_building_tests': False, 'cmake_args': None, 'cmake_clean_cache': False, 'cmake_clean_first': False, 'cmake_force_configure': False, 'cmake_target': None, 'cmake_target_skip_unavailable': False, 'install_base': '/home/Malvin/my_ros_bot/install/rosbridge_msgs', 'merge_install': False, 'path': '/home/Malvin/my_ros_bot/src/rosbridge_suite/rosbridge_msgs', 'symlink_install': False, 'test_result_base': None}
[1.130s] Level 5:colcon.colcon_core.verb:set package 'rosbridge_test_msgs' build argument 'cmake_args' from command line to 'None'
[1.130s] Level 5:colcon.colcon_core.verb:set package 'rosbridge_test_msgs' build argument 'cmake_target' from command line to 'None'
[1.130s] Level 5:colcon.colcon_core.verb:set package 'rosbridge_test_msgs' build argument 'cmake_target_skip_unavailable' from command line to 'False'
[1.131s] Level 5:colcon.colcon_core.verb:set package 'rosbridge_test_msgs' build argument 'cmake_clean_cache' from command line to 'False'
[1.131s] Level 5:colcon.colcon_core.verb:set package 'rosbridge_test_msgs' build argument 'cmake_clean_first' from command line to 'False'
[1.131s] Level 5:colcon.colcon_core.verb:set package 'rosbridge_test_msgs' build argument 'cmake_force_configure' from command line to 'False'
[1.131s] Level 5:colcon.colcon_core.verb:set package 'rosbridge_test_msgs' build argument 'ament_cmake_args' from command line to 'None'
[1.131s] Level 5:colcon.colcon_core.verb:set package 'rosbridge_test_msgs' build argument 'catkin_cmake_args' from command line to 'None'
[1.131s] Level 5:colcon.colcon_core.verb:set package 'rosbridge_test_msgs' build argument 'catkin_skip_building_tests' from command line to 'False'
[1.131s] DEBUG:colcon.colcon_core.verb:Building package 'rosbridge_test_msgs' with the following arguments: {'ament_cmake_args': None, 'build_base': '/home/Malvin/my_ros_bot/build/rosbridge_test_msgs', 'catkin_cmake_args': None, 'catkin_skip_building_tests': False, 'cmake_args': None, 'cmake_clean_cache': False, 'cmake_clean_first': False, 'cmake_force_configure': False, 'cmake_target': None, 'cmake_target_skip_unavailable': False, 'install_base': '/home/Malvin/my_ros_bot/install/rosbridge_test_msgs', 'merge_install': False, 'path': '/home/Malvin/my_ros_bot/src/rosbridge_suite/rosbridge_test_msgs', 'symlink_install': False, 'test_result_base': None}
[1.132s] Level 5:colcon.colcon_core.verb:set package 'rosbridge_library' build argument 'cmake_args' from command line to 'None'
[1.132s] Level 5:colcon.colcon_core.verb:set package 'rosbridge_library' build argument 'cmake_target' from command line to 'None'
[1.133s] Level 5:colcon.colcon_core.verb:set package 'rosbridge_library' build argument 'cmake_target_skip_unavailable' from command line to 'False'
[1.133s] Level 5:colcon.colcon_core.verb:set package 'rosbridge_library' build argument 'cmake_clean_cache' from command line to 'False'
[1.133s] Level 5:colcon.colcon_core.verb:set package 'rosbridge_library' build argument 'cmake_clean_first' from command line to 'False'
[1.133s] Level 5:colcon.colcon_core.verb:set package 'rosbridge_library' build argument 'cmake_force_configure' from command line to 'False'
[1.133s] Level 5:colcon.colcon_core.verb:set package 'rosbridge_library' build argument 'ament_cmake_args' from command line to 'None'
[1.133s] Level 5:colcon.colcon_core.verb:set package 'rosbridge_library' build argument 'catkin_cmake_args' from command line to 'None'
[1.133s] Level 5:colcon.colcon_core.verb:set package 'rosbridge_library' build argument 'catkin_skip_building_tests' from command line to 'False'
[1.133s] DEBUG:colcon.colcon_core.verb:Building package 'rosbridge_library' with the following arguments: {'ament_cmake_args': None, 'build_base': '/home/Malvin/my_ros_bot/build/rosbridge_library', 'catkin_cmake_args': None, 'catkin_skip_building_tests': False, 'cmake_args': None, 'cmake_clean_cache': False, 'cmake_clean_first': False, 'cmake_force_configure': False, 'cmake_target': None, 'cmake_target_skip_unavailable': False, 'install_base': '/home/Malvin/my_ros_bot/install/rosbridge_library', 'merge_install': False, 'path': '/home/Malvin/my_ros_bot/src/rosbridge_suite/rosbridge_library', 'symlink_install': False, 'test_result_base': None}
[1.134s] Level 5:colcon.colcon_core.verb:set package 'rosbridge_server' build argument 'cmake_args' from command line to 'None'
[1.135s] Level 5:colcon.colcon_core.verb:set package 'rosbridge_server' build argument 'cmake_target' from command line to 'None'
[1.135s] Level 5:colcon.colcon_core.verb:set package 'rosbridge_server' build argument 'cmake_target_skip_unavailable' from command line to 'False'
[1.135s] Level 5:colcon.colcon_core.verb:set package 'rosbridge_server' build argument 'cmake_clean_cache' from command line to 'False'
[1.135s] Level 5:colcon.colcon_core.verb:set package 'rosbridge_server' build argument 'cmake_clean_first' from command line to 'False'
[1.135s] Level 5:colcon.colcon_core.verb:set package 'rosbridge_server' build argument 'cmake_force_configure' from command line to 'False'
[1.135s] Level 5:colcon.colcon_core.verb:set package 'rosbridge_server' build argument 'ament_cmake_args' from command line to 'None'
[1.135s] Level 5:colcon.colcon_core.verb:set package 'rosbridge_server' build argument 'catkin_cmake_args' from command line to 'None'
[1.135s] Level 5:colcon.colcon_core.verb:set package 'rosbridge_server' build argument 'catkin_skip_building_tests' from command line to 'False'
[1.135s] DEBUG:colcon.colcon_core.verb:Building package 'rosbridge_server' with the following arguments: {'ament_cmake_args': None, 'build_base': '/home/Malvin/my_ros_bot/build/rosbridge_server', 'catkin_cmake_args': None, 'catkin_skip_building_tests': False, 'cmake_args': None, 'cmake_clean_cache': False, 'cmake_clean_first': False, 'cmake_force_configure': False, 'cmake_target': None, 'cmake_target_skip_unavailable': False, 'install_base': '/home/Malvin/my_ros_bot/install/rosbridge_server', 'merge_install': False, 'path': '/home/Malvin/my_ros_bot/src/rosbridge_suite/rosbridge_server', 'symlink_install': False, 'test_result_base': None}
[1.137s] Level 5:colcon.colcon_core.verb:set package 'rosbridge_suite' build argument 'cmake_args' from command line to 'None'
[1.137s] Level 5:colcon.colcon_core.verb:set package 'rosbridge_suite' build argument 'cmake_target' from command line to 'None'
[1.137s] Level 5:colcon.colcon_core.verb:set package 'rosbridge_suite' build argument 'cmake_target_skip_unavailable' from command line to 'False'
[1.137s] Level 5:colcon.colcon_core.verb:set package 'rosbridge_suite' build argument 'cmake_clean_cache' from command line to 'False'
[1.137s] Level 5:colcon.colcon_core.verb:set package 'rosbridge_suite' build argument 'cmake_clean_first' from command line to 'False'
[1.137s] Level 5:colcon.colcon_core.verb:set package 'rosbridge_suite' build argument 'cmake_force_configure' from command line to 'False'
[1.137s] Level 5:colcon.colcon_core.verb:set package 'rosbridge_suite' build argument 'ament_cmake_args' from command line to 'None'
[1.137s] Level 5:colcon.colcon_core.verb:set package 'rosbridge_suite' build argument 'catkin_cmake_args' from command line to 'None'
[1.137s] Level 5:colcon.colcon_core.verb:set package 'rosbridge_suite' build argument 'catkin_skip_building_tests' from command line to 'False'
[1.138s] DEBUG:colcon.colcon_core.verb:Building package 'rosbridge_suite' with the following arguments: {'ament_cmake_args': None, 'build_base': '/home/Malvin/my_ros_bot/build/rosbridge_suite', 'catkin_cmake_args': None, 'catkin_skip_building_tests': False, 'cmake_args': None, 'cmake_clean_cache': False, 'cmake_clean_first': False, 'cmake_force_configure': False, 'cmake_target': None, 'cmake_target_skip_unavailable': False, 'install_base': '/home/Malvin/my_ros_bot/install/rosbridge_suite', 'merge_install': False, 'path': '/home/Malvin/my_ros_bot/src/rosbridge_suite/rosbridge_suite', 'symlink_install': False, 'test_result_base': None}
[1.138s] INFO:colcon.colcon_core.executor:Executing jobs using 'parallel' executor
[1.141s] DEBUG:colcon.colcon_parallel_executor.executor.parallel:run_until_complete
[1.142s] INFO:colcon.colcon_ros.task.ament_cmake.build:Building ROS package in '/home/Malvin/my_ros_bot/src/rosbridge_suite/rosbridge_test_msgs' with build type 'ament_cmake'
[1.143s] INFO:colcon.colcon_cmake.task.cmake.build:Building CMake package in '/home/Malvin/my_ros_bot/src/rosbridge_suite/rosbridge_test_msgs'
[1.154s] INFO:colcon.colcon_core.plugin_system:Skipping extension 'colcon_core.shell.bat': Not used on non-Windows systems
[1.155s] INFO:colcon.colcon_core.shell:Skip shell extension 'powershell' for command environment: Not usable outside of PowerShell
[1.155s] DEBUG:colcon.colcon_core.shell:Skip shell extension 'dsv' for command environment
[1.174s] INFO:colcon.colcon_ros.task.ament_cmake.build:Building ROS package in '/home/Malvin/my_ros_bot/src/rosbridge_suite/rosbridge_msgs' with build type 'ament_cmake'
[1.174s] INFO:colcon.colcon_cmake.task.cmake.build:Building CMake package in '/home/Malvin/my_ros_bot/src/rosbridge_suite/rosbridge_msgs'
[1.175s] INFO:colcon.colcon_core.shell:Skip shell extension 'powershell' for command environment: Not usable outside of PowerShell
[1.176s] DEBUG:colcon.colcon_core.shell:Skip shell extension 'dsv' for command environment
[1.205s] DEBUG:colcon.colcon_core.event_handler.log_command:Invoking command in '/home/Malvin/my_ros_bot/build/rosbridge_test_msgs': CMAKE_PREFIX_PATH=/home/Malvin/my_ros_bot/install/ros_bot_sim:/home/Malvin/my_ros_bot/install/ros_bot_imu:/home/Malvin/my_ros_bot/install/ros_bot_camera:/home/Malvin/my_ros_bot/install/pump_controller:/home/Malvin/my_ros_bot/install/onyx_robot:/home/Malvin/my_ros_bot/install/move_base:/home/Malvin/my_ros_bot/install/bot_teleop:/home/Malvin/my_ros_bot/install/arduino_ros:/opt/ros/jazzy PS1=(robot_space) \[\e]0;\u@\h: \w\a\]${debian_chroot:+($debian_chroot)}\[\033[01;32m\]\u@\h\[\033[00m\]:\[\033[01;34m\]\w\[\033[00m\]\$ VIRTUAL_ENV_PROMPT=(robot_space) /usr/bin/cmake /home/Malvin/my_ros_bot/src/rosbridge_suite/rosbridge_test_msgs -DCMAKE_INSTALL_PREFIX=/home/Malvin/my_ros_bot/install/rosbridge_test_msgs
[1.240s] DEBUG:colcon.colcon_core.event_handler.log_command:Invoking command in '/home/Malvin/my_ros_bot/build/rosbridge_msgs': CMAKE_PREFIX_PATH=/home/Malvin/my_ros_bot/install/ros_bot_sim:/home/Malvin/my_ros_bot/install/ros_bot_imu:/home/Malvin/my_ros_bot/install/ros_bot_camera:/home/Malvin/my_ros_bot/install/pump_controller:/home/Malvin/my_ros_bot/install/onyx_robot:/home/Malvin/my_ros_bot/install/move_base:/home/Malvin/my_ros_bot/install/bot_teleop:/home/Malvin/my_ros_bot/install/arduino_ros:/opt/ros/jazzy PS1=(robot_space) \[\e]0;\u@\h: \w\a\]${debian_chroot:+($debian_chroot)}\[\033[01;32m\]\u@\h\[\033[00m\]:\[\033[01;34m\]\w\[\033[00m\]\$ VIRTUAL_ENV_PROMPT=(robot_space) /usr/bin/cmake /home/Malvin/my_ros_bot/src/rosbridge_suite/rosbridge_msgs -DCMAKE_INSTALL_PREFIX=/home/Malvin/my_ros_bot/install/rosbridge_msgs
[30.261s] DEBUG:colcon.colcon_core.event_handler.log_command:Invoked command in '/home/Malvin/my_ros_bot/build/rosbridge_msgs' returned '0': CMAKE_PREFIX_PATH=/home/Malvin/my_ros_bot/install/ros_bot_sim:/home/Malvin/my_ros_bot/install/ros_bot_imu:/home/Malvin/my_ros_bot/install/ros_bot_camera:/home/Malvin/my_ros_bot/install/pump_controller:/home/Malvin/my_ros_bot/install/onyx_robot:/home/Malvin/my_ros_bot/install/move_base:/home/Malvin/my_ros_bot/install/bot_teleop:/home/Malvin/my_ros_bot/install/arduino_ros:/opt/ros/jazzy PS1=(robot_space) \[\e]0;\u@\h: \w\a\]${debian_chroot:+($debian_chroot)}\[\033[01;32m\]\u@\h\[\033[00m\]:\[\033[01;34m\]\w\[\033[00m\]\$ VIRTUAL_ENV_PROMPT=(robot_space) /usr/bin/cmake /home/Malvin/my_ros_bot/src/rosbridge_suite/rosbridge_msgs -DCMAKE_INSTALL_PREFIX=/home/Malvin/my_ros_bot/install/rosbridge_msgs
[30.269s] DEBUG:colcon.colcon_core.event_handler.log_command:Invoking command in '/home/Malvin/my_ros_bot/build/rosbridge_msgs': CMAKE_PREFIX_PATH=/home/Malvin/my_ros_bot/install/ros_bot_sim:/home/Malvin/my_ros_bot/install/ros_bot_imu:/home/Malvin/my_ros_bot/install/ros_bot_camera:/home/Malvin/my_ros_bot/install/pump_controller:/home/Malvin/my_ros_bot/install/onyx_robot:/home/Malvin/my_ros_bot/install/move_base:/home/Malvin/my_ros_bot/install/bot_teleop:/home/Malvin/my_ros_bot/install/arduino_ros:/opt/ros/jazzy PS1=(robot_space) \[\e]0;\u@\h: \w\a\]${debian_chroot:+($debian_chroot)}\[\033[01;32m\]\u@\h\[\033[00m\]:\[\033[01;34m\]\w\[\033[00m\]\$ VIRTUAL_ENV_PROMPT=(robot_space) /usr/bin/cmake --build /home/Malvin/my_ros_bot/build/rosbridge_msgs -- -j4 -l4
[34.150s] DEBUG:colcon.colcon_core.event_handler.log_command:Invoked command in '/home/Malvin/my_ros_bot/build/rosbridge_test_msgs' returned '0': CMAKE_PREFIX_PATH=/home/Malvin/my_ros_bot/install/ros_bot_sim:/home/Malvin/my_ros_bot/install/ros_bot_imu:/home/Malvin/my_ros_bot/install/ros_bot_camera:/home/Malvin/my_ros_bot/install/pump_controller:/home/Malvin/my_ros_bot/install/onyx_robot:/home/Malvin/my_ros_bot/install/move_base:/home/Malvin/my_ros_bot/install/bot_teleop:/home/Malvin/my_ros_bot/install/arduino_ros:/opt/ros/jazzy PS1=(robot_space) \[\e]0;\u@\h: \w\a\]${debian_chroot:+($debian_chroot)}\[\033[01;32m\]\u@\h\[\033[00m\]:\[\033[01;34m\]\w\[\033[00m\]\$ VIRTUAL_ENV_PROMPT=(robot_space) /usr/bin/cmake /home/Malvin/my_ros_bot/src/rosbridge_suite/rosbridge_test_msgs -DCMAKE_INSTALL_PREFIX=/home/Malvin/my_ros_bot/install/rosbridge_test_msgs
[34.151s] DEBUG:colcon.colcon_core.event_handler.log_command:Invoking command in '/home/Malvin/my_ros_bot/build/rosbridge_test_msgs': CMAKE_PREFIX_PATH=/home/Malvin/my_ros_bot/install/ros_bot_sim:/home/Malvin/my_ros_bot/install/ros_bot_imu:/home/Malvin/my_ros_bot/install/ros_bot_camera:/home/Malvin/my_ros_bot/install/pump_controller:/home/Malvin/my_ros_bot/install/onyx_robot:/home/Malvin/my_ros_bot/install/move_base:/home/Malvin/my_ros_bot/install/bot_teleop:/home/Malvin/my_ros_bot/install/arduino_ros:/opt/ros/jazzy PS1=(robot_space) \[\e]0;\u@\h: \w\a\]${debian_chroot:+($debian_chroot)}\[\033[01;32m\]\u@\h\[\033[00m\]:\[\033[01;34m\]\w\[\033[00m\]\$ VIRTUAL_ENV_PROMPT=(robot_space) /usr/bin/cmake --build /home/Malvin/my_ros_bot/build/rosbridge_test_msgs -- -j4 -l4
[57.548s] DEBUG:colcon.colcon_core.event_handler.log_command:Invoked command in '/home/Malvin/my_ros_bot/build/rosbridge_msgs' returned '0': CMAKE_PREFIX_PATH=/home/Malvin/my_ros_bot/install/ros_bot_sim:/home/Malvin/my_ros_bot/install/ros_bot_imu:/home/Malvin/my_ros_bot/install/ros_bot_camera:/home/Malvin/my_ros_bot/install/pump_controller:/home/Malvin/my_ros_bot/install/onyx_robot:/home/Malvin/my_ros_bot/install/move_base:/home/Malvin/my_ros_bot/install/bot_teleop:/home/Malvin/my_ros_bot/install/arduino_ros:/opt/ros/jazzy PS1=(robot_space) \[\e]0;\u@\h: \w\a\]${debian_chroot:+($debian_chroot)}\[\033[01;32m\]\u@\h\[\033[00m\]:\[\033[01;34m\]\w\[\033[00m\]\$ VIRTUAL_ENV_PROMPT=(robot_space) /usr/bin/cmake --build /home/Malvin/my_ros_bot/build/rosbridge_msgs -- -j4 -l4
[57.599s] DEBUG:colcon.colcon_core.event_handler.log_command:Invoking command in '/home/Malvin/my_ros_bot/build/rosbridge_msgs': CMAKE_PREFIX_PATH=/home/Malvin/my_ros_bot/install/ros_bot_sim:/home/Malvin/my_ros_bot/install/ros_bot_imu:/home/Malvin/my_ros_bot/install/ros_bot_camera:/home/Malvin/my_ros_bot/install/pump_controller:/home/Malvin/my_ros_bot/install/onyx_robot:/home/Malvin/my_ros_bot/install/move_base:/home/Malvin/my_ros_bot/install/bot_teleop:/home/Malvin/my_ros_bot/install/arduino_ros:/opt/ros/jazzy PS1=(robot_space) \[\e]0;\u@\h: \w\a\]${debian_chroot:+($debian_chroot)}\[\033[01;32m\]\u@\h\[\033[00m\]:\[\033[01;34m\]\w\[\033[00m\]\$ VIRTUAL_ENV_PROMPT=(robot_space) /usr/bin/cmake --install /home/Malvin/my_ros_bot/build/rosbridge_msgs
[58.225s] Level 1:colcon.colcon_core.environment:create_environment_scripts_only(rosbridge_msgs)
[58.228s] DEBUG:colcon.colcon_core.event_handler.log_command:Invoked command in '/home/Malvin/my_ros_bot/build/rosbridge_msgs' returned '0': CMAKE_PREFIX_PATH=/home/Malvin/my_ros_bot/install/ros_bot_sim:/home/Malvin/my_ros_bot/install/ros_bot_imu:/home/Malvin/my_ros_bot/install/ros_bot_camera:/home/Malvin/my_ros_bot/install/pump_controller:/home/Malvin/my_ros_bot/install/onyx_robot:/home/Malvin/my_ros_bot/install/move_base:/home/Malvin/my_ros_bot/install/bot_teleop:/home/Malvin/my_ros_bot/install/arduino_ros:/opt/ros/jazzy PS1=(robot_space) \[\e]0;\u@\h: \w\a\]${debian_chroot:+($debian_chroot)}\[\033[01;32m\]\u@\h\[\033[00m\]:\[\033[01;34m\]\w\[\033[00m\]\$ VIRTUAL_ENV_PROMPT=(robot_space) /usr/bin/cmake --install /home/Malvin/my_ros_bot/build/rosbridge_msgs
[58.261s] Level 1:colcon.colcon_core.environment:checking '/home/Malvin/my_ros_bot/install/rosbridge_msgs' for CMake module files
[58.268s] Level 1:colcon.colcon_core.environment:checking '/home/Malvin/my_ros_bot/install/rosbridge_msgs' for CMake config files
[58.274s] Level 1:colcon.colcon_core.shell:create_environment_hook('rosbridge_msgs', 'cmake_prefix_path')
[58.275s] INFO:colcon.colcon_core.shell:Creating environment hook '/home/Malvin/my_ros_bot/install/rosbridge_msgs/share/rosbridge_msgs/hook/cmake_prefix_path.ps1'
[58.279s] INFO:colcon.colcon_core.shell:Creating environment descriptor '/home/Malvin/my_ros_bot/install/rosbridge_msgs/share/rosbridge_msgs/hook/cmake_prefix_path.dsv'
[58.285s] INFO:colcon.colcon_core.shell:Creating environment hook '/home/Malvin/my_ros_bot/install/rosbridge_msgs/share/rosbridge_msgs/hook/cmake_prefix_path.sh'
[58.290s] Level 1:colcon.colcon_core.environment:checking '/home/Malvin/my_ros_bot/install/rosbridge_msgs/lib'
[58.291s] Level 1:colcon.colcon_core.shell:create_environment_hook('rosbridge_msgs', 'ld_library_path_lib')
[58.292s] INFO:colcon.colcon_core.shell:Creating environment hook '/home/Malvin/my_ros_bot/install/rosbridge_msgs/share/rosbridge_msgs/hook/ld_library_path_lib.ps1'
[58.295s] INFO:colcon.colcon_core.shell:Creating environment descriptor '/home/Malvin/my_ros_bot/install/rosbridge_msgs/share/rosbridge_msgs/hook/ld_library_path_lib.dsv'
[58.297s] INFO:colcon.colcon_core.shell:Creating environment hook '/home/Malvin/my_ros_bot/install/rosbridge_msgs/share/rosbridge_msgs/hook/ld_library_path_lib.sh'
[58.300s] Level 1:colcon.colcon_core.environment:checking '/home/Malvin/my_ros_bot/install/rosbridge_msgs/bin'
[58.300s] Level 1:colcon.colcon_core.environment:checking '/home/Malvin/my_ros_bot/install/rosbridge_msgs/lib/pkgconfig/rosbridge_msgs.pc'
[58.301s] Level 1:colcon.colcon_core.environment:checking '/home/Malvin/my_ros_bot/install/rosbridge_msgs/lib/python3.12/site-packages'
[58.302s] Level 1:colcon.colcon_core.shell:create_environment_hook('rosbridge_msgs', 'pythonpath')
[58.304s] INFO:colcon.colcon_core.shell:Creating environment hook '/home/Malvin/my_ros_bot/install/rosbridge_msgs/share/rosbridge_msgs/hook/pythonpath.ps1'
[58.306s] INFO:colcon.colcon_core.shell:Creating environment descriptor '/home/Malvin/my_ros_bot/install/rosbridge_msgs/share/rosbridge_msgs/hook/pythonpath.dsv'
[58.308s] INFO:colcon.colcon_core.shell:Creating environment hook '/home/Malvin/my_ros_bot/install/rosbridge_msgs/share/rosbridge_msgs/hook/pythonpath.sh'
[58.312s] Level 1:colcon.colcon_core.environment:checking '/home/Malvin/my_ros_bot/install/rosbridge_msgs/bin'
[58.313s] INFO:colcon.colcon_core.shell:Creating package script '/home/Malvin/my_ros_bot/install/rosbridge_msgs/share/rosbridge_msgs/package.ps1'
[58.319s] INFO:colcon.colcon_core.shell:Creating package descriptor '/home/Malvin/my_ros_bot/install/rosbridge_msgs/share/rosbridge_msgs/package.dsv'
[58.323s] INFO:colcon.colcon_core.shell:Creating package script '/home/Malvin/my_ros_bot/install/rosbridge_msgs/share/rosbridge_msgs/package.sh'
[58.327s] INFO:colcon.colcon_core.shell:Creating package script '/home/Malvin/my_ros_bot/install/rosbridge_msgs/share/rosbridge_msgs/package.bash'
[58.332s] INFO:colcon.colcon_core.shell:Creating package script '/home/Malvin/my_ros_bot/install/rosbridge_msgs/share/rosbridge_msgs/package.zsh'
[58.335s] Level 1:colcon.colcon_core.environment:create_file_with_runtime_dependencies(/home/Malvin/my_ros_bot/install/rosbridge_msgs/share/colcon-core/packages/rosbridge_msgs)
[58.339s] Level 1:colcon.colcon_core.environment:create_environment_scripts_only(rosbridge_msgs)
[58.340s] Level 1:colcon.colcon_core.environment:checking '/home/Malvin/my_ros_bot/install/rosbridge_msgs' for CMake module files
[58.346s] Level 1:colcon.colcon_core.environment:checking '/home/Malvin/my_ros_bot/install/rosbridge_msgs' for CMake config files
[58.352s] Level 1:colcon.colcon_core.shell:create_environment_hook('rosbridge_msgs', 'cmake_prefix_path')
[58.353s] INFO:colcon.colcon_core.shell:Creating environment hook '/home/Malvin/my_ros_bot/install/rosbridge_msgs/share/rosbridge_msgs/hook/cmake_prefix_path.ps1'
[58.356s] INFO:colcon.colcon_core.shell:Creating environment descriptor '/home/Malvin/my_ros_bot/install/rosbridge_msgs/share/rosbridge_msgs/hook/cmake_prefix_path.dsv'
[58.358s] INFO:colcon.colcon_core.shell:Creating environment hook '/home/Malvin/my_ros_bot/install/rosbridge_msgs/share/rosbridge_msgs/hook/cmake_prefix_path.sh'
[58.362s] Level 1:colcon.colcon_core.environment:checking '/home/Malvin/my_ros_bot/install/rosbridge_msgs/lib'
[58.363s] Level 1:colcon.colcon_core.shell:create_environment_hook('rosbridge_msgs', 'ld_library_path_lib')
[58.364s] INFO:colcon.colcon_core.shell:Creating environment hook '/home/Malvin/my_ros_bot/install/rosbridge_msgs/share/rosbridge_msgs/hook/ld_library_path_lib.ps1'
[58.366s] INFO:colcon.colcon_core.shell:Creating environment descriptor '/home/Malvin/my_ros_bot/install/rosbridge_msgs/share/rosbridge_msgs/hook/ld_library_path_lib.dsv'
[58.371s] INFO:colcon.colcon_core.shell:Creating environment hook '/home/Malvin/my_ros_bot/install/rosbridge_msgs/share/rosbridge_msgs/hook/ld_library_path_lib.sh'
[58.377s] Level 1:colcon.colcon_core.environment:checking '/home/Malvin/my_ros_bot/install/rosbridge_msgs/bin'
[58.378s] Level 1:colcon.colcon_core.environment:checking '/home/Malvin/my_ros_bot/install/rosbridge_msgs/lib/pkgconfig/rosbridge_msgs.pc'
[58.379s] Level 1:colcon.colcon_core.environment:checking '/home/Malvin/my_ros_bot/install/rosbridge_msgs/lib/python3.12/site-packages'
[58.381s] Level 1:colcon.colcon_core.shell:create_environment_hook('rosbridge_msgs', 'pythonpath')
[58.383s] INFO:colcon.colcon_core.shell:Creating environment hook '/home/Malvin/my_ros_bot/install/rosbridge_msgs/share/rosbridge_msgs/hook/pythonpath.ps1'
[58.386s] INFO:colcon.colcon_core.shell:Creating environment descriptor '/home/Malvin/my_ros_bot/install/rosbridge_msgs/share/rosbridge_msgs/hook/pythonpath.dsv'
[58.389s] INFO:colcon.colcon_core.shell:Creating environment hook '/home/Malvin/my_ros_bot/install/rosbridge_msgs/share/rosbridge_msgs/hook/pythonpath.sh'
[58.437s] Level 1:colcon.colcon_core.environment:checking '/home/Malvin/my_ros_bot/install/rosbridge_msgs/bin'
[58.443s] INFO:colcon.colcon_core.shell:Creating package script '/home/Malvin/my_ros_bot/install/rosbridge_msgs/share/rosbridge_msgs/package.ps1'
[58.449s] INFO:colcon.colcon_core.shell:Creating package descriptor '/home/Malvin/my_ros_bot/install/rosbridge_msgs/share/rosbridge_msgs/package.dsv'
[58.453s] INFO:colcon.colcon_core.shell:Creating package script '/home/Malvin/my_ros_bot/install/rosbridge_msgs/share/rosbridge_msgs/package.sh'
[58.456s] INFO:colcon.colcon_core.shell:Creating package script '/home/Malvin/my_ros_bot/install/rosbridge_msgs/share/rosbridge_msgs/package.bash'
[58.459s] INFO:colcon.colcon_core.shell:Creating package script '/home/Malvin/my_ros_bot/install/rosbridge_msgs/share/rosbridge_msgs/package.zsh'
[58.462s] Level 1:colcon.colcon_core.environment:create_file_with_runtime_dependencies(/home/Malvin/my_ros_bot/install/rosbridge_msgs/share/colcon-core/packages/rosbridge_msgs)
[244.070s] DEBUG:colcon.colcon_core.event_handler.log_command:Invoked command in '/home/Malvin/my_ros_bot/build/rosbridge_test_msgs' returned '0': CMAKE_PREFIX_PATH=/home/Malvin/my_ros_bot/install/ros_bot_sim:/home/Malvin/my_ros_bot/install/ros_bot_imu:/home/Malvin/my_ros_bot/install/ros_bot_camera:/home/Malvin/my_ros_bot/install/pump_controller:/home/Malvin/my_ros_bot/install/onyx_robot:/home/Malvin/my_ros_bot/install/move_base:/home/Malvin/my_ros_bot/install/bot_teleop:/home/Malvin/my_ros_bot/install/arduino_ros:/opt/ros/jazzy PS1=(robot_space) \[\e]0;\u@\h: \w\a\]${debian_chroot:+($debian_chroot)}\[\033[01;32m\]\u@\h\[\033[00m\]:\[\033[01;34m\]\w\[\033[00m\]\$ VIRTUAL_ENV_PROMPT=(robot_space) /usr/bin/cmake --build /home/Malvin/my_ros_bot/build/rosbridge_test_msgs -- -j4 -l4
[244.077s] DEBUG:colcon.colcon_core.event_handler.log_command:Invoking command in '/home/Malvin/my_ros_bot/build/rosbridge_test_msgs': CMAKE_PREFIX_PATH=/home/Malvin/my_ros_bot/install/ros_bot_sim:/home/Malvin/my_ros_bot/install/ros_bot_imu:/home/Malvin/my_ros_bot/install/ros_bot_camera:/home/Malvin/my_ros_bot/install/pump_controller:/home/Malvin/my_ros_bot/install/onyx_robot:/home/Malvin/my_ros_bot/install/move_base:/home/Malvin/my_ros_bot/install/bot_teleop:/home/Malvin/my_ros_bot/install/arduino_ros:/opt/ros/jazzy PS1=(robot_space) \[\e]0;\u@\h: \w\a\]${debian_chroot:+($debian_chroot)}\[\033[01;32m\]\u@\h\[\033[00m\]:\[\033[01;34m\]\w\[\033[00m\]\$ VIRTUAL_ENV_PROMPT=(robot_space) /usr/bin/cmake --install /home/Malvin/my_ros_bot/build/rosbridge_test_msgs
[246.056s] Level 1:colcon.colcon_core.environment:create_environment_scripts_only(rosbridge_test_msgs)
[246.057s] Level 1:colcon.colcon_core.environment:checking '/home/Malvin/my_ros_bot/install/rosbridge_test_msgs' for CMake module files
[246.058s] DEBUG:colcon.colcon_core.event_handler.log_command:Invoked command in '/home/Malvin/my_ros_bot/build/rosbridge_test_msgs' returned '0': CMAKE_PREFIX_PATH=/home/Malvin/my_ros_bot/install/ros_bot_sim:/home/Malvin/my_ros_bot/install/ros_bot_imu:/home/Malvin/my_ros_bot/install/ros_bot_camera:/home/Malvin/my_ros_bot/install/pump_controller:/home/Malvin/my_ros_bot/install/onyx_robot:/home/Malvin/my_ros_bot/install/move_base:/home/Malvin/my_ros_bot/install/bot_teleop:/home/Malvin/my_ros_bot/install/arduino_ros:/opt/ros/jazzy PS1=(robot_space) \[\e]0;\u@\h: \w\a\]${debian_chroot:+($debian_chroot)}\[\033[01;32m\]\u@\h\[\033[00m\]:\[\033[01;34m\]\w\[\033[00m\]\$ VIRTUAL_ENV_PROMPT=(robot_space) /usr/bin/cmake --install /home/Malvin/my_ros_bot/build/rosbridge_test_msgs
[246.063s] Level 1:colcon.colcon_core.environment:checking '/home/Malvin/my_ros_bot/install/rosbridge_test_msgs' for CMake config files
[246.077s] Level 1:colcon.colcon_core.shell:create_environment_hook('rosbridge_test_msgs', 'cmake_prefix_path')
[246.078s] INFO:colcon.colcon_core.shell:Creating environment hook '/home/Malvin/my_ros_bot/install/rosbridge_test_msgs/share/rosbridge_test_msgs/hook/cmake_prefix_path.ps1'
[246.079s] INFO:colcon.colcon_core.shell:Creating environment descriptor '/home/Malvin/my_ros_bot/install/rosbridge_test_msgs/share/rosbridge_test_msgs/hook/cmake_prefix_path.dsv'
[246.081s] INFO:colcon.colcon_core.shell:Creating environment hook '/home/Malvin/my_ros_bot/install/rosbridge_test_msgs/share/rosbridge_test_msgs/hook/cmake_prefix_path.sh'
[246.083s] Level 1:colcon.colcon_core.environment:checking '/home/Malvin/my_ros_bot/install/rosbridge_test_msgs/lib'
[246.083s] Level 1:colcon.colcon_core.shell:create_environment_hook('rosbridge_test_msgs', 'ld_library_path_lib')
[246.084s] INFO:colcon.colcon_core.shell:Creating environment hook '/home/Malvin/my_ros_bot/install/rosbridge_test_msgs/share/rosbridge_test_msgs/hook/ld_library_path_lib.ps1'
[246.086s] INFO:colcon.colcon_core.shell:Creating environment descriptor '/home/Malvin/my_ros_bot/install/rosbridge_test_msgs/share/rosbridge_test_msgs/hook/ld_library_path_lib.dsv'
[246.087s] INFO:colcon.colcon_core.shell:Creating environment hook '/home/Malvin/my_ros_bot/install/rosbridge_test_msgs/share/rosbridge_test_msgs/hook/ld_library_path_lib.sh'
[246.088s] Level 1:colcon.colcon_core.environment:checking '/home/Malvin/my_ros_bot/install/rosbridge_test_msgs/bin'
[246.089s] Level 1:colcon.colcon_core.environment:checking '/home/Malvin/my_ros_bot/install/rosbridge_test_msgs/lib/pkgconfig/rosbridge_test_msgs.pc'
[246.089s] Level 1:colcon.colcon_core.environment:checking '/home/Malvin/my_ros_bot/install/rosbridge_test_msgs/lib/python3.12/site-packages'
[246.090s] Level 1:colcon.colcon_core.shell:create_environment_hook('rosbridge_test_msgs', 'pythonpath')
[246.091s] INFO:colcon.colcon_core.shell:Creating environment hook '/home/Malvin/my_ros_bot/install/rosbridge_test_msgs/share/rosbridge_test_msgs/hook/pythonpath.ps1'
[246.092s] INFO:colcon.colcon_core.shell:Creating environment descriptor '/home/Malvin/my_ros_bot/install/rosbridge_test_msgs/share/rosbridge_test_msgs/hook/pythonpath.dsv'
[246.094s] INFO:colcon.colcon_core.shell:Creating environment hook '/home/Malvin/my_ros_bot/install/rosbridge_test_msgs/share/rosbridge_test_msgs/hook/pythonpath.sh'
[246.096s] Level 1:colcon.colcon_core.environment:checking '/home/Malvin/my_ros_bot/install/rosbridge_test_msgs/bin'
[246.097s] INFO:colcon.colcon_core.shell:Creating package script '/home/Malvin/my_ros_bot/install/rosbridge_test_msgs/share/rosbridge_test_msgs/package.ps1'
[246.100s] INFO:colcon.colcon_core.shell:Creating package descriptor '/home/Malvin/my_ros_bot/install/rosbridge_test_msgs/share/rosbridge_test_msgs/package.dsv'
[246.102s] INFO:colcon.colcon_core.shell:Creating package script '/home/Malvin/my_ros_bot/install/rosbridge_test_msgs/share/rosbridge_test_msgs/package.sh'
[246.104s] INFO:colcon.colcon_core.shell:Creating package script '/home/Malvin/my_ros_bot/install/rosbridge_test_msgs/share/rosbridge_test_msgs/package.bash'
[246.106s] INFO:colcon.colcon_core.shell:Creating package script '/home/Malvin/my_ros_bot/install/rosbridge_test_msgs/share/rosbridge_test_msgs/package.zsh'
[246.107s] Level 1:colcon.colcon_core.environment:create_file_with_runtime_dependencies(/home/Malvin/my_ros_bot/install/rosbridge_test_msgs/share/colcon-core/packages/rosbridge_test_msgs)
[246.110s] Level 1:colcon.colcon_core.environment:create_environment_scripts_only(rosbridge_test_msgs)
[246.110s] Level 1:colcon.colcon_core.environment:checking '/home/Malvin/my_ros_bot/install/rosbridge_test_msgs' for CMake module files
[246.115s] Level 1:colcon.colcon_core.environment:checking '/home/Malvin/my_ros_bot/install/rosbridge_test_msgs' for CMake config files
[246.129s] Level 1:colcon.colcon_core.shell:create_environment_hook('rosbridge_test_msgs', 'cmake_prefix_path')
[246.129s] INFO:colcon.colcon_core.shell:Creating environment hook '/home/Malvin/my_ros_bot/install/rosbridge_test_msgs/share/rosbridge_test_msgs/hook/cmake_prefix_path.ps1'
[246.131s] INFO:colcon.colcon_core.shell:Creating environment descriptor '/home/Malvin/my_ros_bot/install/rosbridge_test_msgs/share/rosbridge_test_msgs/hook/cmake_prefix_path.dsv'
[246.134s] INFO:colcon.colcon_core.shell:Creating environment hook '/home/Malvin/my_ros_bot/install/rosbridge_test_msgs/share/rosbridge_test_msgs/hook/cmake_prefix_path.sh'
[246.137s] Level 1:colcon.colcon_core.environment:checking '/home/Malvin/my_ros_bot/install/rosbridge_test_msgs/lib'
[246.138s] Level 1:colcon.colcon_core.shell:create_environment_hook('rosbridge_test_msgs', 'ld_library_path_lib')
[246.139s] INFO:colcon.colcon_core.shell:Creating environment hook '/home/Malvin/my_ros_bot/install/rosbridge_test_msgs/share/rosbridge_test_msgs/hook/ld_library_path_lib.ps1'
[246.141s] INFO:colcon.colcon_core.shell:Creating environment descriptor '/home/Malvin/my_ros_bot/install/rosbridge_test_msgs/share/rosbridge_test_msgs/hook/ld_library_path_lib.dsv'
[246.144s] INFO:colcon.colcon_core.shell:Creating environment hook '/home/Malvin/my_ros_bot/install/rosbridge_test_msgs/share/rosbridge_test_msgs/hook/ld_library_path_lib.sh'
[246.146s] Level 1:colcon.colcon_core.environment:checking '/home/Malvin/my_ros_bot/install/rosbridge_test_msgs/bin'
[246.147s] Level 1:colcon.colcon_core.environment:checking '/home/Malvin/my_ros_bot/install/rosbridge_test_msgs/lib/pkgconfig/rosbridge_test_msgs.pc'
[246.148s] Level 1:colcon.colcon_core.environment:checking '/home/Malvin/my_ros_bot/install/rosbridge_test_msgs/lib/python3.12/site-packages'
[246.148s] Level 1:colcon.colcon_core.shell:create_environment_hook('rosbridge_test_msgs', 'pythonpath')
[246.149s] INFO:colcon.colcon_core.shell:Creating environment hook '/home/Malvin/my_ros_bot/install/rosbridge_test_msgs/share/rosbridge_test_msgs/hook/pythonpath.ps1'
[246.151s] INFO:colcon.colcon_core.shell:Creating environment descriptor '/home/Malvin/my_ros_bot/install/rosbridge_test_msgs/share/rosbridge_test_msgs/hook/pythonpath.dsv'
[246.154s] INFO:colcon.colcon_core.shell:Creating environment hook '/home/Malvin/my_ros_bot/install/rosbridge_test_msgs/share/rosbridge_test_msgs/hook/pythonpath.sh'
[246.158s] Level 1:colcon.colcon_core.environment:checking '/home/Malvin/my_ros_bot/install/rosbridge_test_msgs/bin'
[246.159s] INFO:colcon.colcon_core.shell:Creating package script '/home/Malvin/my_ros_bot/install/rosbridge_test_msgs/share/rosbridge_test_msgs/package.ps1'
[246.163s] INFO:colcon.colcon_core.shell:Creating package descriptor '/home/Malvin/my_ros_bot/install/rosbridge_test_msgs/share/rosbridge_test_msgs/package.dsv'
[246.165s] INFO:colcon.colcon_core.shell:Creating package script '/home/Malvin/my_ros_bot/install/rosbridge_test_msgs/share/rosbridge_test_msgs/package.sh'
[246.168s] INFO:colcon.colcon_core.shell:Creating package script '/home/Malvin/my_ros_bot/install/rosbridge_test_msgs/share/rosbridge_test_msgs/package.bash'
[246.171s] INFO:colcon.colcon_core.shell:Creating package script '/home/Malvin/my_ros_bot/install/rosbridge_test_msgs/share/rosbridge_test_msgs/package.zsh'
[246.174s] Level 1:colcon.colcon_core.environment:create_file_with_runtime_dependencies(/home/Malvin/my_ros_bot/install/rosbridge_test_msgs/share/colcon-core/packages/rosbridge_test_msgs)
[246.177s] INFO:colcon.colcon_ros.task.ament_cmake.build:Building ROS package in '/home/Malvin/my_ros_bot/src/rosbridge_suite/rosbridge_library' with build type 'ament_cmake'
[246.178s] INFO:colcon.colcon_cmake.task.cmake.build:Building CMake package in '/home/Malvin/my_ros_bot/src/rosbridge_suite/rosbridge_library'
[246.179s] INFO:colcon.colcon_core.shell:Skip shell extension 'powershell' for command environment: Not usable outside of PowerShell
[246.179s] DEBUG:colcon.colcon_core.shell:Skip shell extension 'dsv' for command environment
[246.236s] DEBUG:colcon.colcon_core.event_handler.log_command:Invoking command in '/home/Malvin/my_ros_bot/build/rosbridge_library': AMENT_PREFIX_PATH=/home/Malvin/my_ros_bot/install/rosbridge_test_msgs:${AMENT_PREFIX_PATH} CMAKE_PREFIX_PATH=/home/Malvin/my_ros_bot/install/rosbridge_test_msgs:/home/Malvin/my_ros_bot/install/ros_bot_sim:/home/Malvin/my_ros_bot/install/ros_bot_imu:/home/Malvin/my_ros_bot/install/ros_bot_camera:/home/Malvin/my_ros_bot/install/pump_controller:/home/Malvin/my_ros_bot/install/onyx_robot:/home/Malvin/my_ros_bot/install/move_base:/home/Malvin/my_ros_bot/install/bot_teleop:/home/Malvin/my_ros_bot/install/arduino_ros:/opt/ros/jazzy LD_LIBRARY_PATH=/home/Malvin/my_ros_bot/install/rosbridge_test_msgs/lib:${LD_LIBRARY_PATH} PS1=(robot_space) \[\e]0;\u@\h: \w\a\]${debian_chroot:+($debian_chroot)}\[\033[01;32m\]\u@\h\[\033[00m\]:\[\033[01;34m\]\w\[\033[00m\]\$ PYTHONPATH=/home/Malvin/my_ros_bot/install/rosbridge_test_msgs/lib/python3.12/site-packages:${PYTHONPATH} VIRTUAL_ENV_PROMPT=(robot_space) /usr/bin/cmake /home/Malvin/my_ros_bot/src/rosbridge_suite/rosbridge_library -DCMAKE_INSTALL_PREFIX=/home/Malvin/my_ros_bot/install/rosbridge_library
[255.827s] DEBUG:colcon.colcon_core.event_handler.log_command:Invoked command in '/home/Malvin/my_ros_bot/build/rosbridge_library' returned '1': AMENT_PREFIX_PATH=/home/Malvin/my_ros_bot/install/rosbridge_test_msgs:${AMENT_PREFIX_PATH} CMAKE_PREFIX_PATH=/home/Malvin/my_ros_bot/install/rosbridge_test_msgs:/home/Malvin/my_ros_bot/install/ros_bot_sim:/home/Malvin/my_ros_bot/install/ros_bot_imu:/home/Malvin/my_ros_bot/install/ros_bot_camera:/home/Malvin/my_ros_bot/install/pump_controller:/home/Malvin/my_ros_bot/install/onyx_robot:/home/Malvin/my_ros_bot/install/move_base:/home/Malvin/my_ros_bot/install/bot_teleop:/home/Malvin/my_ros_bot/install/arduino_ros:/opt/ros/jazzy LD_LIBRARY_PATH=/home/Malvin/my_ros_bot/install/rosbridge_test_msgs/lib:${LD_LIBRARY_PATH} PS1=(robot_space) \[\e]0;\u@\h: \w\a\]${debian_chroot:+($debian_chroot)}\[\033[01;32m\]\u@\h\[\033[00m\]:\[\033[01;34m\]\w\[\033[00m\]\$ PYTHONPATH=/home/Malvin/my_ros_bot/install/rosbridge_test_msgs/lib/python3.12/site-packages:${PYTHONPATH} VIRTUAL_ENV_PROMPT=(robot_space) /usr/bin/cmake /home/Malvin/my_ros_bot/src/rosbridge_suite/rosbridge_library -DCMAKE_INSTALL_PREFIX=/home/Malvin/my_ros_bot/install/rosbridge_library
[255.884s] Level 1:colcon.colcon_core.environment:create_environment_scripts_only(rosbridge_library)
[255.885s] Level 1:colcon.colcon_core.environment:checking '/home/Malvin/my_ros_bot/install/rosbridge_library' for CMake module files
[255.888s] Level 1:colcon.colcon_core.environment:checking '/home/Malvin/my_ros_bot/install/rosbridge_library' for CMake config files
[255.890s] Level 1:colcon.colcon_core.environment:checking '/home/Malvin/my_ros_bot/install/rosbridge_library/bin'
[255.890s] Level 1:colcon.colcon_core.environment:checking '/home/Malvin/my_ros_bot/install/rosbridge_library/lib/pkgconfig/rosbridge_library.pc'
[255.891s] Level 1:colcon.colcon_core.environment:checking '/home/Malvin/my_ros_bot/install/rosbridge_library/lib/python3.12/site-packages'
[255.892s] Level 1:colcon.colcon_core.environment:checking '/home/Malvin/my_ros_bot/install/rosbridge_library/bin'
[255.893s] INFO:colcon.colcon_core.shell:Creating package script '/home/Malvin/my_ros_bot/install/rosbridge_library/share/rosbridge_library/package.ps1'
[255.896s] INFO:colcon.colcon_core.shell:Creating package descriptor '/home/Malvin/my_ros_bot/install/rosbridge_library/share/rosbridge_library/package.dsv'
[255.897s] INFO:colcon.colcon_core.shell:Creating package script '/home/Malvin/my_ros_bot/install/rosbridge_library/share/rosbridge_library/package.sh'
[255.899s] INFO:colcon.colcon_core.shell:Creating package script '/home/Malvin/my_ros_bot/install/rosbridge_library/share/rosbridge_library/package.bash'
[255.901s] INFO:colcon.colcon_core.shell:Creating package script '/home/Malvin/my_ros_bot/install/rosbridge_library/share/rosbridge_library/package.zsh'
[255.902s] Level 1:colcon.colcon_core.environment:create_file_with_runtime_dependencies(/home/Malvin/my_ros_bot/install/rosbridge_library/share/colcon-core/packages/rosbridge_library)
[255.905s] DEBUG:colcon.colcon_parallel_executor.executor.parallel:closing loop
[255.906s] DEBUG:colcon.colcon_parallel_executor.executor.parallel:loop closed
[255.906s] DEBUG:colcon.colcon_parallel_executor.executor.parallel:run_until_complete finished with '1'
[255.906s] DEBUG:colcon.colcon_core.event_reactor:joining thread
[255.910s] DEBUG:colcon.colcon_core.event_reactor:joined thread
[255.910s] INFO:colcon.colcon_core.shell:Creating prefix script '/home/Malvin/my_ros_bot/install/local_setup.ps1'
[255.913s] INFO:colcon.colcon_core.shell:Creating prefix util module '/home/Malvin/my_ros_bot/install/_local_setup_util_ps1.py'
[255.919s] INFO:colcon.colcon_core.shell:Creating prefix chain script '/home/Malvin/my_ros_bot/install/setup.ps1'
[255.925s] INFO:colcon.colcon_core.shell:Creating prefix script '/home/Malvin/my_ros_bot/install/local_setup.sh'
[255.927s] INFO:colcon.colcon_core.shell:Creating prefix util module '/home/Malvin/my_ros_bot/install/_local_setup_util_sh.py'
[255.930s] INFO:colcon.colcon_core.shell:Creating prefix chain script '/home/Malvin/my_ros_bot/install/setup.sh'
[255.935s] INFO:colcon.colcon_core.shell:Creating prefix script '/home/Malvin/my_ros_bot/install/local_setup.bash'
[255.937s] INFO:colcon.colcon_core.shell:Creating prefix chain script '/home/Malvin/my_ros_bot/install/setup.bash'
[255.942s] INFO:colcon.colcon_core.shell:Creating prefix script '/home/Malvin/my_ros_bot/install/local_setup.zsh'
[255.945s] INFO:colcon.colcon_core.shell:Creating prefix chain script '/home/Malvin/my_ros_bot/install/setup.zsh'
