-- The C compiler identification is GNU 13.3.0
-- The CXX compiler identification is GNU 13.3.0
-- Detecting C compiler ABI info
-- Detecting C compiler ABI info - done
-- Check for working C compiler: /usr/bin/cc - skipped
-- Detecting C compile features
-- Detecting C compile features - done
-- Detecting CXX compiler ABI info
-- Detecting CXX compiler ABI info - done
-- Check for working CXX compiler: /usr/bin/c++ - skipped
-- Detecting CXX compile features
-- Detecting CXX compile features - done
-- Found ament_cmake: 2.5.5 (/opt/ros/jazzy/share/ament_cmake/cmake)
-- Found Python3: /home/Malvin/robot_space/bin/python3 (found version "3.12.3") found components: Interpreter 
-- Found builtin_interfaces: 2.0.3 (/opt/ros/jazzy/share/builtin_interfaces/cmake)
-- Found rosidl_generator_c: 4.6.7 (/opt/ros/jazzy/share/rosidl_generator_c/cmake)
-- Found rosidl_generator_cpp: 4.6.7 (/opt/ros/jazzy/share/rosidl_generator_cpp/cmake)
-- Using all available rosidl_typesupport_c: rosidl_typesupport_fastrtps_c;rosidl_typesupport_introspection_c
-- Using all available rosidl_typesupport_cpp: rosidl_typesupport_fastrtps_cpp;rosidl_typesupport_introspection_cpp
-- Found rosidl_default_generators: 1.6.0 (/opt/ros/jazzy/share/rosidl_default_generators/cmake)
-- Found rosidl_adapter: 4.6.7 (/opt/ros/jazzy/share/rosidl_adapter/cmake)
-- Found ament_cmake_ros: 0.12.0 (/opt/ros/jazzy/share/ament_cmake_ros/cmake)
-- Using all available rosidl_typesupport_c: rosidl_typesupport_fastrtps_c;rosidl_typesupport_introspection_c
-- Using all available rosidl_typesupport_cpp: rosidl_typesupport_fastrtps_cpp;rosidl_typesupport_introspection_cpp
-- Found python_cmake_module: 0.11.1 (/opt/ros/jazzy/share/python_cmake_module/cmake)
-- Found PythonExtra: /home/Malvin/robot_space/bin/python3  
-- Found Python3: /home/Malvin/robot_space/bin/python3 (found version "3.12.3") found components: Interpreter Development NumPy Development.Module Development.Embed 
-- Configuring done (26.7s)
-- Generating done (0.2s)
-- Build files have been written to: /home/Malvin/my_ros_bot/build/rosbridge_msgs
[  2%] [34m[1mGenerating type hashes for ROS interfaces[0m
[  2%] Built target ament_cmake_python_copy_rosbridge_msgs
[  2%] Built target rosbridge_msgs__rosidl_generator_type_description
[  4%] [34m[1mGenerating C code for ROS interfaces[0m
[  6%] [34m[1mGenerating C++ code for ROS interfaces[0m
running egg_info
creating rosbridge_msgs.egg-info
writing rosbridge_msgs.egg-info/PKG-INFO
writing dependency_links to rosbridge_msgs.egg-info/dependency_links.txt
writing top-level names to rosbridge_msgs.egg-info/top_level.txt
writing manifest file 'rosbridge_msgs.egg-info/SOURCES.txt'
reading manifest file 'rosbridge_msgs.egg-info/SOURCES.txt'
writing manifest file 'rosbridge_msgs.egg-info/SOURCES.txt'
[  6%] Built target ament_cmake_python_build_rosbridge_msgs_egg
[  6%] Built target rosbridge_msgs__cpp
[  9%] [32mBuilding C object CMakeFiles/rosbridge_msgs__rosidl_generator_c.dir/rosidl_generator_c/rosbridge_msgs/msg/detail/connected_client__functions.c.o[0m
[ 11%] [32mBuilding C object CMakeFiles/rosbridge_msgs__rosidl_generator_c.dir/rosidl_generator_c/rosbridge_msgs/msg/detail/connected_client__description.c.o[0m
[ 13%] [32mBuilding C object CMakeFiles/rosbridge_msgs__rosidl_generator_c.dir/rosidl_generator_c/rosbridge_msgs/msg/detail/connected_clients__description.c.o[0m
[ 15%] [32mBuilding C object CMakeFiles/rosbridge_msgs__rosidl_generator_c.dir/rosidl_generator_c/rosbridge_msgs/msg/detail/connected_client__type_support.c.o[0m
[ 18%] [32mBuilding C object CMakeFiles/rosbridge_msgs__rosidl_generator_c.dir/rosidl_generator_c/rosbridge_msgs/msg/detail/connected_clients__functions.c.o[0m
[ 20%] [32mBuilding C object CMakeFiles/rosbridge_msgs__rosidl_generator_c.dir/rosidl_generator_c/rosbridge_msgs/msg/detail/connected_clients__type_support.c.o[0m
[ 22%] [32m[1mLinking C shared library librosbridge_msgs__rosidl_generator_c.so[0m
[ 22%] Built target rosbridge_msgs__rosidl_generator_c
[ 25%] [34m[1mGenerating C++ type support for eProsima Fast-RTPS[0m
[ 27%] [34m[1mGenerating C++ introspection for ROS interfaces[0m
[ 29%] [34m[1mGenerating C introspection for ROS interfaces[0m
[ 31%] [34m[1mGenerating C type support dispatch for ROS interfaces[0m
[ 34%] [32mBuilding CXX object CMakeFiles/rosbridge_msgs__rosidl_typesupport_c.dir/rosidl_typesupport_c/rosbridge_msgs/msg/connected_client__type_support.cpp.o[0m
[ 36%] [32mBuilding CXX object CMakeFiles/rosbridge_msgs__rosidl_typesupport_introspection_cpp.dir/rosidl_typesupport_introspection_cpp/rosbridge_msgs/msg/detail/connected_client__type_support.cpp.o[0m
[ 38%] [32mBuilding C object CMakeFiles/rosbridge_msgs__rosidl_typesupport_introspection_c.dir/rosidl_typesupport_introspection_c/rosbridge_msgs/msg/detail/connected_client__type_support.c.o[0m
[ 40%] [32mBuilding CXX object CMakeFiles/rosbridge_msgs__rosidl_typesupport_fastrtps_cpp.dir/rosidl_typesupport_fastrtps_cpp/rosbridge_msgs/msg/detail/dds_fastrtps/connected_client__type_support.cpp.o[0m
[ 43%] [32mBuilding C object CMakeFiles/rosbridge_msgs__rosidl_typesupport_introspection_c.dir/rosidl_typesupport_introspection_c/rosbridge_msgs/msg/detail/connected_clients__type_support.c.o[0m
[ 45%] [32mBuilding CXX object CMakeFiles/rosbridge_msgs__rosidl_typesupport_c.dir/rosidl_typesupport_c/rosbridge_msgs/msg/connected_clients__type_support.cpp.o[0m
[ 47%] [32m[1mLinking C shared library librosbridge_msgs__rosidl_typesupport_introspection_c.so[0m
[ 50%] [32m[1mLinking CXX shared library librosbridge_msgs__rosidl_typesupport_c.so[0m
[ 50%] Built target rosbridge_msgs__rosidl_typesupport_introspection_c
[ 52%] [32mBuilding CXX object CMakeFiles/rosbridge_msgs__rosidl_typesupport_fastrtps_cpp.dir/rosidl_typesupport_fastrtps_cpp/rosbridge_msgs/msg/detail/dds_fastrtps/connected_clients__type_support.cpp.o[0m
[ 52%] Built target rosbridge_msgs__rosidl_typesupport_c
[ 54%] [32mBuilding CXX object CMakeFiles/rosbridge_msgs__rosidl_typesupport_introspection_cpp.dir/rosidl_typesupport_introspection_cpp/rosbridge_msgs/msg/detail/connected_clients__type_support.cpp.o[0m
[ 56%] [34m[1mGenerating C++ type support dispatch for ROS interfaces[0m
[ 59%] [32m[1mLinking CXX shared library librosbridge_msgs__rosidl_typesupport_introspection_cpp.so[0m
[ 61%] [34m[1mGenerating C type support for eProsima Fast-RTPS[0m
[ 61%] Built target rosbridge_msgs__rosidl_typesupport_introspection_cpp
[ 63%] [32m[1mLinking CXX shared library librosbridge_msgs__rosidl_typesupport_fastrtps_cpp.so[0m
[ 65%] [32mBuilding CXX object CMakeFiles/rosbridge_msgs__rosidl_typesupport_cpp.dir/rosidl_typesupport_cpp/rosbridge_msgs/msg/connected_clients__type_support.cpp.o[0m
[ 68%] [32mBuilding CXX object CMakeFiles/rosbridge_msgs__rosidl_typesupport_cpp.dir/rosidl_typesupport_cpp/rosbridge_msgs/msg/connected_client__type_support.cpp.o[0m
[ 68%] Built target rosbridge_msgs__rosidl_typesupport_fastrtps_cpp
[ 70%] [32mBuilding CXX object CMakeFiles/rosbridge_msgs__rosidl_typesupport_fastrtps_c.dir/rosidl_typesupport_fastrtps_c/rosbridge_msgs/msg/detail/connected_client__type_support_c.cpp.o[0m
[ 72%] [32mBuilding CXX object CMakeFiles/rosbridge_msgs__rosidl_typesupport_fastrtps_c.dir/rosidl_typesupport_fastrtps_c/rosbridge_msgs/msg/detail/connected_clients__type_support_c.cpp.o[0m
[ 75%] [32m[1mLinking CXX shared library librosbridge_msgs__rosidl_typesupport_cpp.so[0m
[ 75%] Built target rosbridge_msgs__rosidl_typesupport_cpp
[ 77%] [32m[1mLinking CXX shared library librosbridge_msgs__rosidl_typesupport_fastrtps_c.so[0m
[ 77%] Built target rosbridge_msgs__rosidl_typesupport_fastrtps_c
[ 77%] Built target rosbridge_msgs
[ 79%] [34m[1mGenerating Python code for ROS interfaces[0m
[ 79%] Built target rosbridge_msgs__py
[ 81%] [32mBuilding C object CMakeFiles/rosbridge_msgs__rosidl_generator_py.dir/rosidl_generator_py/rosbridge_msgs/msg/_connected_client_s.c.o[0m
[ 84%] [32mBuilding C object CMakeFiles/rosbridge_msgs__rosidl_generator_py.dir/rosidl_generator_py/rosbridge_msgs/msg/_connected_clients_s.c.o[0m
[ 86%] [32m[1mLinking C shared library librosbridge_msgs__rosidl_generator_py.so[0m
[ 86%] Built target rosbridge_msgs__rosidl_generator_py
[ 88%] [32mBuilding C object CMakeFiles/rosbridge_msgs_s__rosidl_typesupport_fastrtps_c.dir/rosidl_generator_py/rosbridge_msgs/_rosbridge_msgs_s.ep.rosidl_typesupport_fastrtps_c.c.o[0m
[ 93%] [32mBuilding C object CMakeFiles/rosbridge_msgs_s__rosidl_typesupport_introspection_c.dir/rosidl_generator_py/rosbridge_msgs/_rosbridge_msgs_s.ep.rosidl_typesupport_introspection_c.c.o[0m
[ 90%] [32mBuilding C object CMakeFiles/rosbridge_msgs_s__rosidl_typesupport_c.dir/rosidl_generator_py/rosbridge_msgs/_rosbridge_msgs_s.ep.rosidl_typesupport_c.c.o[0m
[ 95%] [32m[1mLinking C shared module rosidl_generator_py/rosbridge_msgs/rosbridge_msgs_s__rosidl_typesupport_introspection_c.so[0m
[ 97%] [32m[1mLinking C shared module rosidl_generator_py/rosbridge_msgs/rosbridge_msgs_s__rosidl_typesupport_c.so[0m
[ 97%] Built target rosbridge_msgs_s__rosidl_typesupport_introspection_c
[100%] [32m[1mLinking C shared module rosidl_generator_py/rosbridge_msgs/rosbridge_msgs_s__rosidl_typesupport_fastrtps_c.so[0m
[100%] Built target rosbridge_msgs_s__rosidl_typesupport_c
[100%] Built target rosbridge_msgs_s__rosidl_typesupport_fastrtps_c
-- Install configuration: ""
-- Installing: /home/Malvin/my_ros_bot/install/rosbridge_msgs/share/ament_index/resource_index/rosidl_interfaces/rosbridge_msgs
-- Installing: /home/Malvin/my_ros_bot/install/rosbridge_msgs/share/rosbridge_msgs/msg/ConnectedClient.json
-- Installing: /home/Malvin/my_ros_bot/install/rosbridge_msgs/share/rosbridge_msgs/msg/ConnectedClients.json
-- Installing: /home/Malvin/my_ros_bot/install/rosbridge_msgs/include/rosbridge_msgs/rosbridge_msgs
-- Installing: /home/Malvin/my_ros_bot/install/rosbridge_msgs/include/rosbridge_msgs/rosbridge_msgs/msg
-- Installing: /home/Malvin/my_ros_bot/install/rosbridge_msgs/include/rosbridge_msgs/rosbridge_msgs/msg/connected_clients.h
-- Installing: /home/Malvin/my_ros_bot/install/rosbridge_msgs/include/rosbridge_msgs/rosbridge_msgs/msg/connected_client.h
-- Installing: /home/Malvin/my_ros_bot/install/rosbridge_msgs/include/rosbridge_msgs/rosbridge_msgs/msg/detail
-- Installing: /home/Malvin/my_ros_bot/install/rosbridge_msgs/include/rosbridge_msgs/rosbridge_msgs/msg/detail/connected_client__description.c
-- Installing: /home/Malvin/my_ros_bot/install/rosbridge_msgs/include/rosbridge_msgs/rosbridge_msgs/msg/detail/connected_client__struct.h
-- Installing: /home/Malvin/my_ros_bot/install/rosbridge_msgs/include/rosbridge_msgs/rosbridge_msgs/msg/detail/connected_clients__type_support.c
-- Installing: /home/Malvin/my_ros_bot/install/rosbridge_msgs/include/rosbridge_msgs/rosbridge_msgs/msg/detail/connected_client__functions.c
-- Installing: /home/Malvin/my_ros_bot/install/rosbridge_msgs/include/rosbridge_msgs/rosbridge_msgs/msg/detail/connected_clients__description.c
-- Installing: /home/Malvin/my_ros_bot/install/rosbridge_msgs/include/rosbridge_msgs/rosbridge_msgs/msg/detail/connected_clients__struct.h
-- Installing: /home/Malvin/my_ros_bot/install/rosbridge_msgs/include/rosbridge_msgs/rosbridge_msgs/msg/detail/connected_client__type_support.h
-- Installing: /home/Malvin/my_ros_bot/install/rosbridge_msgs/include/rosbridge_msgs/rosbridge_msgs/msg/detail/connected_clients__functions.h
-- Installing: /home/Malvin/my_ros_bot/install/rosbridge_msgs/include/rosbridge_msgs/rosbridge_msgs/msg/detail/connected_client__type_support.c
-- Installing: /home/Malvin/my_ros_bot/install/rosbridge_msgs/include/rosbridge_msgs/rosbridge_msgs/msg/detail/connected_clients__type_support.h
-- Installing: /home/Malvin/my_ros_bot/install/rosbridge_msgs/include/rosbridge_msgs/rosbridge_msgs/msg/detail/connected_client__functions.h
-- Installing: /home/Malvin/my_ros_bot/install/rosbridge_msgs/include/rosbridge_msgs/rosbridge_msgs/msg/detail/connected_clients__functions.c
-- Installing: /home/Malvin/my_ros_bot/install/rosbridge_msgs/include/rosbridge_msgs/rosbridge_msgs/msg/rosidl_generator_c__visibility_control.h
-- Installing: /home/Malvin/my_ros_bot/install/rosbridge_msgs/share/rosbridge_msgs/environment/library_path.sh
-- Installing: /home/Malvin/my_ros_bot/install/rosbridge_msgs/share/rosbridge_msgs/environment/library_path.dsv
-- Installing: /home/Malvin/my_ros_bot/install/rosbridge_msgs/lib/librosbridge_msgs__rosidl_generator_c.so
-- Set non-toolchain portion of runtime path of "/home/Malvin/my_ros_bot/install/rosbridge_msgs/lib/librosbridge_msgs__rosidl_generator_c.so" to ""
-- Up-to-date: /home/Malvin/my_ros_bot/install/rosbridge_msgs/include/rosbridge_msgs/rosbridge_msgs
-- Up-to-date: /home/Malvin/my_ros_bot/install/rosbridge_msgs/include/rosbridge_msgs/rosbridge_msgs/msg
-- Up-to-date: /home/Malvin/my_ros_bot/install/rosbridge_msgs/include/rosbridge_msgs/rosbridge_msgs/msg/detail
-- Installing: /home/Malvin/my_ros_bot/install/rosbridge_msgs/include/rosbridge_msgs/rosbridge_msgs/msg/detail/connected_clients__rosidl_typesupport_fastrtps_c.h
-- Installing: /home/Malvin/my_ros_bot/install/rosbridge_msgs/include/rosbridge_msgs/rosbridge_msgs/msg/detail/connected_client__rosidl_typesupport_fastrtps_c.h
-- Installing: /home/Malvin/my_ros_bot/install/rosbridge_msgs/include/rosbridge_msgs/rosbridge_msgs/msg/rosidl_typesupport_fastrtps_c__visibility_control.h
-- Installing: /home/Malvin/my_ros_bot/install/rosbridge_msgs/lib/librosbridge_msgs__rosidl_typesupport_fastrtps_c.so
-- Set non-toolchain portion of runtime path of "/home/Malvin/my_ros_bot/install/rosbridge_msgs/lib/librosbridge_msgs__rosidl_typesupport_fastrtps_c.so" to ""
-- Up-to-date: /home/Malvin/my_ros_bot/install/rosbridge_msgs/include/rosbridge_msgs/rosbridge_msgs
-- Up-to-date: /home/Malvin/my_ros_bot/install/rosbridge_msgs/include/rosbridge_msgs/rosbridge_msgs/msg
-- Installing: /home/Malvin/my_ros_bot/install/rosbridge_msgs/include/rosbridge_msgs/rosbridge_msgs/msg/rosidl_generator_cpp__visibility_control.hpp
-- Up-to-date: /home/Malvin/my_ros_bot/install/rosbridge_msgs/include/rosbridge_msgs/rosbridge_msgs/msg/detail
-- Installing: /home/Malvin/my_ros_bot/install/rosbridge_msgs/include/rosbridge_msgs/rosbridge_msgs/msg/detail/connected_clients__type_support.hpp
-- Installing: /home/Malvin/my_ros_bot/install/rosbridge_msgs/include/rosbridge_msgs/rosbridge_msgs/msg/detail/connected_client__type_support.hpp
-- Installing: /home/Malvin/my_ros_bot/install/rosbridge_msgs/include/rosbridge_msgs/rosbridge_msgs/msg/detail/connected_clients__struct.hpp
-- Installing: /home/Malvin/my_ros_bot/install/rosbridge_msgs/include/rosbridge_msgs/rosbridge_msgs/msg/detail/connected_client__struct.hpp
-- Installing: /home/Malvin/my_ros_bot/install/rosbridge_msgs/include/rosbridge_msgs/rosbridge_msgs/msg/detail/connected_client__builder.hpp
-- Installing: /home/Malvin/my_ros_bot/install/rosbridge_msgs/include/rosbridge_msgs/rosbridge_msgs/msg/detail/connected_client__traits.hpp
-- Installing: /home/Malvin/my_ros_bot/install/rosbridge_msgs/include/rosbridge_msgs/rosbridge_msgs/msg/detail/connected_clients__traits.hpp
-- Installing: /home/Malvin/my_ros_bot/install/rosbridge_msgs/include/rosbridge_msgs/rosbridge_msgs/msg/detail/connected_clients__builder.hpp
-- Installing: /home/Malvin/my_ros_bot/install/rosbridge_msgs/include/rosbridge_msgs/rosbridge_msgs/msg/connected_clients.hpp
-- Installing: /home/Malvin/my_ros_bot/install/rosbridge_msgs/include/rosbridge_msgs/rosbridge_msgs/msg/connected_client.hpp
-- Up-to-date: /home/Malvin/my_ros_bot/install/rosbridge_msgs/include/rosbridge_msgs/rosbridge_msgs
-- Up-to-date: /home/Malvin/my_ros_bot/install/rosbridge_msgs/include/rosbridge_msgs/rosbridge_msgs/msg
-- Installing: /home/Malvin/my_ros_bot/install/rosbridge_msgs/include/rosbridge_msgs/rosbridge_msgs/msg/rosidl_typesupport_fastrtps_cpp__visibility_control.h
-- Up-to-date: /home/Malvin/my_ros_bot/install/rosbridge_msgs/include/rosbridge_msgs/rosbridge_msgs/msg/detail
-- Installing: /home/Malvin/my_ros_bot/install/rosbridge_msgs/include/rosbridge_msgs/rosbridge_msgs/msg/detail/dds_fastrtps
-- Installing: /home/Malvin/my_ros_bot/install/rosbridge_msgs/include/rosbridge_msgs/rosbridge_msgs/msg/detail/connected_client__rosidl_typesupport_fastrtps_cpp.hpp
-- Installing: /home/Malvin/my_ros_bot/install/rosbridge_msgs/include/rosbridge_msgs/rosbridge_msgs/msg/detail/connected_clients__rosidl_typesupport_fastrtps_cpp.hpp
-- Installing: /home/Malvin/my_ros_bot/install/rosbridge_msgs/lib/librosbridge_msgs__rosidl_typesupport_fastrtps_cpp.so
-- Set non-toolchain portion of runtime path of "/home/Malvin/my_ros_bot/install/rosbridge_msgs/lib/librosbridge_msgs__rosidl_typesupport_fastrtps_cpp.so" to ""
-- Up-to-date: /home/Malvin/my_ros_bot/install/rosbridge_msgs/include/rosbridge_msgs/rosbridge_msgs
-- Up-to-date: /home/Malvin/my_ros_bot/install/rosbridge_msgs/include/rosbridge_msgs/rosbridge_msgs/msg
-- Installing: /home/Malvin/my_ros_bot/install/rosbridge_msgs/include/rosbridge_msgs/rosbridge_msgs/msg/rosidl_typesupport_introspection_c__visibility_control.h
-- Up-to-date: /home/Malvin/my_ros_bot/install/rosbridge_msgs/include/rosbridge_msgs/rosbridge_msgs/msg/detail
-- Installing: /home/Malvin/my_ros_bot/install/rosbridge_msgs/include/rosbridge_msgs/rosbridge_msgs/msg/detail/connected_clients__rosidl_typesupport_introspection_c.h
-- Installing: /home/Malvin/my_ros_bot/install/rosbridge_msgs/include/rosbridge_msgs/rosbridge_msgs/msg/detail/connected_clients__type_support.c
-- Installing: /home/Malvin/my_ros_bot/install/rosbridge_msgs/include/rosbridge_msgs/rosbridge_msgs/msg/detail/connected_client__type_support.c
-- Installing: /home/Malvin/my_ros_bot/install/rosbridge_msgs/include/rosbridge_msgs/rosbridge_msgs/msg/detail/connected_client__rosidl_typesupport_introspection_c.h
-- Installing: /home/Malvin/my_ros_bot/install/rosbridge_msgs/lib/librosbridge_msgs__rosidl_typesupport_introspection_c.so
-- Set non-toolchain portion of runtime path of "/home/Malvin/my_ros_bot/install/rosbridge_msgs/lib/librosbridge_msgs__rosidl_typesupport_introspection_c.so" to ""
-- Installing: /home/Malvin/my_ros_bot/install/rosbridge_msgs/lib/librosbridge_msgs__rosidl_typesupport_c.so
-- Set non-toolchain portion of runtime path of "/home/Malvin/my_ros_bot/install/rosbridge_msgs/lib/librosbridge_msgs__rosidl_typesupport_c.so" to ""
-- Up-to-date: /home/Malvin/my_ros_bot/install/rosbridge_msgs/include/rosbridge_msgs/rosbridge_msgs
-- Up-to-date: /home/Malvin/my_ros_bot/install/rosbridge_msgs/include/rosbridge_msgs/rosbridge_msgs/msg
-- Up-to-date: /home/Malvin/my_ros_bot/install/rosbridge_msgs/include/rosbridge_msgs/rosbridge_msgs/msg/detail
-- Installing: /home/Malvin/my_ros_bot/install/rosbridge_msgs/include/rosbridge_msgs/rosbridge_msgs/msg/detail/connected_client__type_support.cpp
-- Installing: /home/Malvin/my_ros_bot/install/rosbridge_msgs/include/rosbridge_msgs/rosbridge_msgs/msg/detail/connected_clients__rosidl_typesupport_introspection_cpp.hpp
-- Installing: /home/Malvin/my_ros_bot/install/rosbridge_msgs/include/rosbridge_msgs/rosbridge_msgs/msg/detail/connected_clients__type_support.cpp
-- Installing: /home/Malvin/my_ros_bot/install/rosbridge_msgs/include/rosbridge_msgs/rosbridge_msgs/msg/detail/connected_client__rosidl_typesupport_introspection_cpp.hpp
-- Installing: /home/Malvin/my_ros_bot/install/rosbridge_msgs/lib/librosbridge_msgs__rosidl_typesupport_introspection_cpp.so
-- Set non-toolchain portion of runtime path of "/home/Malvin/my_ros_bot/install/rosbridge_msgs/lib/librosbridge_msgs__rosidl_typesupport_introspection_cpp.so" to ""
-- Installing: /home/Malvin/my_ros_bot/install/rosbridge_msgs/lib/librosbridge_msgs__rosidl_typesupport_cpp.so
-- Set non-toolchain portion of runtime path of "/home/Malvin/my_ros_bot/install/rosbridge_msgs/lib/librosbridge_msgs__rosidl_typesupport_cpp.so" to ""
-- Installing: /home/Malvin/my_ros_bot/install/rosbridge_msgs/share/rosbridge_msgs/environment/pythonpath.sh
-- Installing: /home/Malvin/my_ros_bot/install/rosbridge_msgs/share/rosbridge_msgs/environment/pythonpath.dsv
-- Installing: /home/Malvin/my_ros_bot/install/rosbridge_msgs/lib/python3.12/site-packages/rosbridge_msgs-4.1.0-py3.12.egg-info
-- Installing: /home/Malvin/my_ros_bot/install/rosbridge_msgs/lib/python3.12/site-packages/rosbridge_msgs-4.1.0-py3.12.egg-info/dependency_links.txt
-- Installing: /home/Malvin/my_ros_bot/install/rosbridge_msgs/lib/python3.12/site-packages/rosbridge_msgs-4.1.0-py3.12.egg-info/SOURCES.txt
-- Installing: /home/Malvin/my_ros_bot/install/rosbridge_msgs/lib/python3.12/site-packages/rosbridge_msgs-4.1.0-py3.12.egg-info/top_level.txt
-- Installing: /home/Malvin/my_ros_bot/install/rosbridge_msgs/lib/python3.12/site-packages/rosbridge_msgs-4.1.0-py3.12.egg-info/PKG-INFO
-- Installing: /home/Malvin/my_ros_bot/install/rosbridge_msgs/lib/python3.12/site-packages/rosbridge_msgs
-- Installing: /home/Malvin/my_ros_bot/install/rosbridge_msgs/lib/python3.12/site-packages/rosbridge_msgs/rosbridge_msgs_s__rosidl_typesupport_c.so
-- Installing: /home/Malvin/my_ros_bot/install/rosbridge_msgs/lib/python3.12/site-packages/rosbridge_msgs/_rosbridge_msgs_s.ep.rosidl_typesupport_c.c
-- Installing: /home/Malvin/my_ros_bot/install/rosbridge_msgs/lib/python3.12/site-packages/rosbridge_msgs/msg
-- Installing: /home/Malvin/my_ros_bot/install/rosbridge_msgs/lib/python3.12/site-packages/rosbridge_msgs/msg/_connected_clients.py
-- Installing: /home/Malvin/my_ros_bot/install/rosbridge_msgs/lib/python3.12/site-packages/rosbridge_msgs/msg/_connected_clients_s.c
-- Installing: /home/Malvin/my_ros_bot/install/rosbridge_msgs/lib/python3.12/site-packages/rosbridge_msgs/msg/__init__.py
-- Installing: /home/Malvin/my_ros_bot/install/rosbridge_msgs/lib/python3.12/site-packages/rosbridge_msgs/msg/_connected_client_s.c
-- Installing: /home/Malvin/my_ros_bot/install/rosbridge_msgs/lib/python3.12/site-packages/rosbridge_msgs/msg/_connected_client.py
-- Installing: /home/Malvin/my_ros_bot/install/rosbridge_msgs/lib/python3.12/site-packages/rosbridge_msgs/rosbridge_msgs_s__rosidl_typesupport_introspection_c.so
-- Installing: /home/Malvin/my_ros_bot/install/rosbridge_msgs/lib/python3.12/site-packages/rosbridge_msgs/__init__.py
-- Installing: /home/Malvin/my_ros_bot/install/rosbridge_msgs/lib/python3.12/site-packages/rosbridge_msgs/_rosbridge_msgs_s.ep.rosidl_typesupport_fastrtps_c.c
-- Installing: /home/Malvin/my_ros_bot/install/rosbridge_msgs/lib/python3.12/site-packages/rosbridge_msgs/rosbridge_msgs_s__rosidl_typesupport_fastrtps_c.so
-- Installing: /home/Malvin/my_ros_bot/install/rosbridge_msgs/lib/python3.12/site-packages/rosbridge_msgs/_rosbridge_msgs_s.ep.rosidl_typesupport_introspection_c.c
Listing '/home/Malvin/my_ros_bot/install/rosbridge_msgs/lib/python3.12/site-packages/rosbridge_msgs'...
Compiling '/home/Malvin/my_ros_bot/install/rosbridge_msgs/lib/python3.12/site-packages/rosbridge_msgs/__init__.py'...
Listing '/home/Malvin/my_ros_bot/install/rosbridge_msgs/lib/python3.12/site-packages/rosbridge_msgs/msg'...
Compiling '/home/Malvin/my_ros_bot/install/rosbridge_msgs/lib/python3.12/site-packages/rosbridge_msgs/msg/__init__.py'...
Compiling '/home/Malvin/my_ros_bot/install/rosbridge_msgs/lib/python3.12/site-packages/rosbridge_msgs/msg/_connected_client.py'...
Compiling '/home/Malvin/my_ros_bot/install/rosbridge_msgs/lib/python3.12/site-packages/rosbridge_msgs/msg/_connected_clients.py'...
-- Installing: /home/Malvin/my_ros_bot/install/rosbridge_msgs/lib/python3.12/site-packages/rosbridge_msgs/rosbridge_msgs_s__rosidl_typesupport_fastrtps_c.so
-- Set non-toolchain portion of runtime path of "/home/Malvin/my_ros_bot/install/rosbridge_msgs/lib/python3.12/site-packages/rosbridge_msgs/rosbridge_msgs_s__rosidl_typesupport_fastrtps_c.so" to ""
-- Installing: /home/Malvin/my_ros_bot/install/rosbridge_msgs/lib/python3.12/site-packages/rosbridge_msgs/rosbridge_msgs_s__rosidl_typesupport_introspection_c.so
-- Set non-toolchain portion of runtime path of "/home/Malvin/my_ros_bot/install/rosbridge_msgs/lib/python3.12/site-packages/rosbridge_msgs/rosbridge_msgs_s__rosidl_typesupport_introspection_c.so" to ""
-- Installing: /home/Malvin/my_ros_bot/install/rosbridge_msgs/lib/python3.12/site-packages/rosbridge_msgs/rosbridge_msgs_s__rosidl_typesupport_c.so
-- Set non-toolchain portion of runtime path of "/home/Malvin/my_ros_bot/install/rosbridge_msgs/lib/python3.12/site-packages/rosbridge_msgs/rosbridge_msgs_s__rosidl_typesupport_c.so" to ""
-- Installing: /home/Malvin/my_ros_bot/install/rosbridge_msgs/lib/librosbridge_msgs__rosidl_generator_py.so
-- Set non-toolchain portion of runtime path of "/home/Malvin/my_ros_bot/install/rosbridge_msgs/lib/librosbridge_msgs__rosidl_generator_py.so" to ""
-- Installing: /home/Malvin/my_ros_bot/install/rosbridge_msgs/share/rosbridge_msgs/msg/ConnectedClient.idl
-- Installing: /home/Malvin/my_ros_bot/install/rosbridge_msgs/share/rosbridge_msgs/msg/ConnectedClients.idl
-- Installing: /home/Malvin/my_ros_bot/install/rosbridge_msgs/share/rosbridge_msgs/msg/ConnectedClient.msg
-- Installing: /home/Malvin/my_ros_bot/install/rosbridge_msgs/share/rosbridge_msgs/msg/ConnectedClients.msg
-- Installing: /home/Malvin/my_ros_bot/install/rosbridge_msgs/share/ament_index/resource_index/package_run_dependencies/rosbridge_msgs
-- Installing: /home/Malvin/my_ros_bot/install/rosbridge_msgs/share/ament_index/resource_index/parent_prefix_path/rosbridge_msgs
-- Installing: /home/Malvin/my_ros_bot/install/rosbridge_msgs/share/rosbridge_msgs/environment/ament_prefix_path.sh
-- Installing: /home/Malvin/my_ros_bot/install/rosbridge_msgs/share/rosbridge_msgs/environment/ament_prefix_path.dsv
-- Installing: /home/Malvin/my_ros_bot/install/rosbridge_msgs/share/rosbridge_msgs/environment/path.sh
-- Installing: /home/Malvin/my_ros_bot/install/rosbridge_msgs/share/rosbridge_msgs/environment/path.dsv
-- Installing: /home/Malvin/my_ros_bot/install/rosbridge_msgs/share/rosbridge_msgs/local_setup.bash
-- Installing: /home/Malvin/my_ros_bot/install/rosbridge_msgs/share/rosbridge_msgs/local_setup.sh
-- Installing: /home/Malvin/my_ros_bot/install/rosbridge_msgs/share/rosbridge_msgs/local_setup.zsh
-- Installing: /home/Malvin/my_ros_bot/install/rosbridge_msgs/share/rosbridge_msgs/local_setup.dsv
-- Installing: /home/Malvin/my_ros_bot/install/rosbridge_msgs/share/rosbridge_msgs/package.dsv
-- Installing: /home/Malvin/my_ros_bot/install/rosbridge_msgs/share/ament_index/resource_index/packages/rosbridge_msgs
-- Installing: /home/Malvin/my_ros_bot/install/rosbridge_msgs/share/rosbridge_msgs/cmake/export_rosbridge_msgs__rosidl_generator_cExport.cmake
-- Installing: /home/Malvin/my_ros_bot/install/rosbridge_msgs/share/rosbridge_msgs/cmake/export_rosbridge_msgs__rosidl_generator_cExport-noconfig.cmake
-- Installing: /home/Malvin/my_ros_bot/install/rosbridge_msgs/share/rosbridge_msgs/cmake/export_rosbridge_msgs__rosidl_typesupport_fastrtps_cExport.cmake
-- Installing: /home/Malvin/my_ros_bot/install/rosbridge_msgs/share/rosbridge_msgs/cmake/export_rosbridge_msgs__rosidl_typesupport_fastrtps_cExport-noconfig.cmake
-- Installing: /home/Malvin/my_ros_bot/install/rosbridge_msgs/share/rosbridge_msgs/cmake/export_rosbridge_msgs__rosidl_generator_cppExport.cmake
-- Installing: /home/Malvin/my_ros_bot/install/rosbridge_msgs/share/rosbridge_msgs/cmake/export_rosbridge_msgs__rosidl_typesupport_fastrtps_cppExport.cmake
-- Installing: /home/Malvin/my_ros_bot/install/rosbridge_msgs/share/rosbridge_msgs/cmake/export_rosbridge_msgs__rosidl_typesupport_fastrtps_cppExport-noconfig.cmake
-- Installing: /home/Malvin/my_ros_bot/install/rosbridge_msgs/share/rosbridge_msgs/cmake/rosbridge_msgs__rosidl_typesupport_introspection_cExport.cmake
-- Installing: /home/Malvin/my_ros_bot/install/rosbridge_msgs/share/rosbridge_msgs/cmake/rosbridge_msgs__rosidl_typesupport_introspection_cExport-noconfig.cmake
-- Installing: /home/Malvin/my_ros_bot/install/rosbridge_msgs/share/rosbridge_msgs/cmake/rosbridge_msgs__rosidl_typesupport_cExport.cmake
-- Installing: /home/Malvin/my_ros_bot/install/rosbridge_msgs/share/rosbridge_msgs/cmake/rosbridge_msgs__rosidl_typesupport_cExport-noconfig.cmake
-- Installing: /home/Malvin/my_ros_bot/install/rosbridge_msgs/share/rosbridge_msgs/cmake/rosbridge_msgs__rosidl_typesupport_introspection_cppExport.cmake
-- Installing: /home/Malvin/my_ros_bot/install/rosbridge_msgs/share/rosbridge_msgs/cmake/rosbridge_msgs__rosidl_typesupport_introspection_cppExport-noconfig.cmake
-- Installing: /home/Malvin/my_ros_bot/install/rosbridge_msgs/share/rosbridge_msgs/cmake/rosbridge_msgs__rosidl_typesupport_cppExport.cmake
-- Installing: /home/Malvin/my_ros_bot/install/rosbridge_msgs/share/rosbridge_msgs/cmake/rosbridge_msgs__rosidl_typesupport_cppExport-noconfig.cmake
-- Installing: /home/Malvin/my_ros_bot/install/rosbridge_msgs/share/rosbridge_msgs/cmake/export_rosbridge_msgs__rosidl_generator_pyExport.cmake
-- Installing: /home/Malvin/my_ros_bot/install/rosbridge_msgs/share/rosbridge_msgs/cmake/export_rosbridge_msgs__rosidl_generator_pyExport-noconfig.cmake
-- Installing: /home/Malvin/my_ros_bot/install/rosbridge_msgs/share/rosbridge_msgs/cmake/rosidl_cmake-extras.cmake
-- Installing: /home/Malvin/my_ros_bot/install/rosbridge_msgs/share/rosbridge_msgs/cmake/ament_cmake_export_dependencies-extras.cmake
-- Installing: /home/Malvin/my_ros_bot/install/rosbridge_msgs/share/rosbridge_msgs/cmake/ament_cmake_export_include_directories-extras.cmake
-- Installing: /home/Malvin/my_ros_bot/install/rosbridge_msgs/share/rosbridge_msgs/cmake/ament_cmake_export_libraries-extras.cmake
-- Installing: /home/Malvin/my_ros_bot/install/rosbridge_msgs/share/rosbridge_msgs/cmake/ament_cmake_export_targets-extras.cmake
-- Installing: /home/Malvin/my_ros_bot/install/rosbridge_msgs/share/rosbridge_msgs/cmake/rosidl_cmake_export_typesupport_targets-extras.cmake
-- Installing: /home/Malvin/my_ros_bot/install/rosbridge_msgs/share/rosbridge_msgs/cmake/rosidl_cmake_export_typesupport_libraries-extras.cmake
-- Installing: /home/Malvin/my_ros_bot/install/rosbridge_msgs/share/rosbridge_msgs/cmake/rosbridge_msgsConfig.cmake
-- Installing: /home/Malvin/my_ros_bot/install/rosbridge_msgs/share/rosbridge_msgs/cmake/rosbridge_msgsConfig-version.cmake
-- Installing: /home/Malvin/my_ros_bot/install/rosbridge_msgs/share/rosbridge_msgs/package.xml
