[0.065s] Invoking command in '/home/Malvin/my_ros_bot/build/rosbridge_msgs': CMAKE_PREFIX_PATH=/home/Malvin/my_ros_bot/install/ros_bot_sim:/home/Malvin/my_ros_bot/install/ros_bot_imu:/home/Malvin/my_ros_bot/install/ros_bot_camera:/home/Malvin/my_ros_bot/install/pump_controller:/home/Malvin/my_ros_bot/install/onyx_robot:/home/Malvin/my_ros_bot/install/move_base:/home/Malvin/my_ros_bot/install/bot_teleop:/home/Malvin/my_ros_bot/install/arduino_ros:/opt/ros/jazzy PS1=(robot_space) \[\e]0;\u@\h: \w\a\]${debian_chroot:+($debian_chroot)}\[\033[01;32m\]\u@\h\[\033[00m\]:\[\033[01;34m\]\w\[\033[00m\]\$ VIRTUAL_ENV_PROMPT=(robot_space) /usr/bin/cmake /home/Malvin/my_ros_bot/src/rosbridge_suite/rosbridge_msgs -DCMAKE_INSTALL_PREFIX=/home/Malvin/my_ros_bot/install/rosbridge_msgs
[6.247s] -- The C compiler identification is GNU 13.3.0
[9.428s] -- The CXX compiler identification is GNU 13.3.0
[9.660s] -- Detecting C compiler ABI info
[10.646s] -- Detecting C compiler ABI info - done
[10.681s] -- Check for working C compiler: /usr/bin/cc - skipped
[10.683s] -- Detecting C compile features
[10.686s] -- Detecting C compile features - done
[10.745s] -- Detecting CXX compiler ABI info
[11.292s] -- Detecting CXX compiler ABI info - done
[11.329s] -- Check for working CXX compiler: /usr/bin/c++ - skipped
[11.330s] -- Detecting CXX compile features
[11.331s] -- Detecting CXX compile features - done
[11.382s] -- Found ament_cmake: 2.5.5 (/opt/ros/jazzy/share/ament_cmake/cmake)
[12.327s] -- Found Python3: /home/Malvin/robot_space/bin/python3 (found version "3.12.3") found components: Interpreter 
[13.332s] -- Found builtin_interfaces: 2.0.3 (/opt/ros/jazzy/share/builtin_interfaces/cmake)
[13.823s] -- Found rosidl_generator_c: 4.6.7 (/opt/ros/jazzy/share/rosidl_generator_c/cmake)
[13.955s] -- Found rosidl_generator_cpp: 4.6.7 (/opt/ros/jazzy/share/rosidl_generator_cpp/cmake)
[14.163s] -- Using all available rosidl_typesupport_c: rosidl_typesupport_fastrtps_c;rosidl_typesupport_introspection_c
[14.427s] -- Using all available rosidl_typesupport_cpp: rosidl_typesupport_fastrtps_cpp;rosidl_typesupport_introspection_cpp
[14.689s] -- Found rosidl_default_generators: 1.6.0 (/opt/ros/jazzy/share/rosidl_default_generators/cmake)
[14.925s] -- Found rosidl_adapter: 4.6.7 (/opt/ros/jazzy/share/rosidl_adapter/cmake)
[18.504s] -- Found ament_cmake_ros: 0.12.0 (/opt/ros/jazzy/share/ament_cmake_ros/cmake)
[23.227s] -- Using all available rosidl_typesupport_c: rosidl_typesupport_fastrtps_c;rosidl_typesupport_introspection_c
[24.965s] -- Using all available rosidl_typesupport_cpp: rosidl_typesupport_fastrtps_cpp;rosidl_typesupport_introspection_cpp
[25.001s] -- Found python_cmake_module: 0.11.1 (/opt/ros/jazzy/share/python_cmake_module/cmake)
[25.852s] -- Found PythonExtra: /home/Malvin/robot_space/bin/python3  
[28.472s] -- Found Python3: /home/Malvin/robot_space/bin/python3 (found version "3.12.3") found components: Interpreter Development NumPy Development.Module Development.Embed 
[28.744s] -- Configuring done (26.7s)
[29.001s] -- Generating done (0.2s)
[29.062s] -- Build files have been written to: /home/Malvin/my_ros_bot/build/rosbridge_msgs
[29.087s] Invoked command in '/home/Malvin/my_ros_bot/build/rosbridge_msgs' returned '0': CMAKE_PREFIX_PATH=/home/Malvin/my_ros_bot/install/ros_bot_sim:/home/Malvin/my_ros_bot/install/ros_bot_imu:/home/Malvin/my_ros_bot/install/ros_bot_camera:/home/Malvin/my_ros_bot/install/pump_controller:/home/Malvin/my_ros_bot/install/onyx_robot:/home/Malvin/my_ros_bot/install/move_base:/home/Malvin/my_ros_bot/install/bot_teleop:/home/Malvin/my_ros_bot/install/arduino_ros:/opt/ros/jazzy PS1=(robot_space) \[\e]0;\u@\h: \w\a\]${debian_chroot:+($debian_chroot)}\[\033[01;32m\]\u@\h\[\033[00m\]:\[\033[01;34m\]\w\[\033[00m\]\$ VIRTUAL_ENV_PROMPT=(robot_space) /usr/bin/cmake /home/Malvin/my_ros_bot/src/rosbridge_suite/rosbridge_msgs -DCMAKE_INSTALL_PREFIX=/home/Malvin/my_ros_bot/install/rosbridge_msgs
[29.094s] Invoking command in '/home/Malvin/my_ros_bot/build/rosbridge_msgs': CMAKE_PREFIX_PATH=/home/Malvin/my_ros_bot/install/ros_bot_sim:/home/Malvin/my_ros_bot/install/ros_bot_imu:/home/Malvin/my_ros_bot/install/ros_bot_camera:/home/Malvin/my_ros_bot/install/pump_controller:/home/Malvin/my_ros_bot/install/onyx_robot:/home/Malvin/my_ros_bot/install/move_base:/home/Malvin/my_ros_bot/install/bot_teleop:/home/Malvin/my_ros_bot/install/arduino_ros:/opt/ros/jazzy PS1=(robot_space) \[\e]0;\u@\h: \w\a\]${debian_chroot:+($debian_chroot)}\[\033[01;32m\]\u@\h\[\033[00m\]:\[\033[01;34m\]\w\[\033[00m\]\$ VIRTUAL_ENV_PROMPT=(robot_space) /usr/bin/cmake --build /home/Malvin/my_ros_bot/build/rosbridge_msgs -- -j4 -l4
[29.368s] [  2%] [34m[1mGenerating type hashes for ROS interfaces[0m
[29.412s] [  2%] Built target ament_cmake_python_copy_rosbridge_msgs
[30.536s] [  2%] Built target rosbridge_msgs__rosidl_generator_type_description
[30.621s] [  4%] [34m[1mGenerating C code for ROS interfaces[0m
[30.680s] [  6%] [34m[1mGenerating C++ code for ROS interfaces[0m
[31.081s] running egg_info
[31.086s] creating rosbridge_msgs.egg-info
[31.243s] writing rosbridge_msgs.egg-info/PKG-INFO
[31.245s] writing dependency_links to rosbridge_msgs.egg-info/dependency_links.txt
[31.247s] writing top-level names to rosbridge_msgs.egg-info/top_level.txt
[31.248s] writing manifest file 'rosbridge_msgs.egg-info/SOURCES.txt'
[31.718s] reading manifest file 'rosbridge_msgs.egg-info/SOURCES.txt'
[31.725s] writing manifest file 'rosbridge_msgs.egg-info/SOURCES.txt'
[31.898s] [  6%] Built target ament_cmake_python_build_rosbridge_msgs_egg
[32.673s] [  6%] Built target rosbridge_msgs__cpp
[32.769s] [  9%] [32mBuilding C object CMakeFiles/rosbridge_msgs__rosidl_generator_c.dir/rosidl_generator_c/rosbridge_msgs/msg/detail/connected_client__functions.c.o[0m
[32.783s] [ 11%] [32mBuilding C object CMakeFiles/rosbridge_msgs__rosidl_generator_c.dir/rosidl_generator_c/rosbridge_msgs/msg/detail/connected_client__description.c.o[0m
[32.801s] [ 13%] [32mBuilding C object CMakeFiles/rosbridge_msgs__rosidl_generator_c.dir/rosidl_generator_c/rosbridge_msgs/msg/detail/connected_clients__description.c.o[0m
[32.821s] [ 15%] [32mBuilding C object CMakeFiles/rosbridge_msgs__rosidl_generator_c.dir/rosidl_generator_c/rosbridge_msgs/msg/detail/connected_client__type_support.c.o[0m
[33.285s] [ 18%] [32mBuilding C object CMakeFiles/rosbridge_msgs__rosidl_generator_c.dir/rosidl_generator_c/rosbridge_msgs/msg/detail/connected_clients__functions.c.o[0m
[33.428s] [ 20%] [32mBuilding C object CMakeFiles/rosbridge_msgs__rosidl_generator_c.dir/rosidl_generator_c/rosbridge_msgs/msg/detail/connected_clients__type_support.c.o[0m
[33.840s] [ 22%] [32m[1mLinking C shared library librosbridge_msgs__rosidl_generator_c.so[0m
[34.227s] [ 22%] Built target rosbridge_msgs__rosidl_generator_c
[34.308s] [ 25%] [34m[1mGenerating C++ type support for eProsima Fast-RTPS[0m
[34.333s] [ 27%] [34m[1mGenerating C++ introspection for ROS interfaces[0m
[34.338s] [ 29%] [34m[1mGenerating C introspection for ROS interfaces[0m
[34.357s] [ 31%] [34m[1mGenerating C type support dispatch for ROS interfaces[0m
[36.604s] [ 34%] [32mBuilding CXX object CMakeFiles/rosbridge_msgs__rosidl_typesupport_c.dir/rosidl_typesupport_c/rosbridge_msgs/msg/connected_client__type_support.cpp.o[0m
[36.682s] [ 36%] [32mBuilding CXX object CMakeFiles/rosbridge_msgs__rosidl_typesupport_introspection_cpp.dir/rosidl_typesupport_introspection_cpp/rosbridge_msgs/msg/detail/connected_client__type_support.cpp.o[0m
[37.069s] [ 38%] [32mBuilding C object CMakeFiles/rosbridge_msgs__rosidl_typesupport_introspection_c.dir/rosidl_typesupport_introspection_c/rosbridge_msgs/msg/detail/connected_client__type_support.c.o[0m
[37.288s] [ 40%] [32mBuilding CXX object CMakeFiles/rosbridge_msgs__rosidl_typesupport_fastrtps_cpp.dir/rosidl_typesupport_fastrtps_cpp/rosbridge_msgs/msg/detail/dds_fastrtps/connected_client__type_support.cpp.o[0m
[37.857s] [ 43%] [32mBuilding C object CMakeFiles/rosbridge_msgs__rosidl_typesupport_introspection_c.dir/rosidl_typesupport_introspection_c/rosbridge_msgs/msg/detail/connected_clients__type_support.c.o[0m
[37.918s] [ 45%] [32mBuilding CXX object CMakeFiles/rosbridge_msgs__rosidl_typesupport_c.dir/rosidl_typesupport_c/rosbridge_msgs/msg/connected_clients__type_support.cpp.o[0m
[38.172s] [ 47%] [32m[1mLinking C shared library librosbridge_msgs__rosidl_typesupport_introspection_c.so[0m
[38.275s] [ 50%] [32m[1mLinking CXX shared library librosbridge_msgs__rosidl_typesupport_c.so[0m
[38.475s] [ 50%] Built target rosbridge_msgs__rosidl_typesupport_introspection_c
[38.524s] [ 52%] [32mBuilding CXX object CMakeFiles/rosbridge_msgs__rosidl_typesupport_fastrtps_cpp.dir/rosidl_typesupport_fastrtps_cpp/rosbridge_msgs/msg/detail/dds_fastrtps/connected_clients__type_support.cpp.o[0m
[38.614s] [ 52%] Built target rosbridge_msgs__rosidl_typesupport_c
[38.686s] [ 54%] [32mBuilding CXX object CMakeFiles/rosbridge_msgs__rosidl_typesupport_introspection_cpp.dir/rosidl_typesupport_introspection_cpp/rosbridge_msgs/msg/detail/connected_clients__type_support.cpp.o[0m
[42.449s] [ 56%] [34m[1mGenerating C++ type support dispatch for ROS interfaces[0m
[42.832s] [ 59%] [32m[1mLinking CXX shared library librosbridge_msgs__rosidl_typesupport_introspection_cpp.so[0m
[43.447s] [ 61%] [34m[1mGenerating C type support for eProsima Fast-RTPS[0m
[43.622s] [ 61%] Built target rosbridge_msgs__rosidl_typesupport_introspection_cpp
[44.080s] [ 63%] [32m[1mLinking CXX shared library librosbridge_msgs__rosidl_typesupport_fastrtps_cpp.so[0m
[44.590s] [ 65%] [32mBuilding CXX object CMakeFiles/rosbridge_msgs__rosidl_typesupport_cpp.dir/rosidl_typesupport_cpp/rosbridge_msgs/msg/connected_clients__type_support.cpp.o[0m
[44.616s] [ 68%] [32mBuilding CXX object CMakeFiles/rosbridge_msgs__rosidl_typesupport_cpp.dir/rosidl_typesupport_cpp/rosbridge_msgs/msg/connected_client__type_support.cpp.o[0m
[44.680s] [ 68%] Built target rosbridge_msgs__rosidl_typesupport_fastrtps_cpp
[46.229s] [ 70%] [32mBuilding CXX object CMakeFiles/rosbridge_msgs__rosidl_typesupport_fastrtps_c.dir/rosidl_typesupport_fastrtps_c/rosbridge_msgs/msg/detail/connected_client__type_support_c.cpp.o[0m
[46.231s] [ 72%] [32mBuilding CXX object CMakeFiles/rosbridge_msgs__rosidl_typesupport_fastrtps_c.dir/rosidl_typesupport_fastrtps_c/rosbridge_msgs/msg/detail/connected_clients__type_support_c.cpp.o[0m
[47.665s] [ 75%] [32m[1mLinking CXX shared library librosbridge_msgs__rosidl_typesupport_cpp.so[0m
[48.117s] [ 75%] Built target rosbridge_msgs__rosidl_typesupport_cpp
[50.439s] [ 77%] [32m[1mLinking CXX shared library librosbridge_msgs__rosidl_typesupport_fastrtps_c.so[0m
[50.816s] [ 77%] Built target rosbridge_msgs__rosidl_typesupport_fastrtps_c
[50.930s] [ 77%] Built target rosbridge_msgs
[51.046s] [ 79%] [34m[1mGenerating Python code for ROS interfaces[0m
[52.934s] [ 79%] Built target rosbridge_msgs__py
[53.048s] [ 81%] [32mBuilding C object CMakeFiles/rosbridge_msgs__rosidl_generator_py.dir/rosidl_generator_py/rosbridge_msgs/msg/_connected_client_s.c.o[0m
[53.062s] [ 84%] [32mBuilding C object CMakeFiles/rosbridge_msgs__rosidl_generator_py.dir/rosidl_generator_py/rosbridge_msgs/msg/_connected_clients_s.c.o[0m
[54.671s] [ 86%] [32m[1mLinking C shared library librosbridge_msgs__rosidl_generator_py.so[0m
[54.923s] [ 86%] Built target rosbridge_msgs__rosidl_generator_py
[55.044s] [ 88%] [32mBuilding C object CMakeFiles/rosbridge_msgs_s__rosidl_typesupport_fastrtps_c.dir/rosidl_generator_py/rosbridge_msgs/_rosbridge_msgs_s.ep.rosidl_typesupport_fastrtps_c.c.o[0m
[55.173s] [ 93%] [32mBuilding C object CMakeFiles/rosbridge_msgs_s__rosidl_typesupport_introspection_c.dir/rosidl_generator_py/rosbridge_msgs/_rosbridge_msgs_s.ep.rosidl_typesupport_introspection_c.c.o[0m
[55.174s] [ 90%] [32mBuilding C object CMakeFiles/rosbridge_msgs_s__rosidl_typesupport_c.dir/rosidl_generator_py/rosbridge_msgs/_rosbridge_msgs_s.ep.rosidl_typesupport_c.c.o[0m
[55.800s] [ 95%] [32m[1mLinking C shared module rosidl_generator_py/rosbridge_msgs/rosbridge_msgs_s__rosidl_typesupport_introspection_c.so[0m
[55.916s] [ 97%] [32m[1mLinking C shared module rosidl_generator_py/rosbridge_msgs/rosbridge_msgs_s__rosidl_typesupport_c.so[0m
[56.052s] [ 97%] Built target rosbridge_msgs_s__rosidl_typesupport_introspection_c
[56.100s] [100%] [32m[1mLinking C shared module rosidl_generator_py/rosbridge_msgs/rosbridge_msgs_s__rosidl_typesupport_fastrtps_c.so[0m
[56.163s] [100%] Built target rosbridge_msgs_s__rosidl_typesupport_c
[56.311s] [100%] Built target rosbridge_msgs_s__rosidl_typesupport_fastrtps_c
[56.373s] Invoked command in '/home/Malvin/my_ros_bot/build/rosbridge_msgs' returned '0': CMAKE_PREFIX_PATH=/home/Malvin/my_ros_bot/install/ros_bot_sim:/home/Malvin/my_ros_bot/install/ros_bot_imu:/home/Malvin/my_ros_bot/install/ros_bot_camera:/home/Malvin/my_ros_bot/install/pump_controller:/home/Malvin/my_ros_bot/install/onyx_robot:/home/Malvin/my_ros_bot/install/move_base:/home/Malvin/my_ros_bot/install/bot_teleop:/home/Malvin/my_ros_bot/install/arduino_ros:/opt/ros/jazzy PS1=(robot_space) \[\e]0;\u@\h: \w\a\]${debian_chroot:+($debian_chroot)}\[\033[01;32m\]\u@\h\[\033[00m\]:\[\033[01;34m\]\w\[\033[00m\]\$ VIRTUAL_ENV_PROMPT=(robot_space) /usr/bin/cmake --build /home/Malvin/my_ros_bot/build/rosbridge_msgs -- -j4 -l4
[56.424s] Invoking command in '/home/Malvin/my_ros_bot/build/rosbridge_msgs': CMAKE_PREFIX_PATH=/home/Malvin/my_ros_bot/install/ros_bot_sim:/home/Malvin/my_ros_bot/install/ros_bot_imu:/home/Malvin/my_ros_bot/install/ros_bot_camera:/home/Malvin/my_ros_bot/install/pump_controller:/home/Malvin/my_ros_bot/install/onyx_robot:/home/Malvin/my_ros_bot/install/move_base:/home/Malvin/my_ros_bot/install/bot_teleop:/home/Malvin/my_ros_bot/install/arduino_ros:/opt/ros/jazzy PS1=(robot_space) \[\e]0;\u@\h: \w\a\]${debian_chroot:+($debian_chroot)}\[\033[01;32m\]\u@\h\[\033[00m\]:\[\033[01;34m\]\w\[\033[00m\]\$ VIRTUAL_ENV_PROMPT=(robot_space) /usr/bin/cmake --install /home/Malvin/my_ros_bot/build/rosbridge_msgs
[56.471s] -- Install configuration: ""
[56.473s] -- Installing: /home/Malvin/my_ros_bot/install/rosbridge_msgs/share/ament_index/resource_index/rosidl_interfaces/rosbridge_msgs
[56.475s] -- Installing: /home/Malvin/my_ros_bot/install/rosbridge_msgs/share/rosbridge_msgs/msg/ConnectedClient.json
[56.477s] -- Installing: /home/Malvin/my_ros_bot/install/rosbridge_msgs/share/rosbridge_msgs/msg/ConnectedClients.json
[56.479s] -- Installing: /home/Malvin/my_ros_bot/install/rosbridge_msgs/include/rosbridge_msgs/rosbridge_msgs
[56.480s] -- Installing: /home/Malvin/my_ros_bot/install/rosbridge_msgs/include/rosbridge_msgs/rosbridge_msgs/msg
[56.481s] -- Installing: /home/Malvin/my_ros_bot/install/rosbridge_msgs/include/rosbridge_msgs/rosbridge_msgs/msg/connected_clients.h
[56.482s] -- Installing: /home/Malvin/my_ros_bot/install/rosbridge_msgs/include/rosbridge_msgs/rosbridge_msgs/msg/connected_client.h
[56.483s] -- Installing: /home/Malvin/my_ros_bot/install/rosbridge_msgs/include/rosbridge_msgs/rosbridge_msgs/msg/detail
[56.484s] -- Installing: /home/Malvin/my_ros_bot/install/rosbridge_msgs/include/rosbridge_msgs/rosbridge_msgs/msg/detail/connected_client__description.c
[56.486s] -- Installing: /home/Malvin/my_ros_bot/install/rosbridge_msgs/include/rosbridge_msgs/rosbridge_msgs/msg/detail/connected_client__struct.h
[56.488s] -- Installing: /home/Malvin/my_ros_bot/install/rosbridge_msgs/include/rosbridge_msgs/rosbridge_msgs/msg/detail/connected_clients__type_support.c
[56.489s] -- Installing: /home/Malvin/my_ros_bot/install/rosbridge_msgs/include/rosbridge_msgs/rosbridge_msgs/msg/detail/connected_client__functions.c
[56.491s] -- Installing: /home/Malvin/my_ros_bot/install/rosbridge_msgs/include/rosbridge_msgs/rosbridge_msgs/msg/detail/connected_clients__description.c
[56.492s] -- Installing: /home/Malvin/my_ros_bot/install/rosbridge_msgs/include/rosbridge_msgs/rosbridge_msgs/msg/detail/connected_clients__struct.h
[56.494s] -- Installing: /home/Malvin/my_ros_bot/install/rosbridge_msgs/include/rosbridge_msgs/rosbridge_msgs/msg/detail/connected_client__type_support.h
[56.496s] -- Installing: /home/Malvin/my_ros_bot/install/rosbridge_msgs/include/rosbridge_msgs/rosbridge_msgs/msg/detail/connected_clients__functions.h
[56.497s] -- Installing: /home/Malvin/my_ros_bot/install/rosbridge_msgs/include/rosbridge_msgs/rosbridge_msgs/msg/detail/connected_client__type_support.c
[56.499s] -- Installing: /home/Malvin/my_ros_bot/install/rosbridge_msgs/include/rosbridge_msgs/rosbridge_msgs/msg/detail/connected_clients__type_support.h
[56.501s] -- Installing: /home/Malvin/my_ros_bot/install/rosbridge_msgs/include/rosbridge_msgs/rosbridge_msgs/msg/detail/connected_client__functions.h
[56.502s] -- Installing: /home/Malvin/my_ros_bot/install/rosbridge_msgs/include/rosbridge_msgs/rosbridge_msgs/msg/detail/connected_clients__functions.c
[56.504s] -- Installing: /home/Malvin/my_ros_bot/install/rosbridge_msgs/include/rosbridge_msgs/rosbridge_msgs/msg/rosidl_generator_c__visibility_control.h
[56.506s] -- Installing: /home/Malvin/my_ros_bot/install/rosbridge_msgs/share/rosbridge_msgs/environment/library_path.sh
[56.508s] -- Installing: /home/Malvin/my_ros_bot/install/rosbridge_msgs/share/rosbridge_msgs/environment/library_path.dsv
[56.510s] -- Installing: /home/Malvin/my_ros_bot/install/rosbridge_msgs/lib/librosbridge_msgs__rosidl_generator_c.so
[56.514s] -- Set non-toolchain portion of runtime path of "/home/Malvin/my_ros_bot/install/rosbridge_msgs/lib/librosbridge_msgs__rosidl_generator_c.so" to ""
[56.515s] -- Up-to-date: /home/Malvin/my_ros_bot/install/rosbridge_msgs/include/rosbridge_msgs/rosbridge_msgs
[56.516s] -- Up-to-date: /home/Malvin/my_ros_bot/install/rosbridge_msgs/include/rosbridge_msgs/rosbridge_msgs/msg
[56.517s] -- Up-to-date: /home/Malvin/my_ros_bot/install/rosbridge_msgs/include/rosbridge_msgs/rosbridge_msgs/msg/detail
[56.517s] -- Installing: /home/Malvin/my_ros_bot/install/rosbridge_msgs/include/rosbridge_msgs/rosbridge_msgs/msg/detail/connected_clients__rosidl_typesupport_fastrtps_c.h
[56.518s] -- Installing: /home/Malvin/my_ros_bot/install/rosbridge_msgs/include/rosbridge_msgs/rosbridge_msgs/msg/detail/connected_client__rosidl_typesupport_fastrtps_c.h
[56.520s] -- Installing: /home/Malvin/my_ros_bot/install/rosbridge_msgs/include/rosbridge_msgs/rosbridge_msgs/msg/rosidl_typesupport_fastrtps_c__visibility_control.h
[56.522s] -- Installing: /home/Malvin/my_ros_bot/install/rosbridge_msgs/lib/librosbridge_msgs__rosidl_typesupport_fastrtps_c.so
[56.526s] -- Set non-toolchain portion of runtime path of "/home/Malvin/my_ros_bot/install/rosbridge_msgs/lib/librosbridge_msgs__rosidl_typesupport_fastrtps_c.so" to ""
[56.526s] -- Up-to-date: /home/Malvin/my_ros_bot/install/rosbridge_msgs/include/rosbridge_msgs/rosbridge_msgs
[56.527s] -- Up-to-date: /home/Malvin/my_ros_bot/install/rosbridge_msgs/include/rosbridge_msgs/rosbridge_msgs/msg
[56.527s] -- Installing: /home/Malvin/my_ros_bot/install/rosbridge_msgs/include/rosbridge_msgs/rosbridge_msgs/msg/rosidl_generator_cpp__visibility_control.hpp
[56.529s] -- Up-to-date: /home/Malvin/my_ros_bot/install/rosbridge_msgs/include/rosbridge_msgs/rosbridge_msgs/msg/detail
[56.529s] -- Installing: /home/Malvin/my_ros_bot/install/rosbridge_msgs/include/rosbridge_msgs/rosbridge_msgs/msg/detail/connected_clients__type_support.hpp
[56.531s] -- Installing: /home/Malvin/my_ros_bot/install/rosbridge_msgs/include/rosbridge_msgs/rosbridge_msgs/msg/detail/connected_client__type_support.hpp
[56.533s] -- Installing: /home/Malvin/my_ros_bot/install/rosbridge_msgs/include/rosbridge_msgs/rosbridge_msgs/msg/detail/connected_clients__struct.hpp
[56.535s] -- Installing: /home/Malvin/my_ros_bot/install/rosbridge_msgs/include/rosbridge_msgs/rosbridge_msgs/msg/detail/connected_client__struct.hpp
[56.536s] -- Installing: /home/Malvin/my_ros_bot/install/rosbridge_msgs/include/rosbridge_msgs/rosbridge_msgs/msg/detail/connected_client__builder.hpp
[56.538s] -- Installing: /home/Malvin/my_ros_bot/install/rosbridge_msgs/include/rosbridge_msgs/rosbridge_msgs/msg/detail/connected_client__traits.hpp
[56.539s] -- Installing: /home/Malvin/my_ros_bot/install/rosbridge_msgs/include/rosbridge_msgs/rosbridge_msgs/msg/detail/connected_clients__traits.hpp
[56.541s] -- Installing: /home/Malvin/my_ros_bot/install/rosbridge_msgs/include/rosbridge_msgs/rosbridge_msgs/msg/detail/connected_clients__builder.hpp
[56.542s] -- Installing: /home/Malvin/my_ros_bot/install/rosbridge_msgs/include/rosbridge_msgs/rosbridge_msgs/msg/connected_clients.hpp
[56.544s] -- Installing: /home/Malvin/my_ros_bot/install/rosbridge_msgs/include/rosbridge_msgs/rosbridge_msgs/msg/connected_client.hpp
[56.546s] -- Up-to-date: /home/Malvin/my_ros_bot/install/rosbridge_msgs/include/rosbridge_msgs/rosbridge_msgs
[56.547s] -- Up-to-date: /home/Malvin/my_ros_bot/install/rosbridge_msgs/include/rosbridge_msgs/rosbridge_msgs/msg
[56.547s] -- Installing: /home/Malvin/my_ros_bot/install/rosbridge_msgs/include/rosbridge_msgs/rosbridge_msgs/msg/rosidl_typesupport_fastrtps_cpp__visibility_control.h
[56.549s] -- Up-to-date: /home/Malvin/my_ros_bot/install/rosbridge_msgs/include/rosbridge_msgs/rosbridge_msgs/msg/detail
[56.549s] -- Installing: /home/Malvin/my_ros_bot/install/rosbridge_msgs/include/rosbridge_msgs/rosbridge_msgs/msg/detail/dds_fastrtps
[56.550s] -- Installing: /home/Malvin/my_ros_bot/install/rosbridge_msgs/include/rosbridge_msgs/rosbridge_msgs/msg/detail/connected_client__rosidl_typesupport_fastrtps_cpp.hpp
[56.552s] -- Installing: /home/Malvin/my_ros_bot/install/rosbridge_msgs/include/rosbridge_msgs/rosbridge_msgs/msg/detail/connected_clients__rosidl_typesupport_fastrtps_cpp.hpp
[56.554s] -- Installing: /home/Malvin/my_ros_bot/install/rosbridge_msgs/lib/librosbridge_msgs__rosidl_typesupport_fastrtps_cpp.so
[56.558s] -- Set non-toolchain portion of runtime path of "/home/Malvin/my_ros_bot/install/rosbridge_msgs/lib/librosbridge_msgs__rosidl_typesupport_fastrtps_cpp.so" to ""
[56.559s] -- Up-to-date: /home/Malvin/my_ros_bot/install/rosbridge_msgs/include/rosbridge_msgs/rosbridge_msgs
[56.559s] -- Up-to-date: /home/Malvin/my_ros_bot/install/rosbridge_msgs/include/rosbridge_msgs/rosbridge_msgs/msg
[56.560s] -- Installing: /home/Malvin/my_ros_bot/install/rosbridge_msgs/include/rosbridge_msgs/rosbridge_msgs/msg/rosidl_typesupport_introspection_c__visibility_control.h
[56.561s] -- Up-to-date: /home/Malvin/my_ros_bot/install/rosbridge_msgs/include/rosbridge_msgs/rosbridge_msgs/msg/detail
[56.561s] -- Installing: /home/Malvin/my_ros_bot/install/rosbridge_msgs/include/rosbridge_msgs/rosbridge_msgs/msg/detail/connected_clients__rosidl_typesupport_introspection_c.h
[56.563s] -- Installing: /home/Malvin/my_ros_bot/install/rosbridge_msgs/include/rosbridge_msgs/rosbridge_msgs/msg/detail/connected_clients__type_support.c
[56.564s] -- Installing: /home/Malvin/my_ros_bot/install/rosbridge_msgs/include/rosbridge_msgs/rosbridge_msgs/msg/detail/connected_client__type_support.c
[56.566s] -- Installing: /home/Malvin/my_ros_bot/install/rosbridge_msgs/include/rosbridge_msgs/rosbridge_msgs/msg/detail/connected_client__rosidl_typesupport_introspection_c.h
[56.567s] -- Installing: /home/Malvin/my_ros_bot/install/rosbridge_msgs/lib/librosbridge_msgs__rosidl_typesupport_introspection_c.so
[56.571s] -- Set non-toolchain portion of runtime path of "/home/Malvin/my_ros_bot/install/rosbridge_msgs/lib/librosbridge_msgs__rosidl_typesupport_introspection_c.so" to ""
[56.573s] -- Installing: /home/Malvin/my_ros_bot/install/rosbridge_msgs/lib/librosbridge_msgs__rosidl_typesupport_c.so
[56.575s] -- Set non-toolchain portion of runtime path of "/home/Malvin/my_ros_bot/install/rosbridge_msgs/lib/librosbridge_msgs__rosidl_typesupport_c.so" to ""
[56.576s] -- Up-to-date: /home/Malvin/my_ros_bot/install/rosbridge_msgs/include/rosbridge_msgs/rosbridge_msgs
[56.577s] -- Up-to-date: /home/Malvin/my_ros_bot/install/rosbridge_msgs/include/rosbridge_msgs/rosbridge_msgs/msg
[56.578s] -- Up-to-date: /home/Malvin/my_ros_bot/install/rosbridge_msgs/include/rosbridge_msgs/rosbridge_msgs/msg/detail
[56.578s] -- Installing: /home/Malvin/my_ros_bot/install/rosbridge_msgs/include/rosbridge_msgs/rosbridge_msgs/msg/detail/connected_client__type_support.cpp
[56.579s] -- Installing: /home/Malvin/my_ros_bot/install/rosbridge_msgs/include/rosbridge_msgs/rosbridge_msgs/msg/detail/connected_clients__rosidl_typesupport_introspection_cpp.hpp
[56.580s] -- Installing: /home/Malvin/my_ros_bot/install/rosbridge_msgs/include/rosbridge_msgs/rosbridge_msgs/msg/detail/connected_clients__type_support.cpp
[56.582s] -- Installing: /home/Malvin/my_ros_bot/install/rosbridge_msgs/include/rosbridge_msgs/rosbridge_msgs/msg/detail/connected_client__rosidl_typesupport_introspection_cpp.hpp
[56.584s] -- Installing: /home/Malvin/my_ros_bot/install/rosbridge_msgs/lib/librosbridge_msgs__rosidl_typesupport_introspection_cpp.so
[56.587s] -- Set non-toolchain portion of runtime path of "/home/Malvin/my_ros_bot/install/rosbridge_msgs/lib/librosbridge_msgs__rosidl_typesupport_introspection_cpp.so" to ""
[56.588s] -- Installing: /home/Malvin/my_ros_bot/install/rosbridge_msgs/lib/librosbridge_msgs__rosidl_typesupport_cpp.so
[56.591s] -- Set non-toolchain portion of runtime path of "/home/Malvin/my_ros_bot/install/rosbridge_msgs/lib/librosbridge_msgs__rosidl_typesupport_cpp.so" to ""
[56.592s] -- Installing: /home/Malvin/my_ros_bot/install/rosbridge_msgs/share/rosbridge_msgs/environment/pythonpath.sh
[56.593s] -- Installing: /home/Malvin/my_ros_bot/install/rosbridge_msgs/share/rosbridge_msgs/environment/pythonpath.dsv
[56.594s] -- Installing: /home/Malvin/my_ros_bot/install/rosbridge_msgs/lib/python3.12/site-packages/rosbridge_msgs-4.1.0-py3.12.egg-info
[56.595s] -- Installing: /home/Malvin/my_ros_bot/install/rosbridge_msgs/lib/python3.12/site-packages/rosbridge_msgs-4.1.0-py3.12.egg-info/dependency_links.txt
[56.597s] -- Installing: /home/Malvin/my_ros_bot/install/rosbridge_msgs/lib/python3.12/site-packages/rosbridge_msgs-4.1.0-py3.12.egg-info/SOURCES.txt
[56.599s] -- Installing: /home/Malvin/my_ros_bot/install/rosbridge_msgs/lib/python3.12/site-packages/rosbridge_msgs-4.1.0-py3.12.egg-info/top_level.txt
[56.600s] -- Installing: /home/Malvin/my_ros_bot/install/rosbridge_msgs/lib/python3.12/site-packages/rosbridge_msgs-4.1.0-py3.12.egg-info/PKG-INFO
[56.601s] -- Installing: /home/Malvin/my_ros_bot/install/rosbridge_msgs/lib/python3.12/site-packages/rosbridge_msgs
[56.602s] -- Installing: /home/Malvin/my_ros_bot/install/rosbridge_msgs/lib/python3.12/site-packages/rosbridge_msgs/rosbridge_msgs_s__rosidl_typesupport_c.so
[56.604s] -- Installing: /home/Malvin/my_ros_bot/install/rosbridge_msgs/lib/python3.12/site-packages/rosbridge_msgs/_rosbridge_msgs_s.ep.rosidl_typesupport_c.c
[56.606s] -- Installing: /home/Malvin/my_ros_bot/install/rosbridge_msgs/lib/python3.12/site-packages/rosbridge_msgs/msg
[56.606s] -- Installing: /home/Malvin/my_ros_bot/install/rosbridge_msgs/lib/python3.12/site-packages/rosbridge_msgs/msg/_connected_clients.py
[56.608s] -- Installing: /home/Malvin/my_ros_bot/install/rosbridge_msgs/lib/python3.12/site-packages/rosbridge_msgs/msg/_connected_clients_s.c
[56.609s] -- Installing: /home/Malvin/my_ros_bot/install/rosbridge_msgs/lib/python3.12/site-packages/rosbridge_msgs/msg/__init__.py
[56.611s] -- Installing: /home/Malvin/my_ros_bot/install/rosbridge_msgs/lib/python3.12/site-packages/rosbridge_msgs/msg/_connected_client_s.c
[56.612s] -- Installing: /home/Malvin/my_ros_bot/install/rosbridge_msgs/lib/python3.12/site-packages/rosbridge_msgs/msg/_connected_client.py
[56.614s] -- Installing: /home/Malvin/my_ros_bot/install/rosbridge_msgs/lib/python3.12/site-packages/rosbridge_msgs/rosbridge_msgs_s__rosidl_typesupport_introspection_c.so
[56.616s] -- Installing: /home/Malvin/my_ros_bot/install/rosbridge_msgs/lib/python3.12/site-packages/rosbridge_msgs/__init__.py
[56.617s] -- Installing: /home/Malvin/my_ros_bot/install/rosbridge_msgs/lib/python3.12/site-packages/rosbridge_msgs/_rosbridge_msgs_s.ep.rosidl_typesupport_fastrtps_c.c
[56.619s] -- Installing: /home/Malvin/my_ros_bot/install/rosbridge_msgs/lib/python3.12/site-packages/rosbridge_msgs/rosbridge_msgs_s__rosidl_typesupport_fastrtps_c.so
[56.621s] -- Installing: /home/Malvin/my_ros_bot/install/rosbridge_msgs/lib/python3.12/site-packages/rosbridge_msgs/_rosbridge_msgs_s.ep.rosidl_typesupport_introspection_c.c
[56.884s] Listing '/home/Malvin/my_ros_bot/install/rosbridge_msgs/lib/python3.12/site-packages/rosbridge_msgs'...
[56.887s] Compiling '/home/Malvin/my_ros_bot/install/rosbridge_msgs/lib/python3.12/site-packages/rosbridge_msgs/__init__.py'...
[56.890s] Listing '/home/Malvin/my_ros_bot/install/rosbridge_msgs/lib/python3.12/site-packages/rosbridge_msgs/msg'...
[56.893s] Compiling '/home/Malvin/my_ros_bot/install/rosbridge_msgs/lib/python3.12/site-packages/rosbridge_msgs/msg/__init__.py'...
[56.895s] Compiling '/home/Malvin/my_ros_bot/install/rosbridge_msgs/lib/python3.12/site-packages/rosbridge_msgs/msg/_connected_client.py'...
[56.898s] Compiling '/home/Malvin/my_ros_bot/install/rosbridge_msgs/lib/python3.12/site-packages/rosbridge_msgs/msg/_connected_clients.py'...
[56.939s] -- Installing: /home/Malvin/my_ros_bot/install/rosbridge_msgs/lib/python3.12/site-packages/rosbridge_msgs/rosbridge_msgs_s__rosidl_typesupport_fastrtps_c.so
[56.944s] -- Set non-toolchain portion of runtime path of "/home/Malvin/my_ros_bot/install/rosbridge_msgs/lib/python3.12/site-packages/rosbridge_msgs/rosbridge_msgs_s__rosidl_typesupport_fastrtps_c.so" to ""
[56.947s] -- Installing: /home/Malvin/my_ros_bot/install/rosbridge_msgs/lib/python3.12/site-packages/rosbridge_msgs/rosbridge_msgs_s__rosidl_typesupport_introspection_c.so
[56.952s] -- Set non-toolchain portion of runtime path of "/home/Malvin/my_ros_bot/install/rosbridge_msgs/lib/python3.12/site-packages/rosbridge_msgs/rosbridge_msgs_s__rosidl_typesupport_introspection_c.so" to ""
[56.954s] -- Installing: /home/Malvin/my_ros_bot/install/rosbridge_msgs/lib/python3.12/site-packages/rosbridge_msgs/rosbridge_msgs_s__rosidl_typesupport_c.so
[56.958s] -- Set non-toolchain portion of runtime path of "/home/Malvin/my_ros_bot/install/rosbridge_msgs/lib/python3.12/site-packages/rosbridge_msgs/rosbridge_msgs_s__rosidl_typesupport_c.so" to ""
[56.959s] -- Installing: /home/Malvin/my_ros_bot/install/rosbridge_msgs/lib/librosbridge_msgs__rosidl_generator_py.so
[56.963s] -- Set non-toolchain portion of runtime path of "/home/Malvin/my_ros_bot/install/rosbridge_msgs/lib/librosbridge_msgs__rosidl_generator_py.so" to ""
[56.964s] -- Installing: /home/Malvin/my_ros_bot/install/rosbridge_msgs/share/rosbridge_msgs/msg/ConnectedClient.idl
[56.967s] -- Installing: /home/Malvin/my_ros_bot/install/rosbridge_msgs/share/rosbridge_msgs/msg/ConnectedClients.idl
[56.968s] -- Installing: /home/Malvin/my_ros_bot/install/rosbridge_msgs/share/rosbridge_msgs/msg/ConnectedClient.msg
[56.969s] -- Installing: /home/Malvin/my_ros_bot/install/rosbridge_msgs/share/rosbridge_msgs/msg/ConnectedClients.msg
[56.971s] -- Installing: /home/Malvin/my_ros_bot/install/rosbridge_msgs/share/ament_index/resource_index/package_run_dependencies/rosbridge_msgs
[56.972s] -- Installing: /home/Malvin/my_ros_bot/install/rosbridge_msgs/share/ament_index/resource_index/parent_prefix_path/rosbridge_msgs
[56.973s] -- Installing: /home/Malvin/my_ros_bot/install/rosbridge_msgs/share/rosbridge_msgs/environment/ament_prefix_path.sh
[56.974s] -- Installing: /home/Malvin/my_ros_bot/install/rosbridge_msgs/share/rosbridge_msgs/environment/ament_prefix_path.dsv
[56.977s] -- Installing: /home/Malvin/my_ros_bot/install/rosbridge_msgs/share/rosbridge_msgs/environment/path.sh
[56.979s] -- Installing: /home/Malvin/my_ros_bot/install/rosbridge_msgs/share/rosbridge_msgs/environment/path.dsv
[56.982s] -- Installing: /home/Malvin/my_ros_bot/install/rosbridge_msgs/share/rosbridge_msgs/local_setup.bash
[56.984s] -- Installing: /home/Malvin/my_ros_bot/install/rosbridge_msgs/share/rosbridge_msgs/local_setup.sh
[56.985s] -- Installing: /home/Malvin/my_ros_bot/install/rosbridge_msgs/share/rosbridge_msgs/local_setup.zsh
[56.985s] -- Installing: /home/Malvin/my_ros_bot/install/rosbridge_msgs/share/rosbridge_msgs/local_setup.dsv
[56.986s] -- Installing: /home/Malvin/my_ros_bot/install/rosbridge_msgs/share/rosbridge_msgs/package.dsv
[56.990s] -- Installing: /home/Malvin/my_ros_bot/install/rosbridge_msgs/share/ament_index/resource_index/packages/rosbridge_msgs
[56.990s] -- Installing: /home/Malvin/my_ros_bot/install/rosbridge_msgs/share/rosbridge_msgs/cmake/export_rosbridge_msgs__rosidl_generator_cExport.cmake
[56.991s] -- Installing: /home/Malvin/my_ros_bot/install/rosbridge_msgs/share/rosbridge_msgs/cmake/export_rosbridge_msgs__rosidl_generator_cExport-noconfig.cmake
[56.996s] -- Installing: /home/Malvin/my_ros_bot/install/rosbridge_msgs/share/rosbridge_msgs/cmake/export_rosbridge_msgs__rosidl_typesupport_fastrtps_cExport.cmake
[56.996s] -- Installing: /home/Malvin/my_ros_bot/install/rosbridge_msgs/share/rosbridge_msgs/cmake/export_rosbridge_msgs__rosidl_typesupport_fastrtps_cExport-noconfig.cmake
[56.998s] -- Installing: /home/Malvin/my_ros_bot/install/rosbridge_msgs/share/rosbridge_msgs/cmake/export_rosbridge_msgs__rosidl_generator_cppExport.cmake
[57.001s] -- Installing: /home/Malvin/my_ros_bot/install/rosbridge_msgs/share/rosbridge_msgs/cmake/export_rosbridge_msgs__rosidl_typesupport_fastrtps_cppExport.cmake
[57.002s] -- Installing: /home/Malvin/my_ros_bot/install/rosbridge_msgs/share/rosbridge_msgs/cmake/export_rosbridge_msgs__rosidl_typesupport_fastrtps_cppExport-noconfig.cmake
[57.003s] -- Installing: /home/Malvin/my_ros_bot/install/rosbridge_msgs/share/rosbridge_msgs/cmake/rosbridge_msgs__rosidl_typesupport_introspection_cExport.cmake
[57.004s] -- Installing: /home/Malvin/my_ros_bot/install/rosbridge_msgs/share/rosbridge_msgs/cmake/rosbridge_msgs__rosidl_typesupport_introspection_cExport-noconfig.cmake
[57.008s] -- Installing: /home/Malvin/my_ros_bot/install/rosbridge_msgs/share/rosbridge_msgs/cmake/rosbridge_msgs__rosidl_typesupport_cExport.cmake
[57.009s] -- Installing: /home/Malvin/my_ros_bot/install/rosbridge_msgs/share/rosbridge_msgs/cmake/rosbridge_msgs__rosidl_typesupport_cExport-noconfig.cmake
[57.013s] -- Installing: /home/Malvin/my_ros_bot/install/rosbridge_msgs/share/rosbridge_msgs/cmake/rosbridge_msgs__rosidl_typesupport_introspection_cppExport.cmake
[57.014s] -- Installing: /home/Malvin/my_ros_bot/install/rosbridge_msgs/share/rosbridge_msgs/cmake/rosbridge_msgs__rosidl_typesupport_introspection_cppExport-noconfig.cmake
[57.015s] -- Installing: /home/Malvin/my_ros_bot/install/rosbridge_msgs/share/rosbridge_msgs/cmake/rosbridge_msgs__rosidl_typesupport_cppExport.cmake
[57.017s] -- Installing: /home/Malvin/my_ros_bot/install/rosbridge_msgs/share/rosbridge_msgs/cmake/rosbridge_msgs__rosidl_typesupport_cppExport-noconfig.cmake
[57.019s] -- Installing: /home/Malvin/my_ros_bot/install/rosbridge_msgs/share/rosbridge_msgs/cmake/export_rosbridge_msgs__rosidl_generator_pyExport.cmake
[57.023s] -- Installing: /home/Malvin/my_ros_bot/install/rosbridge_msgs/share/rosbridge_msgs/cmake/export_rosbridge_msgs__rosidl_generator_pyExport-noconfig.cmake
[57.024s] -- Installing: /home/Malvin/my_ros_bot/install/rosbridge_msgs/share/rosbridge_msgs/cmake/rosidl_cmake-extras.cmake
[57.025s] -- Installing: /home/Malvin/my_ros_bot/install/rosbridge_msgs/share/rosbridge_msgs/cmake/ament_cmake_export_dependencies-extras.cmake
[57.026s] -- Installing: /home/Malvin/my_ros_bot/install/rosbridge_msgs/share/rosbridge_msgs/cmake/ament_cmake_export_include_directories-extras.cmake
[57.032s] -- Installing: /home/Malvin/my_ros_bot/install/rosbridge_msgs/share/rosbridge_msgs/cmake/ament_cmake_export_libraries-extras.cmake
[57.033s] -- Installing: /home/Malvin/my_ros_bot/install/rosbridge_msgs/share/rosbridge_msgs/cmake/ament_cmake_export_targets-extras.cmake
[57.034s] -- Installing: /home/Malvin/my_ros_bot/install/rosbridge_msgs/share/rosbridge_msgs/cmake/rosidl_cmake_export_typesupport_targets-extras.cmake
[57.036s] -- Installing: /home/Malvin/my_ros_bot/install/rosbridge_msgs/share/rosbridge_msgs/cmake/rosidl_cmake_export_typesupport_libraries-extras.cmake
[57.038s] -- Installing: /home/Malvin/my_ros_bot/install/rosbridge_msgs/share/rosbridge_msgs/cmake/rosbridge_msgsConfig.cmake
[57.041s] -- Installing: /home/Malvin/my_ros_bot/install/rosbridge_msgs/share/rosbridge_msgs/cmake/rosbridge_msgsConfig-version.cmake
[57.043s] -- Installing: /home/Malvin/my_ros_bot/install/rosbridge_msgs/share/rosbridge_msgs/package.xml
[57.054s] Invoked command in '/home/Malvin/my_ros_bot/build/rosbridge_msgs' returned '0': CMAKE_PREFIX_PATH=/home/Malvin/my_ros_bot/install/ros_bot_sim:/home/Malvin/my_ros_bot/install/ros_bot_imu:/home/Malvin/my_ros_bot/install/ros_bot_camera:/home/Malvin/my_ros_bot/install/pump_controller:/home/Malvin/my_ros_bot/install/onyx_robot:/home/Malvin/my_ros_bot/install/move_base:/home/Malvin/my_ros_bot/install/bot_teleop:/home/Malvin/my_ros_bot/install/arduino_ros:/opt/ros/jazzy PS1=(robot_space) \[\e]0;\u@\h: \w\a\]${debian_chroot:+($debian_chroot)}\[\033[01;32m\]\u@\h\[\033[00m\]:\[\033[01;34m\]\w\[\033[00m\]\$ VIRTUAL_ENV_PROMPT=(robot_space) /usr/bin/cmake --install /home/Malvin/my_ros_bot/build/rosbridge_msgs
