[0.000000] (-) TimerEvent: {}
[0.000444] (-) JobUnselected: {'identifier': 'arduino_ros'}
[0.000708] (-) JobUnselected: {'identifier': 'bot_teleop'}
[0.000791] (-) JobUnselected: {'identifier': 'move_base'}
[0.000854] (-) JobUnselected: {'identifier': 'onyx_robot'}
[0.000915] (-) JobUnselected: {'identifier': 'pump_controller'}
[0.000977] (-) JobUnselected: {'identifier': 'ros_bot_camera'}
[0.001036] (-) JobUnselected: {'identifier': 'ros_bot_imu'}
[0.001094] (-) JobUnselected: {'identifier': 'ros_bot_sim'}
[0.001153] (-) JobUnselected: {'identifier': 'rosapi'}
[0.001570] (-) JobUnselected: {'identifier': 'rosapi_msgs'}
[0.001634] (-) JobUnselected: {'identifier': 'rosbridge_test_msgs'}
[0.001703] (rosbridge_msgs) JobQueued: {'identifier': 'rosbridge_msgs', 'dependencies': OrderedDict()}
[0.001776] (rosbridge_library) JobQueued: {'identifier': 'rosbridge_library', 'dependencies': OrderedDict({'rosbridge_test_msgs': '/home/Malvin/my_ros_bot/install/rosbridge_test_msgs'})}
[0.001856] (rosbridge_server) JobQueued: {'identifier': 'rosbridge_server', 'dependencies': OrderedDict({'rosapi_msgs': '/home/Malvin/my_ros_bot/install/rosapi_msgs', 'rosbridge_msgs': '/home/Malvin/my_ros_bot/install/rosbridge_msgs', 'rosbridge_test_msgs': '/home/Malvin/my_ros_bot/install/rosbridge_test_msgs', 'rosbridge_library': '/home/Malvin/my_ros_bot/install/rosbridge_library', 'rosapi': '/home/Malvin/my_ros_bot/install/rosapi'})}
[0.001972] (rosbridge_suite) JobQueued: {'identifier': 'rosbridge_suite', 'dependencies': OrderedDict({'rosapi_msgs': '/home/Malvin/my_ros_bot/install/rosapi_msgs', 'rosbridge_msgs': '/home/Malvin/my_ros_bot/install/rosbridge_msgs', 'rosbridge_test_msgs': '/home/Malvin/my_ros_bot/install/rosbridge_test_msgs', 'rosbridge_library': '/home/Malvin/my_ros_bot/install/rosbridge_library', 'rosapi': '/home/Malvin/my_ros_bot/install/rosapi', 'rosbridge_server': '/home/Malvin/my_ros_bot/install/rosbridge_server'})}
[0.002839] (rosbridge_msgs) JobStarted: {'identifier': 'rosbridge_msgs'}
[0.053148] (rosbridge_library) JobStarted: {'identifier': 'rosbridge_library'}
[0.099161] (-) TimerEvent: {}
[0.135653] (rosbridge_library) JobEnded: {'identifier': 'rosbridge_library', 'rc': 1}
[0.138443] (rosbridge_msgs) JobEnded: {'identifier': 'rosbridge_msgs', 'rc': 'SIGINT'}
[0.150214] (rosbridge_server) JobSkipped: {'identifier': 'rosbridge_server'}
[0.150380] (rosbridge_suite) JobSkipped: {'identifier': 'rosbridge_suite'}
[0.150485] (-) EventReactorShutdown: {}
