[6.722s] Invoking command in '/home/Malvin/my_ros_bot/build/pump_controller': PS1=(robot_space) \[\e]0;\u@\h: \w\a\]${debian_chroot:+($debian_chroot)}\[\033[01;32m\]\u@\h\[\033[00m\]:\[\033[01;34m\]\w\[\033[00m\]\$ PYTHONPATH=/home/Malvin/my_ros_bot/build/pump_controller/prefix_override:/usr/lib/python3/dist-packages/colcon_core/task/python/colcon_distutils_commands:/home/Malvin/my_ros_bot/install/pump_controller/lib/python3.12/site-packages:${PYTHONPATH} VIRTUAL_ENV_PROMPT=(robot_space) /usr/bin/python3 -W ignore:setup.py install is deprecated -W ignore:easy_install command is deprecated setup.py develop --editable --build-directory /home/Malvin/my_ros_bot/build/pump_controller/build --no-deps symlink_data
[8.634s] running develop
[9.837s] running egg_info
[9.838s] creating pump_controller.egg-info
[9.946s] writing pump_controller.egg-info/PKG-INFO
[9.948s] writing dependency_links to pump_controller.egg-info/dependency_links.txt
[9.949s] writing requirements to pump_controller.egg-info/requires.txt
[9.950s] writing top-level names to pump_controller.egg-info/top_level.txt
[9.951s] writing manifest file 'pump_controller.egg-info/SOURCES.txt'
[10.507s] reading manifest file 'pump_controller.egg-info/SOURCES.txt'
[10.512s] writing manifest file 'pump_controller.egg-info/SOURCES.txt'
[10.627s] running build_ext
[10.628s] Creating /home/Malvin/my_ros_bot/install/pump_controller/lib/python3.12/site-packages/pump-controller.egg-link (link to .)
[10.631s] 
[10.633s] Installed /home/Malvin/my_ros_bot/build/pump_controller
[10.633s] running symlink_data
[10.634s] creating /home/Malvin/my_ros_bot/install/pump_controller/share/ament_index
[10.635s] creating /home/Malvin/my_ros_bot/install/pump_controller/share/ament_index/resource_index
[10.637s] creating /home/Malvin/my_ros_bot/install/pump_controller/share/ament_index/resource_index/packages
[10.638s] symbolically linking /home/Malvin/my_ros_bot/build/pump_controller/resource/pump_controller -> /home/Malvin/my_ros_bot/install/pump_controller/share/ament_index/resource_index/packages
[10.640s] symbolically linking /home/Malvin/my_ros_bot/build/pump_controller/package.xml -> /home/Malvin/my_ros_bot/install/pump_controller/share/pump_controller
[10.819s] Invoked command in '/home/Malvin/my_ros_bot/build/pump_controller' returned '0': PS1=(robot_space) \[\e]0;\u@\h: \w\a\]${debian_chroot:+($debian_chroot)}\[\033[01;32m\]\u@\h\[\033[00m\]:\[\033[01;34m\]\w\[\033[00m\]\$ PYTHONPATH=/home/Malvin/my_ros_bot/build/pump_controller/prefix_override:/usr/lib/python3/dist-packages/colcon_core/task/python/colcon_distutils_commands:/home/Malvin/my_ros_bot/install/pump_controller/lib/python3.12/site-packages:${PYTHONPATH} VIRTUAL_ENV_PROMPT=(robot_space) /usr/bin/python3 -W ignore:setup.py install is deprecated -W ignore:easy_install command is deprecated setup.py develop --editable --build-directory /home/Malvin/my_ros_bot/build/pump_controller/build --no-deps symlink_data
