[6.824s] Invoking command in '/home/Malvin/my_ros_bot/build/ros_bot_sim': PS1=(robot_space) \[\e]0;\u@\h: \w\a\]${debian_chroot:+($debian_chroot)}\[\033[01;32m\]\u@\h\[\033[00m\]:\[\033[01;34m\]\w\[\033[00m\]\$ PYTHONPATH=/home/Malvin/my_ros_bot/build/ros_bot_sim/prefix_override:/usr/lib/python3/dist-packages/colcon_core/task/python/colcon_distutils_commands:/home/Malvin/my_ros_bot/install/ros_bot_sim/lib/python3.12/site-packages:${PYTHONPATH} VIRTUAL_ENV_PROMPT=(robot_space) /usr/bin/python3 -W ignore:setup.py install is deprecated -W ignore:easy_install command is deprecated setup.py develop --editable --build-directory /home/Malvin/my_ros_bot/build/ros_bot_sim/build --no-deps symlink_data
[8.883s] running develop
[10.176s] running egg_info
[10.177s] creating ros_bot_sim.egg-info
[10.325s] writing ros_bot_sim.egg-info/PKG-INFO
[10.328s] writing dependency_links to ros_bot_sim.egg-info/dependency_links.txt
[10.329s] writing requirements to ros_bot_sim.egg-info/requires.txt
[10.330s] writing top-level names to ros_bot_sim.egg-info/top_level.txt
[10.332s] writing manifest file 'ros_bot_sim.egg-info/SOURCES.txt'
[10.569s] reading manifest file 'ros_bot_sim.egg-info/SOURCES.txt'
[10.571s] writing manifest file 'ros_bot_sim.egg-info/SOURCES.txt'
[10.792s] running build_ext
[10.793s] Creating /home/Malvin/my_ros_bot/install/ros_bot_sim/lib/python3.12/site-packages/ros-bot-sim.egg-link (link to .)
[10.795s] 
[10.796s] Installed /home/Malvin/my_ros_bot/build/ros_bot_sim
[10.798s] running symlink_data
[10.799s] creating /home/Malvin/my_ros_bot/install/ros_bot_sim/share/ament_index
[10.802s] creating /home/Malvin/my_ros_bot/install/ros_bot_sim/share/ament_index/resource_index
[10.805s] creating /home/Malvin/my_ros_bot/install/ros_bot_sim/share/ament_index/resource_index/packages
[10.807s] symbolically linking /home/Malvin/my_ros_bot/build/ros_bot_sim/resource/ros_bot_sim -> /home/Malvin/my_ros_bot/install/ros_bot_sim/share/ament_index/resource_index/packages
[10.811s] symbolically linking /home/Malvin/my_ros_bot/build/ros_bot_sim/package.xml -> /home/Malvin/my_ros_bot/install/ros_bot_sim/share/ros_bot_sim
[10.963s] Invoked command in '/home/Malvin/my_ros_bot/build/ros_bot_sim' returned '0': PS1=(robot_space) \[\e]0;\u@\h: \w\a\]${debian_chroot:+($debian_chroot)}\[\033[01;32m\]\u@\h\[\033[00m\]:\[\033[01;34m\]\w\[\033[00m\]\$ PYTHONPATH=/home/Malvin/my_ros_bot/build/ros_bot_sim/prefix_override:/usr/lib/python3/dist-packages/colcon_core/task/python/colcon_distutils_commands:/home/Malvin/my_ros_bot/install/ros_bot_sim/lib/python3.12/site-packages:${PYTHONPATH} VIRTUAL_ENV_PROMPT=(robot_space) /usr/bin/python3 -W ignore:setup.py install is deprecated -W ignore:easy_install command is deprecated setup.py develop --editable --build-directory /home/Malvin/my_ros_bot/build/ros_bot_sim/build --no-deps symlink_data
