[0.814s] DEBUG:colcon:Command line arguments: ['/usr/bin/colcon', 'build', '--symlink-install']
[0.814s] DEBUG:colcon:Parsed command line arguments: Namespace(log_base=None, log_level=None, verb_name='build', build_base='build', install_base='install', merge_install=False, symlink_install=True, test_result_base=None, continue_on_error=False, executor='parallel', parallel_workers=4, event_handlers=None, ignore_user_meta=False, metas=['./colcon.meta'], base_paths=['.'], packages_ignore=None, packages_ignore_regex=None, paths=None, packages_up_to=None, packages_up_to_regex=None, packages_above=None, packages_above_and_dependencies=None, packages_above_depth=None, packages_select_by_dep=None, packages_skip_by_dep=None, packages_skip_up_to=None, packages_select_build_failed=False, packages_skip_build_finished=False, packages_select_test_failures=False, packages_skip_test_passed=False, packages_select=None, packages_skip=None, packages_select_regex=None, packages_skip_regex=None, packages_start=None, packages_end=None, allow_overriding=[], cmake_args=None, cmake_target=None, cmake_target_skip_unavailable=False, cmake_clean_cache=False, cmake_clean_first=False, cmake_force_configure=False, ament_cmake_args=None, catkin_cmake_args=None, catkin_skip_building_tests=False, mixin_files=None, mixin=None, verb_parser=<colcon_mixin.mixin.mixin_argument.MixinArgumentDecorator object at 0xffff9b50fb90>, verb_extension=<colcon_core.verb.build.BuildVerb object at 0xffff9b6f4170>, main=<bound method BuildVerb.main of <colcon_core.verb.build.BuildVerb object at 0xffff9b6f4170>>, mixin_verb=('build',))
[1.151s] Level 1:colcon.colcon_core.package_discovery:discover_packages(colcon_meta) check parameters
[1.151s] Level 1:colcon.colcon_core.package_discovery:discover_packages(recursive) check parameters
[1.151s] Level 1:colcon.colcon_core.package_discovery:discover_packages(ignore) check parameters
[1.151s] Level 1:colcon.colcon_core.package_discovery:discover_packages(path) check parameters
[1.151s] Level 1:colcon.colcon_core.package_discovery:discover_packages(colcon_meta) discover
[1.152s] Level 1:colcon.colcon_core.package_discovery:discover_packages(recursive) discover
[1.152s] INFO:colcon.colcon_core.package_discovery:Crawling recursively for packages in '/home/Malvin/my_ros_bot'
[1.152s] Level 1:colcon.colcon_core.package_identification:_identify(.) by extensions ['ignore', 'ignore_ament_install']
[1.153s] Level 1:colcon.colcon_core.package_identification:_identify(.) by extension 'ignore'
[1.153s] Level 1:colcon.colcon_core.package_identification:_identify(.) by extension 'ignore_ament_install'
[1.153s] Level 1:colcon.colcon_core.package_identification:_identify(.) by extensions ['colcon_pkg']
[1.153s] Level 1:colcon.colcon_core.package_identification:_identify(.) by extension 'colcon_pkg'
[1.154s] Level 1:colcon.colcon_core.package_identification:_identify(.) by extensions ['colcon_meta']
[1.154s] Level 1:colcon.colcon_core.package_identification:_identify(.) by extension 'colcon_meta'
[1.154s] Level 1:colcon.colcon_core.package_identification:_identify(.) by extensions ['ros']
[1.154s] Level 1:colcon.colcon_core.package_identification:_identify(.) by extension 'ros'
[1.255s] Level 1:colcon.colcon_core.package_identification:_identify(.) by extensions ['cmake', 'python']
[1.255s] Level 1:colcon.colcon_core.package_identification:_identify(.) by extension 'cmake'
[1.256s] Level 1:colcon.colcon_core.package_identification:_identify(.) by extension 'python'
[1.256s] Level 1:colcon.colcon_core.package_identification:_identify(.) by extensions ['python_setup_py']
[1.256s] Level 1:colcon.colcon_core.package_identification:_identify(.) by extension 'python_setup_py'
[1.256s] Level 1:colcon.colcon_core.package_identification:_identify(build) by extensions ['ignore', 'ignore_ament_install']
[1.257s] Level 1:colcon.colcon_core.package_identification:_identify(build) by extension 'ignore'
[1.257s] Level 1:colcon.colcon_core.package_identification:_identify(build) ignored
[1.257s] Level 1:colcon.colcon_core.package_identification:_identify(install) by extensions ['ignore', 'ignore_ament_install']
[1.258s] Level 1:colcon.colcon_core.package_identification:_identify(install) by extension 'ignore'
[1.258s] Level 1:colcon.colcon_core.package_identification:_identify(install) ignored
[1.258s] Level 1:colcon.colcon_core.package_identification:_identify(log) by extensions ['ignore', 'ignore_ament_install']
[1.259s] Level 1:colcon.colcon_core.package_identification:_identify(log) by extension 'ignore'
[1.259s] Level 1:colcon.colcon_core.package_identification:_identify(log) ignored
[1.260s] Level 1:colcon.colcon_core.package_identification:_identify(src) by extensions ['ignore', 'ignore_ament_install']
[1.260s] Level 1:colcon.colcon_core.package_identification:_identify(src) by extension 'ignore'
[1.260s] Level 1:colcon.colcon_core.package_identification:_identify(src) by extension 'ignore_ament_install'
[1.261s] Level 1:colcon.colcon_core.package_identification:_identify(src) by extensions ['colcon_pkg']
[1.261s] Level 1:colcon.colcon_core.package_identification:_identify(src) by extension 'colcon_pkg'
[1.261s] Level 1:colcon.colcon_core.package_identification:_identify(src) by extensions ['colcon_meta']
[1.261s] Level 1:colcon.colcon_core.package_identification:_identify(src) by extension 'colcon_meta'
[1.261s] Level 1:colcon.colcon_core.package_identification:_identify(src) by extensions ['ros']
[1.261s] Level 1:colcon.colcon_core.package_identification:_identify(src) by extension 'ros'
[1.262s] Level 1:colcon.colcon_core.package_identification:_identify(src) by extensions ['cmake', 'python']
[1.262s] Level 1:colcon.colcon_core.package_identification:_identify(src) by extension 'cmake'
[1.262s] Level 1:colcon.colcon_core.package_identification:_identify(src) by extension 'python'
[1.262s] Level 1:colcon.colcon_core.package_identification:_identify(src) by extensions ['python_setup_py']
[1.262s] Level 1:colcon.colcon_core.package_identification:_identify(src) by extension 'python_setup_py'
[1.263s] Level 1:colcon.colcon_core.package_identification:_identify(src/arduino_ros) by extensions ['ignore', 'ignore_ament_install']
[1.264s] Level 1:colcon.colcon_core.package_identification:_identify(src/arduino_ros) by extension 'ignore'
[1.264s] Level 1:colcon.colcon_core.package_identification:_identify(src/arduino_ros) by extension 'ignore_ament_install'
[1.264s] Level 1:colcon.colcon_core.package_identification:_identify(src/arduino_ros) by extensions ['colcon_pkg']
[1.264s] Level 1:colcon.colcon_core.package_identification:_identify(src/arduino_ros) by extension 'colcon_pkg'
[1.265s] Level 1:colcon.colcon_core.package_identification:_identify(src/arduino_ros) by extensions ['colcon_meta']
[1.265s] Level 1:colcon.colcon_core.package_identification:_identify(src/arduino_ros) by extension 'colcon_meta'
[1.265s] Level 1:colcon.colcon_core.package_identification:_identify(src/arduino_ros) by extensions ['ros']
[1.265s] Level 1:colcon.colcon_core.package_identification:_identify(src/arduino_ros) by extension 'ros'
[1.281s] DEBUG:colcon.colcon_core.package_identification:Package 'src/arduino_ros' with type 'ros.ament_python' and name 'arduino_ros'
[1.282s] Level 1:colcon.colcon_core.package_identification:_identify(src/bot_teleop) by extensions ['ignore', 'ignore_ament_install']
[1.283s] Level 1:colcon.colcon_core.package_identification:_identify(src/bot_teleop) by extension 'ignore'
[1.283s] Level 1:colcon.colcon_core.package_identification:_identify(src/bot_teleop) by extension 'ignore_ament_install'
[1.283s] Level 1:colcon.colcon_core.package_identification:_identify(src/bot_teleop) by extensions ['colcon_pkg']
[1.283s] Level 1:colcon.colcon_core.package_identification:_identify(src/bot_teleop) by extension 'colcon_pkg'
[1.284s] Level 1:colcon.colcon_core.package_identification:_identify(src/bot_teleop) by extensions ['colcon_meta']
[1.284s] Level 1:colcon.colcon_core.package_identification:_identify(src/bot_teleop) by extension 'colcon_meta'
[1.284s] Level 1:colcon.colcon_core.package_identification:_identify(src/bot_teleop) by extensions ['ros']
[1.284s] Level 1:colcon.colcon_core.package_identification:_identify(src/bot_teleop) by extension 'ros'
[1.287s] DEBUG:colcon.colcon_core.package_identification:Package 'src/bot_teleop' with type 'ros.ament_python' and name 'bot_teleop'
[1.288s] Level 1:colcon.colcon_core.package_identification:_identify(src/camera_server) by extensions ['ignore', 'ignore_ament_install']
[1.288s] Level 1:colcon.colcon_core.package_identification:_identify(src/camera_server) by extension 'ignore'
[1.288s] Level 1:colcon.colcon_core.package_identification:_identify(src/camera_server) ignored
[1.289s] Level 1:colcon.colcon_core.package_identification:_identify(src/move_base) by extensions ['ignore', 'ignore_ament_install']
[1.290s] Level 1:colcon.colcon_core.package_identification:_identify(src/move_base) by extension 'ignore'
[1.290s] Level 1:colcon.colcon_core.package_identification:_identify(src/move_base) by extension 'ignore_ament_install'
[1.290s] Level 1:colcon.colcon_core.package_identification:_identify(src/move_base) by extensions ['colcon_pkg']
[1.290s] Level 1:colcon.colcon_core.package_identification:_identify(src/move_base) by extension 'colcon_pkg'
[1.291s] Level 1:colcon.colcon_core.package_identification:_identify(src/move_base) by extensions ['colcon_meta']
[1.291s] Level 1:colcon.colcon_core.package_identification:_identify(src/move_base) by extension 'colcon_meta'
[1.291s] Level 1:colcon.colcon_core.package_identification:_identify(src/move_base) by extensions ['ros']
[1.291s] Level 1:colcon.colcon_core.package_identification:_identify(src/move_base) by extension 'ros'
[1.293s] DEBUG:colcon.colcon_core.package_identification:Package 'src/move_base' with type 'ros.ament_python' and name 'move_base'
[1.295s] Level 1:colcon.colcon_core.package_identification:_identify(src/onyx_bot) by extensions ['ignore', 'ignore_ament_install']
[1.295s] Level 1:colcon.colcon_core.package_identification:_identify(src/onyx_bot) by extension 'ignore'
[1.295s] Level 1:colcon.colcon_core.package_identification:_identify(src/onyx_bot) ignored
[1.296s] Level 1:colcon.colcon_core.package_identification:_identify(src/ros_bot_camera) by extensions ['ignore', 'ignore_ament_install']
[1.297s] Level 1:colcon.colcon_core.package_identification:_identify(src/ros_bot_camera) by extension 'ignore'
[1.297s] Level 1:colcon.colcon_core.package_identification:_identify(src/ros_bot_camera) by extension 'ignore_ament_install'
[1.297s] Level 1:colcon.colcon_core.package_identification:_identify(src/ros_bot_camera) by extensions ['colcon_pkg']
[1.297s] Level 1:colcon.colcon_core.package_identification:_identify(src/ros_bot_camera) by extension 'colcon_pkg'
[1.297s] Level 1:colcon.colcon_core.package_identification:_identify(src/ros_bot_camera) by extensions ['colcon_meta']
[1.297s] Level 1:colcon.colcon_core.package_identification:_identify(src/ros_bot_camera) by extension 'colcon_meta'
[1.298s] Level 1:colcon.colcon_core.package_identification:_identify(src/ros_bot_camera) by extensions ['ros']
[1.298s] Level 1:colcon.colcon_core.package_identification:_identify(src/ros_bot_camera) by extension 'ros'
[1.302s] DEBUG:colcon.colcon_core.package_identification:Package 'src/ros_bot_camera' with type 'ros.ament_python' and name 'ros_bot_camera'
[1.302s] Level 1:colcon.colcon_core.package_discovery:discover_packages(recursive) using defaults
[1.303s] Level 1:colcon.colcon_core.package_discovery:discover_packages(ignore) discover
[1.303s] Level 1:colcon.colcon_core.package_discovery:discover_packages(ignore) using defaults
[1.303s] Level 1:colcon.colcon_core.package_discovery:discover_packages(path) discover
[1.303s] Level 1:colcon.colcon_core.package_discovery:discover_packages(path) using defaults
[1.389s] Level 1:colcon.colcon_core.package_discovery:discover_packages(prefix_path) check parameters
[1.389s] Level 1:colcon.colcon_core.package_discovery:discover_packages(prefix_path) discover
[1.393s] Level 1:colcon.colcon_core.package_discovery:discover_packages(prefix_path) using defaults
[1.398s] Level 5:colcon.colcon_core.verb:set package 'arduino_ros' build argument 'cmake_args' from command line to 'None'
[1.398s] Level 5:colcon.colcon_core.verb:set package 'arduino_ros' build argument 'cmake_target' from command line to 'None'
[1.399s] Level 5:colcon.colcon_core.verb:set package 'arduino_ros' build argument 'cmake_target_skip_unavailable' from command line to 'False'
[1.399s] Level 5:colcon.colcon_core.verb:set package 'arduino_ros' build argument 'cmake_clean_cache' from command line to 'False'
[1.399s] Level 5:colcon.colcon_core.verb:set package 'arduino_ros' build argument 'cmake_clean_first' from command line to 'False'
[1.399s] Level 5:colcon.colcon_core.verb:set package 'arduino_ros' build argument 'cmake_force_configure' from command line to 'False'
[1.399s] Level 5:colcon.colcon_core.verb:set package 'arduino_ros' build argument 'ament_cmake_args' from command line to 'None'
[1.399s] Level 5:colcon.colcon_core.verb:set package 'arduino_ros' build argument 'catkin_cmake_args' from command line to 'None'
[1.399s] Level 5:colcon.colcon_core.verb:set package 'arduino_ros' build argument 'catkin_skip_building_tests' from command line to 'False'
[1.399s] DEBUG:colcon.colcon_core.verb:Building package 'arduino_ros' with the following arguments: {'ament_cmake_args': None, 'build_base': '/home/Malvin/my_ros_bot/build/arduino_ros', 'catkin_cmake_args': None, 'catkin_skip_building_tests': False, 'cmake_args': None, 'cmake_clean_cache': False, 'cmake_clean_first': False, 'cmake_force_configure': False, 'cmake_target': None, 'cmake_target_skip_unavailable': False, 'install_base': '/home/Malvin/my_ros_bot/install/arduino_ros', 'merge_install': False, 'path': '/home/Malvin/my_ros_bot/src/arduino_ros', 'symlink_install': True, 'test_result_base': None}
[1.401s] Level 5:colcon.colcon_core.verb:set package 'bot_teleop' build argument 'cmake_args' from command line to 'None'
[1.401s] Level 5:colcon.colcon_core.verb:set package 'bot_teleop' build argument 'cmake_target' from command line to 'None'
[1.401s] Level 5:colcon.colcon_core.verb:set package 'bot_teleop' build argument 'cmake_target_skip_unavailable' from command line to 'False'
[1.401s] Level 5:colcon.colcon_core.verb:set package 'bot_teleop' build argument 'cmake_clean_cache' from command line to 'False'
[1.401s] Level 5:colcon.colcon_core.verb:set package 'bot_teleop' build argument 'cmake_clean_first' from command line to 'False'
[1.401s] Level 5:colcon.colcon_core.verb:set package 'bot_teleop' build argument 'cmake_force_configure' from command line to 'False'
[1.401s] Level 5:colcon.colcon_core.verb:set package 'bot_teleop' build argument 'ament_cmake_args' from command line to 'None'
[1.401s] Level 5:colcon.colcon_core.verb:set package 'bot_teleop' build argument 'catkin_cmake_args' from command line to 'None'
[1.401s] Level 5:colcon.colcon_core.verb:set package 'bot_teleop' build argument 'catkin_skip_building_tests' from command line to 'False'
[1.402s] DEBUG:colcon.colcon_core.verb:Building package 'bot_teleop' with the following arguments: {'ament_cmake_args': None, 'build_base': '/home/Malvin/my_ros_bot/build/bot_teleop', 'catkin_cmake_args': None, 'catkin_skip_building_tests': False, 'cmake_args': None, 'cmake_clean_cache': False, 'cmake_clean_first': False, 'cmake_force_configure': False, 'cmake_target': None, 'cmake_target_skip_unavailable': False, 'install_base': '/home/Malvin/my_ros_bot/install/bot_teleop', 'merge_install': False, 'path': '/home/Malvin/my_ros_bot/src/bot_teleop', 'symlink_install': True, 'test_result_base': None}
[1.403s] Level 5:colcon.colcon_core.verb:set package 'move_base' build argument 'cmake_args' from command line to 'None'
[1.403s] Level 5:colcon.colcon_core.verb:set package 'move_base' build argument 'cmake_target' from command line to 'None'
[1.403s] Level 5:colcon.colcon_core.verb:set package 'move_base' build argument 'cmake_target_skip_unavailable' from command line to 'False'
[1.403s] Level 5:colcon.colcon_core.verb:set package 'move_base' build argument 'cmake_clean_cache' from command line to 'False'
[1.403s] Level 5:colcon.colcon_core.verb:set package 'move_base' build argument 'cmake_clean_first' from command line to 'False'
[1.403s] Level 5:colcon.colcon_core.verb:set package 'move_base' build argument 'cmake_force_configure' from command line to 'False'
[1.404s] Level 5:colcon.colcon_core.verb:set package 'move_base' build argument 'ament_cmake_args' from command line to 'None'
[1.404s] Level 5:colcon.colcon_core.verb:set package 'move_base' build argument 'catkin_cmake_args' from command line to 'None'
[1.404s] Level 5:colcon.colcon_core.verb:set package 'move_base' build argument 'catkin_skip_building_tests' from command line to 'False'
[1.404s] DEBUG:colcon.colcon_core.verb:Building package 'move_base' with the following arguments: {'ament_cmake_args': None, 'build_base': '/home/Malvin/my_ros_bot/build/move_base', 'catkin_cmake_args': None, 'catkin_skip_building_tests': False, 'cmake_args': None, 'cmake_clean_cache': False, 'cmake_clean_first': False, 'cmake_force_configure': False, 'cmake_target': None, 'cmake_target_skip_unavailable': False, 'install_base': '/home/Malvin/my_ros_bot/install/move_base', 'merge_install': False, 'path': '/home/Malvin/my_ros_bot/src/move_base', 'symlink_install': True, 'test_result_base': None}
[1.405s] Level 5:colcon.colcon_core.verb:set package 'ros_bot_camera' build argument 'cmake_args' from command line to 'None'
[1.405s] Level 5:colcon.colcon_core.verb:set package 'ros_bot_camera' build argument 'cmake_target' from command line to 'None'
[1.405s] Level 5:colcon.colcon_core.verb:set package 'ros_bot_camera' build argument 'cmake_target_skip_unavailable' from command line to 'False'
[1.405s] Level 5:colcon.colcon_core.verb:set package 'ros_bot_camera' build argument 'cmake_clean_cache' from command line to 'False'
[1.406s] Level 5:colcon.colcon_core.verb:set package 'ros_bot_camera' build argument 'cmake_clean_first' from command line to 'False'
[1.406s] Level 5:colcon.colcon_core.verb:set package 'ros_bot_camera' build argument 'cmake_force_configure' from command line to 'False'
[1.406s] Level 5:colcon.colcon_core.verb:set package 'ros_bot_camera' build argument 'ament_cmake_args' from command line to 'None'
[1.406s] Level 5:colcon.colcon_core.verb:set package 'ros_bot_camera' build argument 'catkin_cmake_args' from command line to 'None'
[1.406s] Level 5:colcon.colcon_core.verb:set package 'ros_bot_camera' build argument 'catkin_skip_building_tests' from command line to 'False'
[1.406s] DEBUG:colcon.colcon_core.verb:Building package 'ros_bot_camera' with the following arguments: {'ament_cmake_args': None, 'build_base': '/home/Malvin/my_ros_bot/build/ros_bot_camera', 'catkin_cmake_args': None, 'catkin_skip_building_tests': False, 'cmake_args': None, 'cmake_clean_cache': False, 'cmake_clean_first': False, 'cmake_force_configure': False, 'cmake_target': None, 'cmake_target_skip_unavailable': False, 'install_base': '/home/Malvin/my_ros_bot/install/ros_bot_camera', 'merge_install': False, 'path': '/home/Malvin/my_ros_bot/src/ros_bot_camera', 'symlink_install': True, 'test_result_base': None}
[1.406s] INFO:colcon.colcon_core.executor:Executing jobs using 'parallel' executor
[1.410s] DEBUG:colcon.colcon_parallel_executor.executor.parallel:run_until_complete
[1.410s] INFO:colcon.colcon_ros.task.ament_python.build:Building ROS package in '/home/Malvin/my_ros_bot/src/arduino_ros' with build type 'ament_python'
[1.411s] Level 1:colcon.colcon_core.shell:create_environment_hook('arduino_ros', 'ament_prefix_path')
[1.419s] INFO:colcon.colcon_core.plugin_system:Skipping extension 'colcon_core.shell.bat': Not used on non-Windows systems
[1.420s] INFO:colcon.colcon_core.shell:Creating environment hook '/home/Malvin/my_ros_bot/install/arduino_ros/share/arduino_ros/hook/ament_prefix_path.ps1'
[1.423s] INFO:colcon.colcon_core.shell:Creating environment descriptor '/home/Malvin/my_ros_bot/install/arduino_ros/share/arduino_ros/hook/ament_prefix_path.dsv'
[1.424s] INFO:colcon.colcon_core.shell:Creating environment hook '/home/Malvin/my_ros_bot/install/arduino_ros/share/arduino_ros/hook/ament_prefix_path.sh'
[1.427s] INFO:colcon.colcon_core.shell:Skip shell extension 'powershell' for command environment: Not usable outside of PowerShell
[1.427s] DEBUG:colcon.colcon_core.shell:Skip shell extension 'dsv' for command environment
[1.432s] INFO:colcon.colcon_ros.task.ament_python.build:Building ROS package in '/home/Malvin/my_ros_bot/src/bot_teleop' with build type 'ament_python'
[1.433s] Level 1:colcon.colcon_core.shell:create_environment_hook('bot_teleop', 'ament_prefix_path')
[1.433s] INFO:colcon.colcon_core.shell:Creating environment hook '/home/Malvin/my_ros_bot/install/bot_teleop/share/bot_teleop/hook/ament_prefix_path.ps1'
[1.436s] INFO:colcon.colcon_core.shell:Creating environment descriptor '/home/Malvin/my_ros_bot/install/bot_teleop/share/bot_teleop/hook/ament_prefix_path.dsv'
[1.439s] INFO:colcon.colcon_core.shell:Creating environment hook '/home/Malvin/my_ros_bot/install/bot_teleop/share/bot_teleop/hook/ament_prefix_path.sh'
[1.441s] INFO:colcon.colcon_core.shell:Skip shell extension 'powershell' for command environment: Not usable outside of PowerShell
[1.441s] DEBUG:colcon.colcon_core.shell:Skip shell extension 'dsv' for command environment
[1.446s] INFO:colcon.colcon_ros.task.ament_python.build:Building ROS package in '/home/Malvin/my_ros_bot/src/move_base' with build type 'ament_python'
[1.446s] Level 1:colcon.colcon_core.shell:create_environment_hook('move_base', 'ament_prefix_path')
[1.447s] INFO:colcon.colcon_core.shell:Creating environment hook '/home/Malvin/my_ros_bot/install/move_base/share/move_base/hook/ament_prefix_path.ps1'
[1.450s] INFO:colcon.colcon_core.shell:Creating environment descriptor '/home/Malvin/my_ros_bot/install/move_base/share/move_base/hook/ament_prefix_path.dsv'
[1.451s] INFO:colcon.colcon_core.shell:Creating environment hook '/home/Malvin/my_ros_bot/install/move_base/share/move_base/hook/ament_prefix_path.sh'
[1.453s] INFO:colcon.colcon_core.shell:Skip shell extension 'powershell' for command environment: Not usable outside of PowerShell
[1.454s] DEBUG:colcon.colcon_core.shell:Skip shell extension 'dsv' for command environment
[1.458s] INFO:colcon.colcon_ros.task.ament_python.build:Building ROS package in '/home/Malvin/my_ros_bot/src/ros_bot_camera' with build type 'ament_python'
[1.458s] Level 1:colcon.colcon_core.shell:create_environment_hook('ros_bot_camera', 'ament_prefix_path')
[1.459s] INFO:colcon.colcon_core.shell:Creating environment hook '/home/Malvin/my_ros_bot/install/ros_bot_camera/share/ros_bot_camera/hook/ament_prefix_path.ps1'
[1.462s] INFO:colcon.colcon_core.shell:Creating environment descriptor '/home/Malvin/my_ros_bot/install/ros_bot_camera/share/ros_bot_camera/hook/ament_prefix_path.dsv'
[1.464s] INFO:colcon.colcon_core.shell:Creating environment hook '/home/Malvin/my_ros_bot/install/ros_bot_camera/share/ros_bot_camera/hook/ament_prefix_path.sh'
[1.466s] INFO:colcon.colcon_core.shell:Skip shell extension 'powershell' for command environment: Not usable outside of PowerShell
[1.466s] DEBUG:colcon.colcon_core.shell:Skip shell extension 'dsv' for command environment
[2.229s] INFO:colcon.colcon_core.task.python.build:Building Python package in '/home/Malvin/my_ros_bot/src/arduino_ros'
[2.229s] INFO:colcon.colcon_core.shell:Skip shell extension 'powershell' for command environment: Not usable outside of PowerShell
[2.229s] DEBUG:colcon.colcon_core.shell:Skip shell extension 'dsv' for command environment
[2.968s] INFO:colcon.colcon_core.task.python.build:Building Python package in '/home/Malvin/my_ros_bot/src/bot_teleop'
[2.969s] INFO:colcon.colcon_core.shell:Skip shell extension 'powershell' for command environment: Not usable outside of PowerShell
[2.969s] DEBUG:colcon.colcon_core.shell:Skip shell extension 'dsv' for command environment
[3.708s] INFO:colcon.colcon_core.task.python.build:Building Python package in '/home/Malvin/my_ros_bot/src/move_base'
[3.709s] INFO:colcon.colcon_core.shell:Skip shell extension 'powershell' for command environment: Not usable outside of PowerShell
[3.709s] DEBUG:colcon.colcon_core.shell:Skip shell extension 'dsv' for command environment
[4.448s] INFO:colcon.colcon_core.task.python.build:Building Python package in '/home/Malvin/my_ros_bot/src/ros_bot_camera'
[4.449s] INFO:colcon.colcon_core.shell:Skip shell extension 'powershell' for command environment: Not usable outside of PowerShell
[4.449s] DEBUG:colcon.colcon_core.shell:Skip shell extension 'dsv' for command environment
[7.910s] DEBUG:colcon.colcon_core.event_handler.log_command:Invoking command in '/home/Malvin/my_ros_bot/build/bot_teleop': PS1=(robot_space) \[\e]0;\u@\h: \w\a\]${debian_chroot:+($debian_chroot)}\[\033[01;32m\]\u@\h\[\033[00m\]:\[\033[01;34m\]\w\[\033[00m\]\$ PYTHONPATH=/home/Malvin/my_ros_bot/build/bot_teleop/prefix_override:/usr/lib/python3/dist-packages/colcon_core/task/python/colcon_distutils_commands:/home/Malvin/my_ros_bot/install/bot_teleop/lib/python3.12/site-packages: VIRTUAL_ENV_PROMPT=(robot_space) /usr/bin/python3 -W ignore:setup.py install is deprecated -W ignore:easy_install command is deprecated setup.py develop --editable --build-directory /home/Malvin/my_ros_bot/build/bot_teleop/build --no-deps symlink_data
[7.919s] DEBUG:colcon.colcon_core.event_handler.log_command:Invoking command in '/home/Malvin/my_ros_bot/build/ros_bot_camera': PS1=(robot_space) \[\e]0;\u@\h: \w\a\]${debian_chroot:+($debian_chroot)}\[\033[01;32m\]\u@\h\[\033[00m\]:\[\033[01;34m\]\w\[\033[00m\]\$ PYTHONPATH=/home/Malvin/my_ros_bot/build/ros_bot_camera/prefix_override:/usr/lib/python3/dist-packages/colcon_core/task/python/colcon_distutils_commands:/home/Malvin/my_ros_bot/install/ros_bot_camera/lib/python3.12/site-packages: VIRTUAL_ENV_PROMPT=(robot_space) /usr/bin/python3 -W ignore:setup.py install is deprecated -W ignore:easy_install command is deprecated setup.py develop --editable --build-directory /home/Malvin/my_ros_bot/build/ros_bot_camera/build --no-deps symlink_data
[7.933s] DEBUG:colcon.colcon_core.event_handler.log_command:Invoking command in '/home/Malvin/my_ros_bot/build/arduino_ros': PS1=(robot_space) \[\e]0;\u@\h: \w\a\]${debian_chroot:+($debian_chroot)}\[\033[01;32m\]\u@\h\[\033[00m\]:\[\033[01;34m\]\w\[\033[00m\]\$ PYTHONPATH=/home/Malvin/my_ros_bot/build/arduino_ros/prefix_override:/usr/lib/python3/dist-packages/colcon_core/task/python/colcon_distutils_commands:/home/Malvin/my_ros_bot/install/arduino_ros/lib/python3.12/site-packages: VIRTUAL_ENV_PROMPT=(robot_space) /usr/bin/python3 -W ignore:setup.py install is deprecated -W ignore:easy_install command is deprecated setup.py develop --editable --build-directory /home/Malvin/my_ros_bot/build/arduino_ros/build --no-deps symlink_data
[7.953s] DEBUG:colcon.colcon_core.event_handler.log_command:Invoking command in '/home/Malvin/my_ros_bot/build/move_base': PS1=(robot_space) \[\e]0;\u@\h: \w\a\]${debian_chroot:+($debian_chroot)}\[\033[01;32m\]\u@\h\[\033[00m\]:\[\033[01;34m\]\w\[\033[00m\]\$ PYTHONPATH=/home/Malvin/my_ros_bot/build/move_base/prefix_override:/usr/lib/python3/dist-packages/colcon_core/task/python/colcon_distutils_commands:/home/Malvin/my_ros_bot/install/move_base/lib/python3.12/site-packages: VIRTUAL_ENV_PROMPT=(robot_space) /usr/bin/python3 -W ignore:setup.py install is deprecated -W ignore:easy_install command is deprecated setup.py develop --editable --build-directory /home/Malvin/my_ros_bot/build/move_base/build --no-deps symlink_data
[10.798s] Level 1:colcon.colcon_core.shell:create_environment_hook('bot_teleop', 'pythonpath_develop')
[10.800s] INFO:colcon.colcon_core.shell:Creating environment hook '/home/Malvin/my_ros_bot/build/bot_teleop/share/bot_teleop/hook/pythonpath_develop.ps1'
[10.801s] DEBUG:colcon.colcon_core.event_handler.log_command:Invoked command in '/home/Malvin/my_ros_bot/build/bot_teleop' returned '0': PS1=(robot_space) \[\e]0;\u@\h: \w\a\]${debian_chroot:+($debian_chroot)}\[\033[01;32m\]\u@\h\[\033[00m\]:\[\033[01;34m\]\w\[\033[00m\]\$ PYTHONPATH=/home/Malvin/my_ros_bot/build/bot_teleop/prefix_override:/usr/lib/python3/dist-packages/colcon_core/task/python/colcon_distutils_commands:/home/Malvin/my_ros_bot/install/bot_teleop/lib/python3.12/site-packages: VIRTUAL_ENV_PROMPT=(robot_space) /usr/bin/python3 -W ignore:setup.py install is deprecated -W ignore:easy_install command is deprecated setup.py develop --editable --build-directory /home/Malvin/my_ros_bot/build/bot_teleop/build --no-deps symlink_data
[10.807s] INFO:colcon.colcon_core.shell:Creating environment descriptor '/home/Malvin/my_ros_bot/build/bot_teleop/share/bot_teleop/hook/pythonpath_develop.dsv'
[10.809s] INFO:colcon.colcon_core.shell:Creating environment hook '/home/Malvin/my_ros_bot/build/bot_teleop/share/bot_teleop/hook/pythonpath_develop.sh'
[10.848s] Level 1:colcon.colcon_core.environment:checking '/home/Malvin/my_ros_bot/install/bot_teleop' for CMake module files
[10.852s] Level 1:colcon.colcon_core.environment:checking '/home/Malvin/my_ros_bot/install/bot_teleop' for CMake config files
[10.857s] Level 1:colcon.colcon_core.environment:checking '/home/Malvin/my_ros_bot/install/bot_teleop/lib'
[10.858s] Level 1:colcon.colcon_core.environment:checking '/home/Malvin/my_ros_bot/install/bot_teleop/bin'
[10.858s] Level 1:colcon.colcon_core.environment:checking '/home/Malvin/my_ros_bot/install/bot_teleop/lib/pkgconfig/bot_teleop.pc'
[10.860s] Level 1:colcon.colcon_core.environment:checking '/home/Malvin/my_ros_bot/install/bot_teleop/lib/python3.12/site-packages'
[10.861s] Level 1:colcon.colcon_core.shell:create_environment_hook('bot_teleop', 'pythonpath')
[10.862s] INFO:colcon.colcon_core.shell:Creating environment hook '/home/Malvin/my_ros_bot/install/bot_teleop/share/bot_teleop/hook/pythonpath.ps1'
[10.865s] INFO:colcon.colcon_core.shell:Creating environment descriptor '/home/Malvin/my_ros_bot/install/bot_teleop/share/bot_teleop/hook/pythonpath.dsv'
[10.868s] INFO:colcon.colcon_core.shell:Creating environment hook '/home/Malvin/my_ros_bot/install/bot_teleop/share/bot_teleop/hook/pythonpath.sh'
[10.873s] Level 1:colcon.colcon_core.environment:checking '/home/Malvin/my_ros_bot/install/bot_teleop/bin'
[10.874s] Level 1:colcon.colcon_core.environment:create_environment_scripts_only(bot_teleop)
[10.875s] INFO:colcon.colcon_core.shell:Creating package script '/home/Malvin/my_ros_bot/install/bot_teleop/share/bot_teleop/package.ps1'
[10.883s] INFO:colcon.colcon_core.shell:Creating package descriptor '/home/Malvin/my_ros_bot/install/bot_teleop/share/bot_teleop/package.dsv'
[10.893s] INFO:colcon.colcon_core.shell:Creating package script '/home/Malvin/my_ros_bot/install/bot_teleop/share/bot_teleop/package.sh'
[10.897s] INFO:colcon.colcon_core.shell:Creating package script '/home/Malvin/my_ros_bot/install/bot_teleop/share/bot_teleop/package.bash'
[10.901s] INFO:colcon.colcon_core.shell:Creating package script '/home/Malvin/my_ros_bot/install/bot_teleop/share/bot_teleop/package.zsh'
[10.904s] Level 1:colcon.colcon_core.environment:create_file_with_runtime_dependencies(/home/Malvin/my_ros_bot/install/bot_teleop/share/colcon-core/packages/bot_teleop)
[10.914s] Level 1:colcon.colcon_core.shell:create_environment_hook('ros_bot_camera', 'pythonpath_develop')
[10.915s] INFO:colcon.colcon_core.shell:Creating environment hook '/home/Malvin/my_ros_bot/build/ros_bot_camera/share/ros_bot_camera/hook/pythonpath_develop.ps1'
[10.918s] DEBUG:colcon.colcon_core.event_handler.log_command:Invoked command in '/home/Malvin/my_ros_bot/build/ros_bot_camera' returned '0': PS1=(robot_space) \[\e]0;\u@\h: \w\a\]${debian_chroot:+($debian_chroot)}\[\033[01;32m\]\u@\h\[\033[00m\]:\[\033[01;34m\]\w\[\033[00m\]\$ PYTHONPATH=/home/Malvin/my_ros_bot/build/ros_bot_camera/prefix_override:/usr/lib/python3/dist-packages/colcon_core/task/python/colcon_distutils_commands:/home/Malvin/my_ros_bot/install/ros_bot_camera/lib/python3.12/site-packages: VIRTUAL_ENV_PROMPT=(robot_space) /usr/bin/python3 -W ignore:setup.py install is deprecated -W ignore:easy_install command is deprecated setup.py develop --editable --build-directory /home/Malvin/my_ros_bot/build/ros_bot_camera/build --no-deps symlink_data
[10.921s] INFO:colcon.colcon_core.shell:Creating environment descriptor '/home/Malvin/my_ros_bot/build/ros_bot_camera/share/ros_bot_camera/hook/pythonpath_develop.dsv'
[10.924s] INFO:colcon.colcon_core.shell:Creating environment hook '/home/Malvin/my_ros_bot/build/ros_bot_camera/share/ros_bot_camera/hook/pythonpath_develop.sh'
[10.928s] Level 1:colcon.colcon_core.environment:checking '/home/Malvin/my_ros_bot/install/ros_bot_camera' for CMake module files
[10.932s] Level 1:colcon.colcon_core.environment:checking '/home/Malvin/my_ros_bot/install/ros_bot_camera' for CMake config files
[10.936s] Level 1:colcon.colcon_core.environment:checking '/home/Malvin/my_ros_bot/install/ros_bot_camera/lib'
[10.938s] Level 1:colcon.colcon_core.environment:checking '/home/Malvin/my_ros_bot/install/ros_bot_camera/bin'
[10.939s] Level 1:colcon.colcon_core.environment:checking '/home/Malvin/my_ros_bot/install/ros_bot_camera/lib/pkgconfig/ros_bot_camera.pc'
[10.941s] Level 1:colcon.colcon_core.environment:checking '/home/Malvin/my_ros_bot/install/ros_bot_camera/lib/python3.12/site-packages'
[10.942s] Level 1:colcon.colcon_core.shell:create_environment_hook('ros_bot_camera', 'pythonpath')
[10.943s] INFO:colcon.colcon_core.shell:Creating environment hook '/home/Malvin/my_ros_bot/install/ros_bot_camera/share/ros_bot_camera/hook/pythonpath.ps1'
[10.946s] INFO:colcon.colcon_core.shell:Creating environment descriptor '/home/Malvin/my_ros_bot/install/ros_bot_camera/share/ros_bot_camera/hook/pythonpath.dsv'
[10.948s] INFO:colcon.colcon_core.shell:Creating environment hook '/home/Malvin/my_ros_bot/install/ros_bot_camera/share/ros_bot_camera/hook/pythonpath.sh'
[10.952s] Level 1:colcon.colcon_core.environment:checking '/home/Malvin/my_ros_bot/install/ros_bot_camera/bin'
[10.953s] Level 1:colcon.colcon_core.environment:create_environment_scripts_only(ros_bot_camera)
[10.954s] INFO:colcon.colcon_core.shell:Creating package script '/home/Malvin/my_ros_bot/install/ros_bot_camera/share/ros_bot_camera/package.ps1'
[10.957s] INFO:colcon.colcon_core.shell:Creating package descriptor '/home/Malvin/my_ros_bot/install/ros_bot_camera/share/ros_bot_camera/package.dsv'
[10.960s] INFO:colcon.colcon_core.shell:Creating package script '/home/Malvin/my_ros_bot/install/ros_bot_camera/share/ros_bot_camera/package.sh'
[10.963s] INFO:colcon.colcon_core.shell:Creating package script '/home/Malvin/my_ros_bot/install/ros_bot_camera/share/ros_bot_camera/package.bash'
[10.965s] INFO:colcon.colcon_core.shell:Creating package script '/home/Malvin/my_ros_bot/install/ros_bot_camera/share/ros_bot_camera/package.zsh'
[10.967s] Level 1:colcon.colcon_core.environment:create_file_with_runtime_dependencies(/home/Malvin/my_ros_bot/install/ros_bot_camera/share/colcon-core/packages/ros_bot_camera)
[10.969s] Level 1:colcon.colcon_core.shell:create_environment_hook('arduino_ros', 'pythonpath_develop')
[10.971s] INFO:colcon.colcon_core.shell:Creating environment hook '/home/Malvin/my_ros_bot/build/arduino_ros/share/arduino_ros/hook/pythonpath_develop.ps1'
[10.976s] DEBUG:colcon.colcon_core.event_handler.log_command:Invoked command in '/home/Malvin/my_ros_bot/build/arduino_ros' returned '0': PS1=(robot_space) \[\e]0;\u@\h: \w\a\]${debian_chroot:+($debian_chroot)}\[\033[01;32m\]\u@\h\[\033[00m\]:\[\033[01;34m\]\w\[\033[00m\]\$ PYTHONPATH=/home/Malvin/my_ros_bot/build/arduino_ros/prefix_override:/usr/lib/python3/dist-packages/colcon_core/task/python/colcon_distutils_commands:/home/Malvin/my_ros_bot/install/arduino_ros/lib/python3.12/site-packages: VIRTUAL_ENV_PROMPT=(robot_space) /usr/bin/python3 -W ignore:setup.py install is deprecated -W ignore:easy_install command is deprecated setup.py develop --editable --build-directory /home/Malvin/my_ros_bot/build/arduino_ros/build --no-deps symlink_data
[10.978s] INFO:colcon.colcon_core.shell:Creating environment descriptor '/home/Malvin/my_ros_bot/build/arduino_ros/share/arduino_ros/hook/pythonpath_develop.dsv'
[10.980s] INFO:colcon.colcon_core.shell:Creating environment hook '/home/Malvin/my_ros_bot/build/arduino_ros/share/arduino_ros/hook/pythonpath_develop.sh'
[10.983s] Level 1:colcon.colcon_core.environment:checking '/home/Malvin/my_ros_bot/install/arduino_ros' for CMake module files
[10.986s] Level 1:colcon.colcon_core.environment:checking '/home/Malvin/my_ros_bot/install/arduino_ros' for CMake config files
[10.988s] Level 1:colcon.colcon_core.environment:checking '/home/Malvin/my_ros_bot/install/arduino_ros/lib'
[10.988s] Level 1:colcon.colcon_core.environment:checking '/home/Malvin/my_ros_bot/install/arduino_ros/bin'
[10.989s] Level 1:colcon.colcon_core.environment:checking '/home/Malvin/my_ros_bot/install/arduino_ros/lib/pkgconfig/arduino_ros.pc'
[10.989s] Level 1:colcon.colcon_core.environment:checking '/home/Malvin/my_ros_bot/install/arduino_ros/lib/python3.12/site-packages'
[10.990s] Level 1:colcon.colcon_core.shell:create_environment_hook('arduino_ros', 'pythonpath')
[10.991s] INFO:colcon.colcon_core.shell:Creating environment hook '/home/Malvin/my_ros_bot/install/arduino_ros/share/arduino_ros/hook/pythonpath.ps1'
[10.992s] INFO:colcon.colcon_core.shell:Creating environment descriptor '/home/Malvin/my_ros_bot/install/arduino_ros/share/arduino_ros/hook/pythonpath.dsv'
[10.993s] INFO:colcon.colcon_core.shell:Creating environment hook '/home/Malvin/my_ros_bot/install/arduino_ros/share/arduino_ros/hook/pythonpath.sh'
[10.996s] Level 1:colcon.colcon_core.environment:checking '/home/Malvin/my_ros_bot/install/arduino_ros/bin'
[10.996s] Level 1:colcon.colcon_core.environment:create_environment_scripts_only(arduino_ros)
[10.997s] INFO:colcon.colcon_core.shell:Creating package script '/home/Malvin/my_ros_bot/install/arduino_ros/share/arduino_ros/package.ps1'
[11.000s] INFO:colcon.colcon_core.shell:Creating package descriptor '/home/Malvin/my_ros_bot/install/arduino_ros/share/arduino_ros/package.dsv'
[11.002s] INFO:colcon.colcon_core.shell:Creating package script '/home/Malvin/my_ros_bot/install/arduino_ros/share/arduino_ros/package.sh'
[11.003s] INFO:colcon.colcon_core.shell:Creating package script '/home/Malvin/my_ros_bot/install/arduino_ros/share/arduino_ros/package.bash'
[11.005s] INFO:colcon.colcon_core.shell:Creating package script '/home/Malvin/my_ros_bot/install/arduino_ros/share/arduino_ros/package.zsh'
[11.006s] Level 1:colcon.colcon_core.environment:create_file_with_runtime_dependencies(/home/Malvin/my_ros_bot/install/arduino_ros/share/colcon-core/packages/arduino_ros)
[11.010s] Level 1:colcon.colcon_core.shell:create_environment_hook('move_base', 'pythonpath_develop')
[11.011s] INFO:colcon.colcon_core.shell:Creating environment hook '/home/Malvin/my_ros_bot/build/move_base/share/move_base/hook/pythonpath_develop.ps1'
[11.011s] DEBUG:colcon.colcon_core.event_handler.log_command:Invoked command in '/home/Malvin/my_ros_bot/build/move_base' returned '0': PS1=(robot_space) \[\e]0;\u@\h: \w\a\]${debian_chroot:+($debian_chroot)}\[\033[01;32m\]\u@\h\[\033[00m\]:\[\033[01;34m\]\w\[\033[00m\]\$ PYTHONPATH=/home/Malvin/my_ros_bot/build/move_base/prefix_override:/usr/lib/python3/dist-packages/colcon_core/task/python/colcon_distutils_commands:/home/Malvin/my_ros_bot/install/move_base/lib/python3.12/site-packages: VIRTUAL_ENV_PROMPT=(robot_space) /usr/bin/python3 -W ignore:setup.py install is deprecated -W ignore:easy_install command is deprecated setup.py develop --editable --build-directory /home/Malvin/my_ros_bot/build/move_base/build --no-deps symlink_data
[11.013s] INFO:colcon.colcon_core.shell:Creating environment descriptor '/home/Malvin/my_ros_bot/build/move_base/share/move_base/hook/pythonpath_develop.dsv'
[11.015s] INFO:colcon.colcon_core.shell:Creating environment hook '/home/Malvin/my_ros_bot/build/move_base/share/move_base/hook/pythonpath_develop.sh'
[11.017s] Level 1:colcon.colcon_core.environment:checking '/home/Malvin/my_ros_bot/install/move_base' for CMake module files
[11.020s] Level 1:colcon.colcon_core.environment:checking '/home/Malvin/my_ros_bot/install/move_base' for CMake config files
[11.023s] Level 1:colcon.colcon_core.environment:checking '/home/Malvin/my_ros_bot/install/move_base/lib'
[11.024s] Level 1:colcon.colcon_core.environment:checking '/home/Malvin/my_ros_bot/install/move_base/bin'
[11.025s] Level 1:colcon.colcon_core.environment:checking '/home/Malvin/my_ros_bot/install/move_base/lib/pkgconfig/move_base.pc'
[11.026s] Level 1:colcon.colcon_core.environment:checking '/home/Malvin/my_ros_bot/install/move_base/lib/python3.12/site-packages'
[11.026s] Level 1:colcon.colcon_core.shell:create_environment_hook('move_base', 'pythonpath')
[11.027s] INFO:colcon.colcon_core.shell:Creating environment hook '/home/Malvin/my_ros_bot/install/move_base/share/move_base/hook/pythonpath.ps1'
[11.029s] INFO:colcon.colcon_core.shell:Creating environment descriptor '/home/Malvin/my_ros_bot/install/move_base/share/move_base/hook/pythonpath.dsv'
[11.030s] INFO:colcon.colcon_core.shell:Creating environment hook '/home/Malvin/my_ros_bot/install/move_base/share/move_base/hook/pythonpath.sh'
[11.033s] Level 1:colcon.colcon_core.environment:checking '/home/Malvin/my_ros_bot/install/move_base/bin'
[11.033s] Level 1:colcon.colcon_core.environment:create_environment_scripts_only(move_base)
[11.034s] INFO:colcon.colcon_core.shell:Creating package script '/home/Malvin/my_ros_bot/install/move_base/share/move_base/package.ps1'
[11.036s] INFO:colcon.colcon_core.shell:Creating package descriptor '/home/Malvin/my_ros_bot/install/move_base/share/move_base/package.dsv'
[11.039s] INFO:colcon.colcon_core.shell:Creating package script '/home/Malvin/my_ros_bot/install/move_base/share/move_base/package.sh'
[11.041s] INFO:colcon.colcon_core.shell:Creating package script '/home/Malvin/my_ros_bot/install/move_base/share/move_base/package.bash'
[11.042s] INFO:colcon.colcon_core.shell:Creating package script '/home/Malvin/my_ros_bot/install/move_base/share/move_base/package.zsh'
[11.043s] Level 1:colcon.colcon_core.environment:create_file_with_runtime_dependencies(/home/Malvin/my_ros_bot/install/move_base/share/colcon-core/packages/move_base)
[11.045s] DEBUG:colcon.colcon_parallel_executor.executor.parallel:closing loop
[11.046s] DEBUG:colcon.colcon_parallel_executor.executor.parallel:loop closed
[11.046s] DEBUG:colcon.colcon_parallel_executor.executor.parallel:run_until_complete finished with '0'
[11.047s] DEBUG:colcon.colcon_core.event_reactor:joining thread
[11.048s] DEBUG:colcon.colcon_core.event_reactor:joined thread
[11.049s] INFO:colcon.colcon_core.shell:Creating prefix script '/home/Malvin/my_ros_bot/install/local_setup.ps1'
[11.052s] INFO:colcon.colcon_core.shell:Creating prefix util module '/home/Malvin/my_ros_bot/install/_local_setup_util_ps1.py'
[11.056s] INFO:colcon.colcon_core.shell:Creating prefix chain script '/home/Malvin/my_ros_bot/install/setup.ps1'
[11.059s] INFO:colcon.colcon_core.shell:Creating prefix script '/home/Malvin/my_ros_bot/install/local_setup.sh'
[11.061s] INFO:colcon.colcon_core.shell:Creating prefix util module '/home/Malvin/my_ros_bot/install/_local_setup_util_sh.py'
[11.063s] INFO:colcon.colcon_core.shell:Creating prefix chain script '/home/Malvin/my_ros_bot/install/setup.sh'
[11.066s] INFO:colcon.colcon_core.shell:Creating prefix script '/home/Malvin/my_ros_bot/install/local_setup.bash'
[11.068s] INFO:colcon.colcon_core.shell:Creating prefix chain script '/home/Malvin/my_ros_bot/install/setup.bash'
[11.070s] INFO:colcon.colcon_core.shell:Creating prefix script '/home/Malvin/my_ros_bot/install/local_setup.zsh'
[11.072s] INFO:colcon.colcon_core.shell:Creating prefix chain script '/home/Malvin/my_ros_bot/install/setup.zsh'
