[0.055s] Invoking command in '/home/Malvin/my_ros_bot/build/rosbridge_library': AMENT_PREFIX_PATH=/home/Malvin/my_ros_bot/install/rosbridge_test_msgs:${AMENT_PREFIX_PATH} CMAKE_PREFIX_PATH=/home/Malvin/my_ros_bot/install/rosbridge_test_msgs:/home/Malvin/my_ros_bot/install/ros_bot_sim:/home/Malvin/my_ros_bot/install/ros_bot_imu:/home/Malvin/my_ros_bot/install/ros_bot_camera:/home/Malvin/my_ros_bot/install/pump_controller:/home/Malvin/my_ros_bot/install/onyx_robot:/home/Malvin/my_ros_bot/install/move_base:/home/Malvin/my_ros_bot/install/bot_teleop:/home/Malvin/my_ros_bot/install/arduino_ros:/opt/ros/jazzy LD_LIBRARY_PATH=/home/Malvin/my_ros_bot/install/rosbridge_test_msgs/lib:${LD_LIBRARY_PATH} PS1=(robot_space) \[\e]0;\u@\h: \w\a\]${debian_chroot:+($debian_chroot)}\[\033[01;32m\]\u@\h\[\033[00m\]:\[\033[01;34m\]\w\[\033[00m\]\$ PYTHONPATH=/home/Malvin/my_ros_bot/install/rosbridge_test_msgs/lib/python3.12/site-packages:${PYTHONPATH} VIRTUAL_ENV_PROMPT=(robot_space) /usr/bin/cmake /home/Malvin/my_ros_bot/src/rosbridge_suite/rosbridge_library -DCMAKE_INSTALL_PREFIX=/home/Malvin/my_ros_bot/install/rosbridge_library
[0.357s] -- The C compiler identification is GNU 13.3.0
[0.648s] -- The CXX compiler identification is GNU 13.3.0
[0.737s] -- Detecting C compiler ABI info
[1.227s] -- Detecting C compiler ABI info - done
[1.261s] -- Check for working C compiler: /usr/bin/cc - skipped
[1.262s] -- Detecting C compile features
[1.264s] -- Detecting C compile features - done
[1.316s] -- Detecting CXX compiler ABI info
[1.834s] -- Detecting CXX compiler ABI info - done
[1.869s] -- Check for working CXX compiler: /usr/bin/c++ - skipped
[1.870s] -- Detecting CXX compile features
[1.872s] -- Detecting CXX compile features - done
[1.994s] -- Found ament_cmake_ros: 0.12.0 (/opt/ros/jazzy/share/ament_cmake_ros/cmake)
[2.828s] -- Found Python3: /home/Malvin/robot_space/bin/python3 (found version "3.12.3") found components: Interpreter 
[9.622s] [31mCMake Error at CMakeLists.txt:16 (find_package):
[9.623s]   By not providing "Findament_cmake_mypy.cmake" in CMAKE_MODULE_PATH this
[9.623s]   project has asked CMake to find a package configuration file provided by
[9.624s]   "ament_cmake_mypy", but CMake did not find one.
[9.624s] 
[9.624s]   Could not find a package configuration file provided by "ament_cmake_mypy"
[9.625s]   with any of the following names:
[9.625s] 
[9.625s]     ament_cmake_mypyConfig.cmake
[9.626s]     ament_cmake_mypy-config.cmake
[9.626s] 
[9.627s]   Add the installation prefix of "ament_cmake_mypy" to CMAKE_PREFIX_PATH or
[9.627s]   set "ament_cmake_mypy_DIR" to a directory containing one of the above
[9.628s]   files.  If "ament_cmake_mypy" provides a separate development package or
[9.629s]   SDK, be sure it has been installed.
[9.630s] 
[9.631s] [0m
[9.631s] -- Configuring incomplete, errors occurred!
[9.646s] Invoked command in '/home/Malvin/my_ros_bot/build/rosbridge_library' returned '1': AMENT_PREFIX_PATH=/home/Malvin/my_ros_bot/install/rosbridge_test_msgs:${AMENT_PREFIX_PATH} CMAKE_PREFIX_PATH=/home/Malvin/my_ros_bot/install/rosbridge_test_msgs:/home/Malvin/my_ros_bot/install/ros_bot_sim:/home/Malvin/my_ros_bot/install/ros_bot_imu:/home/Malvin/my_ros_bot/install/ros_bot_camera:/home/Malvin/my_ros_bot/install/pump_controller:/home/Malvin/my_ros_bot/install/onyx_robot:/home/Malvin/my_ros_bot/install/move_base:/home/Malvin/my_ros_bot/install/bot_teleop:/home/Malvin/my_ros_bot/install/arduino_ros:/opt/ros/jazzy LD_LIBRARY_PATH=/home/Malvin/my_ros_bot/install/rosbridge_test_msgs/lib:${LD_LIBRARY_PATH} PS1=(robot_space) \[\e]0;\u@\h: \w\a\]${debian_chroot:+($debian_chroot)}\[\033[01;32m\]\u@\h\[\033[00m\]:\[\033[01;34m\]\w\[\033[00m\]\$ PYTHONPATH=/home/Malvin/my_ros_bot/install/rosbridge_test_msgs/lib/python3.12/site-packages:${PYTHONPATH} VIRTUAL_ENV_PROMPT=(robot_space) /usr/bin/cmake /home/Malvin/my_ros_bot/src/rosbridge_suite/rosbridge_library -DCMAKE_INSTALL_PREFIX=/home/Malvin/my_ros_bot/install/rosbridge_library
