running develop
running egg_info
creating ros_bot_imu.egg-info
writing ros_bot_imu.egg-info/PKG-INFO
writing dependency_links to ros_bot_imu.egg-info/dependency_links.txt
writing entry points to ros_bot_imu.egg-info/entry_points.txt
writing requirements to ros_bot_imu.egg-info/requires.txt
writing top-level names to ros_bot_imu.egg-info/top_level.txt
writing manifest file 'ros_bot_imu.egg-info/SOURCES.txt'
reading manifest file 'ros_bot_imu.egg-info/SOURCES.txt'
writing manifest file 'ros_bot_imu.egg-info/SOURCES.txt'
running build_ext
Creating /home/Malvin/my_ros_bot/install/ros_bot_imu/lib/python3.12/site-packages/ros-bot-imu.egg-link (link to .)
Installing imu_begin script to /home/Malvin/my_ros_bot/install/ros_bot_imu/lib/ros_bot_imu

Installed /home/Malvin/my_ros_bot/build/ros_bot_imu
running symlink_data
creating /home/Malvin/my_ros_bot/install/ros_bot_imu/share/ament_index
creating /home/Malvin/my_ros_bot/install/ros_bot_imu/share/ament_index/resource_index
creating /home/Malvin/my_ros_bot/install/ros_bot_imu/share/ament_index/resource_index/packages
symbolically linking /home/Malvin/my_ros_bot/build/ros_bot_imu/resource/ros_bot_imu -> /home/Malvin/my_ros_bot/install/ros_bot_imu/share/ament_index/resource_index/packages
symbolically linking /home/Malvin/my_ros_bot/build/ros_bot_imu/package.xml -> /home/Malvin/my_ros_bot/install/ros_bot_imu/share/ros_bot_imu
